Archive member included because of file (symbol)

.\CortexM3\ARM_GCC_441\Debug\RS232.a(CyLib.o)
                              .\CortexM3\ARM_GCC_441\Debug\Cm3Start.o (CyResetStatus)
.\CortexM3\ARM_GCC_441\Debug\RS232.a(cyPm.o)
                              .\CortexM3\ARM_GCC_441\Debug\RS232.a(CyLib.o) (CyPmReadStatus)
.\CortexM3\ARM_GCC_441\Debug\RS232.a(LCD.o)
                              .\CortexM3\ARM_GCC_441\Debug\main.o (LCD_WriteControl)
.\CortexM3\ARM_GCC_441\Debug\RS232.a(UART.o)
                              .\CortexM3\ARM_GCC_441\Debug\main.o (UART_Start)
.\CortexM3\ARM_GCC_441\Debug\RS232.a(rx_int.o)
                              .\CortexM3\ARM_GCC_441\Debug\main.o (rx_int_Start)
.\CortexM3\ARM_GCC_441\Debug\RS232.a(PGA_1.o)
                              .\CortexM3\ARM_GCC_441\Debug\main.o (PGA_1_Start)
.\CortexM3\ARM_GCC_441\Debug\RS232.a(VDAC8_1.o)
                              .\CortexM3\ARM_GCC_441\Debug\main.o (VDAC8_1_Start)
.\CortexM3\ARM_GCC_441\Debug\RS232.a(ADC_SAR_1.o)
                              .\CortexM3\ARM_GCC_441\Debug\main.o (ADC_SAR_1_Start)
.\CortexM3\ARM_GCC_441\Debug\RS232.a(ADC_SAR_1_INT.o)
                              .\CortexM3\ARM_GCC_441\Debug\RS232.a(ADC_SAR_1.o) (ADC_SAR_1_ISR)
.\CortexM3\ARM_GCC_441\Debug\RS232.a(ADC_SAR_1_theACLK.o)
                              .\CortexM3\ARM_GCC_441\Debug\RS232.a(ADC_SAR_1.o) (ADC_SAR_1_theACLK_SetModeRegister)
.\CortexM3\ARM_GCC_441\Debug\RS232.a(FFT_ISR.o)
                              .\CortexM3\ARM_GCC_441\Debug\main.o (FFT_ISR_Start)
.\CortexM3\ARM_GCC_441\Debug\RS232.a(Clock_ISR.o)
                              .\CortexM3\ARM_GCC_441\Debug\main.o (Clock_ISR_Start)
.\CortexM3\ARM_GCC_441\Debug\RS232.a(UART_Amulet.o)
                              .\CortexM3\ARM_GCC_441\Debug\main.o (UART_Amulet_Start)
.\CortexM3\ARM_GCC_441\Debug\RS232.a(rx_int_Amulet.o)
                              .\CortexM3\ARM_GCC_441\Debug\main.o (rx_int_Amulet_Start)
.\CortexM3\ARM_GCC_441\Debug\RS232.a(cyfitter_cfg.o)
                              .\CortexM3\ARM_GCC_441\Debug\Cm3Start.o (cyfitter_cfg)
.\CortexM3\ARM_GCC_441\Debug\RS232.a(CyBootAsmGnu.o)
                              .\CortexM3\ARM_GCC_441\Debug\RS232.a(CyLib.o) (CyDelayCycles)
.\CortexM3\ARM_GCC_441\Debug\RS232.a(CyFlash.o)
                              .\CortexM3\ARM_GCC_441\Debug\RS232.a(cyPm.o) (CyFlash_SetWaitCycles)
.\CortexM3\ARM_GCC_441\Debug\RS232.a(CySpc.o)
                              .\CortexM3\ARM_GCC_441\Debug\RS232.a(CyFlash.o) (CySpcStart)
.\CortexM3\ARM_GCC_441\Debug\RS232.a(cyutils.o)
                              .\CortexM3\ARM_GCC_441\Debug\RS232.a(cyfitter_cfg.o) (CySetReg24)
c:/program files/cypress/psoc creator/2.1/psoc creator/import/gnu_cs/arm/4.4.1/bin/../lib/gcc/arm-none-eabi/4.4.1/../../../../arm-none-eabi/lib/thumb2\libm.a(lib_a-w_sqrt.o)
                              .\CortexM3\ARM_GCC_441\Debug\main.o (sqrt)
c:/program files/cypress/psoc creator/2.1/psoc creator/import/gnu_cs/arm/4.4.1/bin/../lib/gcc/arm-none-eabi/4.4.1/../../../../arm-none-eabi/lib/thumb2\libm.a(lib_a-e_sqrt.o)
                              c:/program files/cypress/psoc creator/2.1/psoc creator/import/gnu_cs/arm/4.4.1/bin/../lib/gcc/arm-none-eabi/4.4.1/../../../../arm-none-eabi/lib/thumb2\libm.a(lib_a-w_sqrt.o) (__ieee754_sqrt)
c:/program files/cypress/psoc creator/2.1/psoc creator/import/gnu_cs/arm/4.4.1/bin/../lib/gcc/arm-none-eabi/4.4.1/../../../../arm-none-eabi/lib/thumb2\libm.a(lib_a-s_isnand.o)
                              c:/program files/cypress/psoc creator/2.1/psoc creator/import/gnu_cs/arm/4.4.1/bin/../lib/gcc/arm-none-eabi/4.4.1/../../../../arm-none-eabi/lib/thumb2\libm.a(lib_a-w_sqrt.o) (__isnand)
c:/program files/cypress/psoc creator/2.1/psoc creator/import/gnu_cs/arm/4.4.1/bin/../lib/gcc/arm-none-eabi/4.4.1/../../../../arm-none-eabi/lib/thumb2\libm.a(lib_a-s_lib_ver.o)
                              c:/program files/cypress/psoc creator/2.1/psoc creator/import/gnu_cs/arm/4.4.1/bin/../lib/gcc/arm-none-eabi/4.4.1/../../../../arm-none-eabi/lib/thumb2\libm.a(lib_a-w_sqrt.o) (__fdlib_version)
c:/program files/cypress/psoc creator/2.1/psoc creator/import/gnu_cs/arm/4.4.1/bin/../lib/gcc/arm-none-eabi/4.4.1/../../../../arm-none-eabi/lib/thumb2\libm.a(lib_a-s_matherr.o)
                              c:/program files/cypress/psoc creator/2.1/psoc creator/import/gnu_cs/arm/4.4.1/bin/../lib/gcc/arm-none-eabi/4.4.1/../../../../arm-none-eabi/lib/thumb2\libm.a(lib_a-w_sqrt.o) (matherr)
c:/program files/cypress/psoc creator/2.1/psoc creator/import/gnu_cs/arm/4.4.1/bin/../lib/gcc/arm-none-eabi/4.4.1/thumb2\libgcc.a(_arm_addsubdf3.o)
                              .\CortexM3\ARM_GCC_441\Debug\main.o (__aeabi_dsub)
c:/program files/cypress/psoc creator/2.1/psoc creator/import/gnu_cs/arm/4.4.1/bin/../lib/gcc/arm-none-eabi/4.4.1/thumb2\libgcc.a(_arm_muldivdf3.o)
[...]
Memory Configuration

Name             Origin             Length             Attributes
rom              0x00000000         0x00040000         xr
ram              0x1fff8000         0x0000b000         xrw
*default*        0x00000000         0xffffffff

Linker script and memory map

LOAD c:/program files/cypress/psoc creator/2.1/psoc creator/import/gnu_cs/arm/4.4.1/bin/../lib/gcc/arm-none-eabi/4.4.1/thumb2/crti.o
LOAD c:/program files/cypress/psoc creator/2.1/psoc creator/import/gnu_cs/arm/4.4.1/bin/../lib/gcc/arm-none-eabi/4.4.1/thumb2/crtbegin.o
START GROUP
LOAD .\CortexM3\ARM_GCC_441\Debug\main.o
LOAD .\CortexM3\ARM_GCC_441\Debug\Cm3Start.o
LOAD .\CortexM3\ARM_GCC_441\Debug\RS232.a
LOAD C:\Program Files\Cypress\PSoC Creator\2.1\PSoC Creator\psoc\content\cycomponentlibrary\CyComponentLibrary.cylib\CortexM3\ARM_GCC_441\Debug\CyComponentLibrary.a
LOAD c:/program files/cypress/psoc creator/2.1/psoc creator/import/gnu_cs/arm/4.4.1/bin/../lib/gcc/arm-none-eabi/4.4.1/../../../../arm-none-eabi/lib/thumb2\libm.a
END GROUP
START GROUP
LOAD c:/program files/cypress/psoc creator/2.1/psoc creator/import/gnu_cs/arm/4.4.1/bin/../lib/gcc/arm-none-eabi/4.4.1/thumb2\libgcc.a
LOAD c:/program files/cypress/psoc creator/2.1/psoc creator/import/gnu_cs/arm/4.4.1/bin/../lib/gcc/arm-none-eabi/4.4.1/../../../../arm-none-eabi/lib/thumb2\libc.a
END GROUP
LOAD c:/program files/cypress/psoc creator/2.1/psoc creator/import/gnu_cs/arm/4.4.1/bin/../lib/gcc/arm-none-eabi/4.4.1/thumb2/crtend.o
LOAD c:/program files/cypress/psoc creator/2.1/psoc creator/import/gnu_cs/arm/4.4.1/bin/../lib/gcc/arm-none-eabi/4.4.1/thumb2/crtn.o
START GROUP
LOAD c:/program files/cypress/psoc creator/2.1/psoc creator/import/gnu_cs/arm/4.4.1/bin/../lib/gcc/arm-none-eabi/4.4.1/thumb2\libgcc.a
LOAD c:/program files/cypress/psoc creator/2.1/psoc creator/import/gnu_cs/arm/4.4.1/bin/../lib/gcc/arm-none-eabi/4.4.1/../../../../arm-none-eabi/lib/thumb2\libc.a
LOAD c:/program files/cypress/psoc creator/2.1/psoc creator/import/gnu_cs/arm/4.4.1/bin/../lib/gcc/arm-none-eabi/4.4.1/../../../../arm-none-eabi/lib/thumb2\libcs3.a
LOAD c:/program files/cypress/psoc creator/2.1/psoc creator/import/gnu_cs/arm/4.4.1/bin/../lib/gcc/arm-none-eabi/4.4.1/../../../../arm-none-eabi/lib/thumb2\libcs3unhosted.a
LOAD c:/program files/cypress/psoc creator/2.1/psoc creator/import/gnu_cs/arm/4.4.1/bin/../lib/gcc/arm-none-eabi/4.4.1/../../../../arm-none-eabi/lib/thumb2\libcs3micro.a
END GROUP
                0x1fff8eb8                PROVIDE (__cs3_heap_start, _end)
                0x00000001                PROVIDE (__cs3_region_num, ((__cs3_regions_end - __cs3_regions) / 0x14))
                0x20008000                PROVIDE (__cs3_stack, 0x20008000)
                0x20004000                PROVIDE (__cs3_heap_end, (__cs3_stack - 0x4000))

.text           0x00000000     0x366c
 CREATE_OBJECT_SYMBOLS
                0x00000000                __cs3_interrupt_vector = __cs3_interrupt_vector_micro
 *(.cs3.interrupt_vector)
 .cs3.interrupt_vector
                0x00000000       0xc0 c:/program files/cypress/psoc creator/2.1/psoc creator/import/gnu_cs/arm/4.4.1/bin/../lib/gcc/arm-none-eabi/4.4.1/../../../../arm-none-eabi/lib/thumb2\libcs3micro.a(micro-vector.o)
                0x00000000                __cs3_interrupt_vector_micro
                0x00000001                ASSERT ((. != __cs3_interrupt_vector_micro), No interrupt vector)
                0x00000e2c                PROVIDE (__cs3_reset, Reset)
 *(.cs3.reset)
                0x00000001                ASSERT ((. != __cs3_reset), No reset code)
 *(.dma_init)
                0x00000001                ASSERT ((((0x0 + .) <= 0x10000) || 0x1), DMA Init must be within the first 64k of flash)
 *(.text.cs3.init)
 .text.cs3.init
                0x000000c0       0x5c c:/program files/cypress/psoc creator/2.1/psoc creator/import/gnu_cs/arm/4.4.1/bin/../lib/gcc/arm-none-eabi/4.4.1/../../../../arm-none-eabi/lib/thumb2\libcs3.a(start_c.o)
                0x000000c0                __cs3_start_c
 *(.text .text.* .gnu.linkonce.t.*)
 .text          0x0000011c       0x30 c:/program files/cypress/psoc creator/2.1/psoc creator/import/gnu_cs/arm/4.4.1/bin/../lib/gcc/arm-none-eabi/4.4.1/thumb2/crtbegin.o
 .text.FFT      0x0000014c      0x558 .\CortexM3\ARM_GCC_441\Debug\main.o
                0x0000014c                FFT
 .text.ResetFFT
                0x000006a4       0x80 .\CortexM3\ARM_GCC_441\Debug\main.o
                0x000006a4                ResetFFT
 .text.FFTAVG   0x00000724      0x118 .\CortexM3\ARM_GCC_441\Debug\main.o
                0x00000724                FFTAVG
 .text.updateCurrentTimeMills
                0x0000083c       0x24 .\CortexM3\ARM_GCC_441\Debug\main.o
                0x0000083c                updateCurrentTimeMills
 .text.getCurrentTimeMills
                0x00000860       0x18 .\CortexM3\ARM_GCC_441\Debug\main.o
                0x00000860                getCurrentTimeMills
 .text.UARTPrintFFTBeatInfo8051
                0x00000878       0x70 .\CortexM3\ARM_GCC_441\Debug\main.o
                0x00000878                UARTPrintFFTBeatInfo8051
 .text.UARTPrintFFTBeatInfo8051Amulet
                0x000008e8       0x5c .\CortexM3\ARM_GCC_441\Debug\main.o
                0x000008e8                UARTPrintFFTBeatInfo8051Amulet
 .text.main     0x00000944        0xc .\CortexM3\ARM_GCC_441\Debug\main.o
                0x00000944                main
 .text.ProcessBeats
                0x00000950      0x124 .\CortexM3\ARM_GCC_441\Debug\main.o
                0x00000950                ProcessBeats
 .text.ProcessFFT
                0x00000a74       0x10 .\CortexM3\ARM_GCC_441\Debug\main.o
                0x00000a74                ProcessFFT
 .text.CalculateFFT
                0x00000a84       0xa4 .\CortexM3\ARM_GCC_441\Debug\main.o
                0x00000a84                CalculateFFT
 .text.ProcessAmulet
                0x00000b28      0x238 .\CortexM3\ARM_GCC_441\Debug\main.o
                0x00000b28                ProcessAmulet
 .text.InitBeatStates
                0x00000d60       0x7c .\CortexM3\ARM_GCC_441\Debug\main.o
                0x00000d60                InitBeatStates
 .text.Init     0x00000ddc       0x50 .\CortexM3\ARM_GCC_441\Debug\main.o
                0x00000ddc                Init
 .text.Reset    0x00000e2c       0x24 .\CortexM3\ARM_GCC_441\Debug\Cm3Start.o
                0x00000e2c                Reset
 .text.initialize_psoc
                0x00000e50       0x9c .\CortexM3\ARM_GCC_441\Debug\Cm3Start.o
                0x00000e50                initialize_psoc
 .text.CyHalt   0x00000eec       0x18 .\CortexM3\ARM_GCC_441\Debug\RS232.a(CyLib.o)
                0x00000eec                CyHalt
 .text.CyDelay  0x00000f04       0x48 .\CortexM3\ARM_GCC_441\Debug\RS232.a(CyLib.o)
                0x00000f04                CyDelay
 .text.CyDelayUs
                0x00000f4c       0x28 .\CortexM3\ARM_GCC_441\Debug\RS232.a(CyLib.o)
                0x00000f4c                CyDelayUs
 .text.CyIntSetVector
                0x00000f74       0x68 .\CortexM3\ARM_GCC_441\Debug\RS232.a(CyLib.o)
                0x00000f74                CyIntSetVector
 .text.CyIntSetPriority
                0x00000fdc       0x5c .\CortexM3\ARM_GCC_441\Debug\RS232.a(CyLib.o)
                0x00000fdc                CyIntSetPriority
 .text.CyIntClearPending
                0x00001038       0x48 .\CortexM3\ARM_GCC_441\Debug\RS232.a(CyLib.o)
                0x00001038                CyIntClearPending
 .text.LCD_Init
                0x00001080       0x90 .\CortexM3\ARM_GCC_441\Debug\RS232.a(LCD.o)
                0x00001080                LCD_Init
 .text.LCD_Enable
                0x00001110       0x1c .\CortexM3\ARM_GCC_441\Debug\RS232.a(LCD.o)
                0x00001110                LCD_Enable
 .text.LCD_Start
                0x0000112c       0x2c .\CortexM3\ARM_GCC_441\Debug\RS232.a(LCD.o)
                0x0000112c                LCD_Start
 .text.LCD_PutChar
                0x00001158       0x1c .\CortexM3\ARM_GCC_441\Debug\RS232.a(LCD.o)
                0x00001158                LCD_PutChar
 .text.LCD_WriteData
                0x00001174       0x38 .\CortexM3\ARM_GCC_441\Debug\RS232.a(LCD.o)
                0x00001174                LCD_WriteData
 .text.LCD_WriteControl
                0x000011ac       0x40 .\CortexM3\ARM_GCC_441\Debug\RS232.a(LCD.o)
                0x000011ac                LCD_WriteControl
 .text.LCD_IsReady
                0x000011ec      0x204 .\CortexM3\ARM_GCC_441\Debug\RS232.a(LCD.o)
                0x000011ec                LCD_IsReady
 .text.LCD_WrDatNib
                0x000013f0       0xac .\CortexM3\ARM_GCC_441\Debug\RS232.a(LCD.o)
                0x000013f0                LCD_WrDatNib
 .text.LCD_WrCntrlNib
                0x0000149c       0x8c .\CortexM3\ARM_GCC_441\Debug\RS232.a(LCD.o)
                0x0000149c                LCD_WrCntrlNib
 .text.UART_Start
                0x00001528       0x2c .\CortexM3\ARM_GCC_441\Debug\RS232.a(UART.o)
                0x00001528                UART_Start
 .text.UART_Init
                0x00001554       0x44 .\CortexM3\ARM_GCC_441\Debug\RS232.a(UART.o)
                0x00001554                UART_Init
 .text.UART_Enable
                0x00001598       0x90 .\CortexM3\ARM_GCC_441\Debug\RS232.a(UART.o)
                0x00001598                UART_Enable
 .text.UART_ReadRxData
                0x00001628       0x20 .\CortexM3\ARM_GCC_441\Debug\RS232.a(UART.o)
                0x00001628                UART_ReadRxData
 .text.UART_ClearRxBuffer
                0x00001648       0x54 .\CortexM3\ARM_GCC_441\Debug\RS232.a(UART.o)
                0x00001648                UART_ClearRxBuffer
 .text.UART_PutChar
                0x0000169c       0x34 .\CortexM3\ARM_GCC_441\Debug\RS232.a(UART.o)
                0x0000169c                UART_PutChar
 .text.rx_int_Start
                0x000016d0       0x24 .\CortexM3\ARM_GCC_441\Debug\RS232.a(rx_int.o)
                0x000016d0                rx_int_Start
 .text.rx_int_Interrupt
                0x000016f4       0x20 .\CortexM3\ARM_GCC_441\Debug\RS232.a(rx_int.o)
                0x000016f4                rx_int_Interrupt
 .text.rx_int_SetVector
                0x00001714       0x28 .\CortexM3\ARM_GCC_441\Debug\RS232.a(rx_int.o)
                0x00001714                rx_int_SetVector
 .text.rx_int_SetPriority
                0x0000173c       0x28 .\CortexM3\ARM_GCC_441\Debug\RS232.a(rx_int.o)
                0x0000173c                rx_int_SetPriority
 .text.rx_int_Enable
                0x00001764       0x18 .\CortexM3\ARM_GCC_441\Debug\RS232.a(rx_int.o)
                0x00001764                rx_int_Enable
 .text.rx_int_Disable
                0x0000177c       0x18 .\CortexM3\ARM_GCC_441\Debug\RS232.a(rx_int.o)
                0x0000177c                rx_int_Disable
 .text.PGA_1_Init
                0x00001794       0x50 .\CortexM3\ARM_GCC_441\Debug\RS232.a(PGA_1.o)
                0x00001794                PGA_1_Init
 .text.PGA_1_Enable
                0x000017e4       0x64 .\CortexM3\ARM_GCC_441\Debug\RS232.a(PGA_1.o)
                0x000017e4                PGA_1_Enable
 .text.PGA_1_Start
                0x00001848       0x2c .\CortexM3\ARM_GCC_441\Debug\RS232.a(PGA_1.o)
                0x00001848                PGA_1_Start
 .text.PGA_1_SetPower
                0x00001874       0x40 .\CortexM3\ARM_GCC_441\Debug\RS232.a(PGA_1.o)
                0x00001874                PGA_1_SetPower
 .text.PGA_1_SetGain
                0x000018b4       0xc4 .\CortexM3\ARM_GCC_441\Debug\RS232.a(PGA_1.o)
                0x000018b4                PGA_1_SetGain
 .text.VDAC8_1_Init
                0x00001978       0x34 .\CortexM3\ARM_GCC_441\Debug\RS232.a(VDAC8_1.o)
                0x00001978                VDAC8_1_Init
 .text.VDAC8_1_Enable
                0x000019ac       0x44 .\CortexM3\ARM_GCC_441\Debug\RS232.a(VDAC8_1.o)
                0x000019ac                VDAC8_1_Enable
 .text.VDAC8_1_Start
                0x000019f0       0x34 .\CortexM3\ARM_GCC_441\Debug\RS232.a(VDAC8_1.o)
                0x000019f0                VDAC8_1_Start
 .text.VDAC8_1_SetSpeed
                0x00001a24       0x50 .\CortexM3\ARM_GCC_441\Debug\RS232.a(VDAC8_1.o)
                0x00001a24                VDAC8_1_SetSpeed
 .text.VDAC8_1_SetRange
                0x00001a74       0x54 .\CortexM3\ARM_GCC_441\Debug\RS232.a(VDAC8_1.o)
                0x00001a74                VDAC8_1_SetRange
 .text.VDAC8_1_SetValue
                0x00001ac8       0x20 .\CortexM3\ARM_GCC_441\Debug\RS232.a(VDAC8_1.o)
                0x00001ac8                VDAC8_1_SetValue
 .text.VDAC8_1_DacTrim
                0x00001ae8       0x44 .\CortexM3\ARM_GCC_441\Debug\RS232.a(VDAC8_1.o)
                0x00001ae8                VDAC8_1_DacTrim
 .text.ADC_SAR_1_Start
                0x00001b2c       0x2c .\CortexM3\ARM_GCC_441\Debug\RS232.a(ADC_SAR_1.o)
                0x00001b2c                ADC_SAR_1_Start
 .text.ADC_SAR_1_Init
                0x00001b58       0x5c .\CortexM3\ARM_GCC_441\Debug\RS232.a(ADC_SAR_1.o)
                0x00001b58                ADC_SAR_1_Init
 .text.ADC_SAR_1_Enable
                0x00001bb4      0x148 .\CortexM3\ARM_GCC_441\Debug\RS232.a(ADC_SAR_1.o)
                0x00001bb4                ADC_SAR_1_Enable
 .text.ADC_SAR_1_SetResolution
                0x00001cfc       0x5c .\CortexM3\ARM_GCC_441\Debug\RS232.a(ADC_SAR_1.o)
                0x00001cfc                ADC_SAR_1_SetResolution
 .text.ADC_SAR_1_StartConvert
                0x00001d58       0x28 .\CortexM3\ARM_GCC_441\Debug\RS232.a(ADC_SAR_1.o)
                0x00001d58                ADC_SAR_1_StartConvert
 .text.ADC_SAR_1_IsEndConversion
                0x00001d80       0x4c .\CortexM3\ARM_GCC_441\Debug\RS232.a(ADC_SAR_1.o)
                0x00001d80                ADC_SAR_1_IsEndConversion
 .text.ADC_SAR_1_GetResult16
                0x00001dcc       0x38 .\CortexM3\ARM_GCC_441\Debug\RS232.a(ADC_SAR_1.o)
                0x00001dcc                ADC_SAR_1_GetResult16
 .text.ADC_SAR_1_CalcGain
                0x00001e04       0x84 .\CortexM3\ARM_GCC_441\Debug\RS232.a(ADC_SAR_1.o)
                0x00001e04                ADC_SAR_1_CalcGain
 .text.ADC_SAR_1_ISR
                0x00001e88        0xc .\CortexM3\ARM_GCC_441\Debug\RS232.a(ADC_SAR_1_INT.o)
                0x00001e88                ADC_SAR_1_ISR
 .text.ADC_SAR_1_theACLK_SetModeRegister
                0x00001e94       0x38 .\CortexM3\ARM_GCC_441\Debug\RS232.a(ADC_SAR_1_theACLK.o)
                0x00001e94                ADC_SAR_1_theACLK_SetModeRegister
 .text.FFT_ISR_Start
                0x00001ecc       0x24 .\CortexM3\ARM_GCC_441\Debug\RS232.a(FFT_ISR.o)
                0x00001ecc                FFT_ISR_Start
 .text.FFT_ISR_Interrupt
                0x00001ef0        0xc .\CortexM3\ARM_GCC_441\Debug\RS232.a(FFT_ISR.o)
                0x00001ef0                FFT_ISR_Interrupt
 .text.FFT_ISR_SetVector
                0x00001efc       0x28 .\CortexM3\ARM_GCC_441\Debug\RS232.a(FFT_ISR.o)
                0x00001efc                FFT_ISR_SetVector
 .text.FFT_ISR_SetPriority
                0x00001f24       0x28 .\CortexM3\ARM_GCC_441\Debug\RS232.a(FFT_ISR.o)
                0x00001f24                FFT_ISR_SetPriority
 .text.FFT_ISR_Enable
                0x00001f4c       0x18 .\CortexM3\ARM_GCC_441\Debug\RS232.a(FFT_ISR.o)
                0x00001f4c                FFT_ISR_Enable
 .text.FFT_ISR_Disable
                0x00001f64       0x18 .\CortexM3\ARM_GCC_441\Debug\RS232.a(FFT_ISR.o)
                0x00001f64                FFT_ISR_Disable
 .text.Clock_ISR_Start
                0x00001f7c       0x24 .\CortexM3\ARM_GCC_441\Debug\RS232.a(Clock_ISR.o)
                0x00001f7c                Clock_ISR_Start
 .text.Clock_ISR_Interrupt
                0x00001fa0        0xc .\CortexM3\ARM_GCC_441\Debug\RS232.a(Clock_ISR.o)
                0x00001fa0                Clock_ISR_Interrupt
 .text.Clock_ISR_SetVector
                0x00001fac       0x28 .\CortexM3\ARM_GCC_441\Debug\RS232.a(Clock_ISR.o)
                0x00001fac                Clock_ISR_SetVector
 .text.Clock_ISR_SetPriority
                0x00001fd4       0x28 .\CortexM3\ARM_GCC_441\Debug\RS232.a(Clock_ISR.o)
                0x00001fd4                Clock_ISR_SetPriority
 .text.Clock_ISR_Enable
                0x00001ffc       0x18 .\CortexM3\ARM_GCC_441\Debug\RS232.a(Clock_ISR.o)
                0x00001ffc                Clock_ISR_Enable
 .text.Clock_ISR_Disable
                0x00002014       0x18 .\CortexM3\ARM_GCC_441\Debug\RS232.a(Clock_ISR.o)
                0x00002014                Clock_ISR_Disable
 .text.UART_Amulet_Start
                0x0000202c       0x2c .\CortexM3\ARM_GCC_441\Debug\RS232.a(UART_Amulet.o)
                0x0000202c                UART_Amulet_Start
 .text.UART_Amulet_Init
                0x00002058       0x44 .\CortexM3\ARM_GCC_441\Debug\RS232.a(UART_Amulet.o)
                0x00002058                UART_Amulet_Init
 .text.UART_Amulet_Enable
                0x0000209c       0x90 .\CortexM3\ARM_GCC_441\Debug\RS232.a(UART_Amulet.o)
                0x0000209c                UART_Amulet_Enable
 .text.UART_Amulet_ReadRxData
                0x0000212c       0x20 .\CortexM3\ARM_GCC_441\Debug\RS232.a(UART_Amulet.o)
                0x0000212c                UART_Amulet_ReadRxData
 .text.UART_Amulet_ClearRxBuffer
                0x0000214c       0x54 .\CortexM3\ARM_GCC_441\Debug\RS232.a(UART_Amulet.o)
                0x0000214c                UART_Amulet_ClearRxBuffer
 .text.rx_int_Amulet_Start
                0x000021a0       0x24 .\CortexM3\ARM_GCC_441\Debug\RS232.a(rx_int_Amulet.o)
                0x000021a0                rx_int_Amulet_Start
 .text.rx_int_Amulet_Interrupt
                0x000021c4       0x28 .\CortexM3\ARM_GCC_441\Debug\RS232.a(rx_int_Amulet.o)
                0x000021c4                rx_int_Amulet_Interrupt
 .text.rx_int_Amulet_SetVector
                0x000021ec       0x28 .\CortexM3\ARM_GCC_441\Debug\RS232.a(rx_int_Amulet.o)
                0x000021ec                rx_int_Amulet_SetVector
 .text.rx_int_Amulet_SetPriority
                0x00002214       0x28 .\CortexM3\ARM_GCC_441\Debug\RS232.a(rx_int_Amulet.o)
                0x00002214                rx_int_Amulet_SetPriority
 .text.rx_int_Amulet_Enable
                0x0000223c       0x18 .\CortexM3\ARM_GCC_441\Debug\RS232.a(rx_int_Amulet.o)
                0x0000223c                rx_int_Amulet_Enable
 .text.rx_int_Amulet_Disable
                0x00002254       0x18 .\CortexM3\ARM_GCC_441\Debug\RS232.a(rx_int_Amulet.o)
                0x00002254                rx_int_Amulet_Disable
 .text.cfg_write_bytes32
                0x0000226c       0x94 .\CortexM3\ARM_GCC_441\Debug\RS232.a(cyfitter_cfg.o)
 .text.ClockSetup
                0x00002300      0x1e8 .\CortexM3\ARM_GCC_441\Debug\RS232.a(cyfitter_cfg.o)
 .text.AnalogSetDefault
                0x000024e8       0xb0 .\CortexM3\ARM_GCC_441\Debug\RS232.a(cyfitter_cfg.o)
                0x000024e8                AnalogSetDefault
 .text.cyfitter_cfg
                0x00002598      0x1d8 .\CortexM3\ARM_GCC_441\Debug\RS232.a(cyfitter_cfg.o)
                0x00002598                cyfitter_cfg
 .text          0x00002770       0x20 .\CortexM3\ARM_GCC_441\Debug\RS232.a(CyBootAsmGnu.o)
                0x00002770                CyDelayCycles
                0x00002780                CyEnterCriticalSection
                0x00002788                CyExitCriticalSection
 .text.CySetReg24
                0x00002790       0x4c .\CortexM3\ARM_GCC_441\Debug\RS232.a(cyutils.o)
                0x00002790                CySetReg24
 .text          0x000027dc       0xac c:/program files/cypress/psoc creator/2.1/psoc creator/import/gnu_cs/arm/4.4.1/bin/../lib/gcc/arm-none-eabi/4.4.1/../../../../arm-none-eabi/lib/thumb2\libm.a(lib_a-w_sqrt.o)
                0x000027dc                sqrt
 .text          0x00002888      0x1dc c:/program files/cypress/psoc creator/2.1/psoc creator/import/gnu_cs/arm/4.4.1/bin/../lib/gcc/arm-none-eabi/4.4.1/../../../../arm-none-eabi/lib/thumb2\libm.a(lib_a-e_sqrt.o)
                0x00002888                __ieee754_sqrt
 .text          0x00002a64       0x1c c:/program files/cypress/psoc creator/2.1/psoc creator/import/gnu_cs/arm/4.4.1/bin/../lib/gcc/arm-none-eabi/4.4.1/../../../../arm-none-eabi/lib/thumb2\libm.a(lib_a-s_isnand.o)
                0x00002a64                __isnand
 .text          0x00002a80        0x4 c:/program files/cypress/psoc creator/2.1/psoc creator/import/gnu_cs/arm/4.4.1/bin/../lib/gcc/arm-none-eabi/4.4.1/../../../../arm-none-eabi/lib/thumb2\libm.a(lib_a-s_matherr.o)
                0x00002a80                matherr
 .text          0x00002a84      0x370 c:/program files/cypress/psoc creator/2.1/psoc creator/import/gnu_cs/arm/4.4.1/bin/../lib/gcc/arm-none-eabi/4.4.1/thumb2\libgcc.a(_arm_addsubdf3.o)
                0x00002a84                __aeabi_drsub
                0x00002a8c                __aeabi_dsub
                0x00002a8c                __subdf3
                0x00002a90                __aeabi_dadd
                0x00002a90                __adddf3
                0x00002d08                __floatunsidf
                0x00002d08                __aeabi_ui2d
                0x00002d28                __floatsidf
                0x00002d28                __aeabi_i2d
                0x00002d4c                __aeabi_f2d
                0x00002d4c                __extendsfdf2
                0x00002d88                __floatundidf
                0x00002d88                __aeabi_ul2d
                0x00002d98                __floatdidf
                0x00002d98                __aeabi_l2d
 .text          0x00002df4      0x424 c:/program files/cypress/psoc creator/2.1/psoc creator/import/gnu_cs/arm/4.4.1/bin/../lib/gcc/arm-none-eabi/4.4.1/thumb2\libgcc.a(_arm_muldivdf3.o)
                0x00002df4                __aeabi_dmul
                0x00002df4                __muldf3
                0x00003048                __divdf3
                0x00003048                __aeabi_ddiv
 .text          0x00003218      0x110 c:/program files/cypress/psoc creator/2.1/psoc creator/import/gnu_cs/arm/4.4.1/bin/../lib/gcc/arm-none-eabi/4.4.1/thumb2\libgcc.a(_arm_cmpdf2.o)
                0x00003218                __gtdf2
                0x00003218                __gedf2
                0x00003220                __ltdf2
                0x00003220                __ledf2
                0x00003228                __nedf2
                0x00003228                __eqdf2
                0x00003228                __cmpdf2
                0x000032a4                __aeabi_cdrcmple
                0x000032b4                __aeabi_cdcmpeq
                0x000032b4                __aeabi_cdcmple
                0x000032c4                __aeabi_dcmpeq
                0x000032d8                __aeabi_dcmplt
                0x000032ec                __aeabi_dcmple
                0x00003300                __aeabi_dcmpge
                0x00003314                __aeabi_dcmpgt
 .text          0x00003328       0x50 c:/program files/cypress/psoc creator/2.1/psoc creator/import/gnu_cs/arm/4.4.1/bin/../lib/gcc/arm-none-eabi/4.4.1/thumb2\libgcc.a(_arm_fixdfsi.o)
                0x00003328                __aeabi_d2iz
                0x00003328                __fixdfsi
 .text          0x00003378        0xc c:/program files/cypress/psoc creator/2.1/psoc creator/import/gnu_cs/arm/4.4.1/bin/../lib/gcc/arm-none-eabi/4.4.1/../../../../arm-none-eabi/lib/thumb2\libc.a(lib_a-errno.o)
                0x00003378                __errno
 .text          0x00003384      0x190 c:/program files/cypress/psoc creator/2.1/psoc creator/import/gnu_cs/arm/4.4.1/bin/../lib/gcc/arm-none-eabi/4.4.1/../../../../arm-none-eabi/lib/thumb2\libc.a(lib_a-memcpy.o)
                0x00003384                memcpy
 .text          0x00003514       0xd4 c:/program files/cypress/psoc creator/2.1/psoc creator/import/gnu_cs/arm/4.4.1/bin/../lib/gcc/arm-none-eabi/4.4.1/../../../../arm-none-eabi/lib/thumb2\libc.a(lib_a-memset.o)
                0x00003514                memset
 .text          0x000035e8       0x30 c:/program files/cypress/psoc creator/2.1/psoc creator/import/gnu_cs/arm/4.4.1/bin/../lib/gcc/arm-none-eabi/4.4.1/../../../../arm-none-eabi/lib/thumb2\libcs3.a(start_c.o)
                0x000035e8                __cs3_premain
 .text          0x00003618        0x2 c:/program files/cypress/psoc creator/2.1/psoc creator/import/gnu_cs/arm/4.4.1/bin/../lib/gcc/arm-none-eabi/4.4.1/../../../../arm-none-eabi/lib/thumb2\libcs3micro.a(micro_isr_interrupt.o)
                0x00003618                __cs3_isr_external_24
                0x00003618                __cs3_isr_external_9
                0x00003618                __cs3_isr_external_14
                0x00003618                __cs3_isr_reserved_9
                0x00003618                __cs3_isr_external_4
                0x00003618                __cs3_isr_external_21
                0x00003618                __cs3_isr_external_0
                0x00003618                __cs3_isr_external_27
                0x00003618                __cs3_isr_external_11
                0x00003618                __cs3_isr_usage_fault
                0x00003618                __cs3_isr_svcall
                0x00003618                __cs3_isr_external_3
                0x00003618                __cs3_isr_mpu_fault
                0x00003618                __cs3_isr_external_16
                0x00003618                __cs3_isr_pendsv
                0x00003618                __cs3_isr_external_31
                0x00003618                __cs3_isr_nmi
                0x00003618                __cs3_isr_external_5
                0x00003618                __cs3_isr_external_6
                0x00003618                __cs3_isr_external_12
                0x00003618                __cs3_isr_hard_fault
                0x00003618                __cs3_isr_bus_fault
                0x00003618                __cs3_isr_external_1
                0x00003618                __cs3_isr_external_13
                0x00003618                __cs3_isr_external_30
                0x00003618                __cs3_isr_external_23
                0x00003618                __cs3_isr_external_20
                0x00003618                __cs3_isr_debug
                0x00003618                __cs3_isr_reserved_13
                0x00003618                __cs3_isr_external_8
                0x00003618                __cs3_isr_external_26
                0x00003618                __cs3_isr_reserved_8
                0x00003618                __cs3_isr_reserved_7
                0x00003618                __cs3_isr_external_7
                0x00003618                __cs3_isr_external_28
                0x00003618                __cs3_isr_systick
                0x00003618                __cs3_isr_external_22
                0x00003618                __cs3_isr_external_10
                0x00003618                __cs3_isr_external_15
                0x00003618                __cs3_isr_interrupt
                0x00003618                __cs3_isr_external_18
                0x00003618                __cs3_isr_external_29
                0x00003618                __cs3_isr_external_25
                0x00003618                __cs3_isr_reserved_10
                0x00003618                __cs3_isr_external_2
                0x00003618                __cs3_isr_external_17
                0x00003618                __cs3_isr_external_19
 *fill*         0x0000361a        0x2 00
 .text          0x0000361c       0x50 c:/program files/cypress/psoc creator/2.1/psoc creator/import/gnu_cs/arm/4.4.1/bin/../lib/gcc/arm-none-eabi/4.4.1/../../../../arm-none-eabi/lib/thumb2\libc.a(lib_a-init.o)
                0x0000361c                __libc_init_array
 *(.plt)
 *(.gnu.warning)
 *(.glue_7t)
 .glue_7t       0x00000000        0x0 linker stubs
 *(.glue_7)
 .glue_7        0x00000000        0x0 linker stubs
 *(.vfp11_veneer)
 .vfp11_veneer  0x00000000        0x0 linker stubs
 *(.bootloader)
 *(.ARM.extab* .gnu.linkonce.armextab.*)
 *(.gcc_except_table)

.v4_bx          0x0000366c        0x0
 .v4_bx         0x00000000        0x0 linker stubs

.eh_frame_hdr
 *(.eh_frame_hdr)

.eh_frame
 *(.eh_frame)
                0x0000366c                PROVIDE (__exidx_start, .)

.ARM.exidx
 *(.ARM.exidx* .gnu.linkonce.armexidx.*)
                0x0000366c                __exidx_end = .

.rodata         0x0000366c       0x9c
 *(.rodata .rodata.* .gnu.linkonce.r.*)
 .rodata        0x0000366c        0xc .\CortexM3\ARM_GCC_441\Debug\main.o
                0x0000366c                BEAT_TIMEOUT_MILLS
 .rodata        0x00003678       0x18 .\CortexM3\ARM_GCC_441\Debug\RS232.a(PGA_1.o)
                0x00003678                PGA_1_GainArray
                0x00003684                PGA_1_GainComp
 .rodata        0x00003690       0x30 .\CortexM3\ARM_GCC_441\Debug\RS232.a(cyfitter_cfg.o)
 .rodata.str1.4
                0x000036c0        0x5 c:/program files/cypress/psoc creator/2.1/psoc creator/import/gnu_cs/arm/4.4.1/bin/../lib/gcc/arm-none-eabi/4.4.1/../../../../arm-none-eabi/lib/thumb2\libm.a(lib_a-w_sqrt.o)
                                  0x8 (size before relaxing)
 *fill*         0x000036c5        0x3 00
 .rodata.str1.4
                0x000036c8        0x4 c:/program files/cypress/psoc creator/2.1/psoc creator/import/gnu_cs/arm/4.4.1/bin/../lib/gcc/arm-none-eabi/4.4.1/../../../../arm-none-eabi/lib/thumb2\libc.a(lib_a-impure.o)
                0x000036cc                . = ALIGN (0x4)
 *(.init)
 .init          0x000036cc        0x4 c:/program files/cypress/psoc creator/2.1/psoc creator/import/gnu_cs/arm/4.4.1/bin/../lib/gcc/arm-none-eabi/4.4.1/thumb2/crti.o
                0x000036cc                _init
 .init          0x000036d0        0x8 c:/program files/cypress/psoc creator/2.1/psoc creator/import/gnu_cs/arm/4.4.1/bin/../lib/gcc/arm-none-eabi/4.4.1/thumb2/crtn.o
                0x000036d8                . = ALIGN (0x4)
                0x000036d8                __preinit_array_start = .
 *(.preinit_array)
                0x000036d8                __preinit_array_end = .
                0x000036d8                . = ALIGN (0x4)
                0x000036d8                __init_array_start = .
 *(SORT(.init_array.*))
 *(.init_array)
 .init_array    0x000036d8        0x4 c:/program files/cypress/psoc creator/2.1/psoc creator/import/gnu_cs/arm/4.4.1/bin/../lib/gcc/arm-none-eabi/4.4.1/thumb2/crtbegin.o
 .init_array    0x000036dc        0x4 .\CortexM3\ARM_GCC_441\Debug\Cm3Start.o
                0x000036e0                __init_array_end = .
                0x000036e0                . = ALIGN (0x4)
 *(.fini)
 .fini          0x000036e0        0x4 c:/program files/cypress/psoc creator/2.1/psoc creator/import/gnu_cs/arm/4.4.1/bin/../lib/gcc/arm-none-eabi/4.4.1/thumb2/crti.o
                0x000036e0                _fini
 .fini          0x000036e4        0x8 c:/program files/cypress/psoc creator/2.1/psoc creator/import/gnu_cs/arm/4.4.1/bin/../lib/gcc/arm-none-eabi/4.4.1/thumb2/crtn.o
                0x000036ec                . = ALIGN (0x4)
                0x000036ec                __fini_array_start = .
 *(.fini_array)
 .fini_array    0x000036ec        0x4 c:/program files/cypress/psoc creator/2.1/psoc creator/import/gnu_cs/arm/4.4.1/bin/../lib/gcc/arm-none-eabi/4.4.1/thumb2/crtbegin.o
 *(SORT(.fini_array.*))
                0x000036f0                __fini_array_end = .
                0x000036f0                . = ALIGN (0x4)
 *crtbegin.o(.ctors)
 *(EXCLUDE_FILE(*crtend.o) .ctors)
 *(SORT(.ctors.*))
 *crtend.o(.ctors)
                0x000036f0                . = ALIGN (0x4)
 *crtbegin.o(.dtors)
 *(EXCLUDE_FILE(*crtend.o) .dtors)
 *(SORT(.dtors.*))
 *crtend.o(.dtors)
                0x000036f0                . = ALIGN (0x4)
                0x000036f0                __cs3_regions = .
                0x000036f0        0x4 LONG 0x0
                0x000036f4        0x4 LONG 0x3708 __cs3_region_init_ram
                0x000036f8        0x4 LONG 0x1fff8000 __cs3_region_start_ram
                0x000036fc        0x4 LONG 0x210 __cs3_region_init_size_ram
                0x00003700        0x4 LONG 0xca8 __cs3_region_zero_size_ram
                0x00003704                __cs3_regions_end = .
                0x00003708                . = ALIGN (0x8)
 *fill*         0x00003704        0x4 00
                0x00003708                _etext = .

.data           0x1fff8000      0x210 load address 0x00003708
                0x1fff8000                __cs3_region_start_ram = .
 *(.cs3.region-head.ram)
                0x1fff8001                ASSERT ((. == __cs3_region_start_ram), .cs3.region-head.ram not permitted)
 *(.ramvectors)
 .ramvectors    0x1fff8000      0x100 .\CortexM3\ARM_GCC_441\Debug\Cm3Start.o
                0x1fff8000                CyRamVectors
 *(.jcr)
 .jcr           0x1fff8100        0x0 c:/program files/cypress/psoc creator/2.1/psoc creator/import/gnu_cs/arm/4.4.1/bin/../lib/gcc/arm-none-eabi/4.4.1/thumb2/crtbegin.o
 .jcr           0x1fff8100        0x4 c:/program files/cypress/psoc creator/2.1/psoc creator/import/gnu_cs/arm/4.4.1/bin/../lib/gcc/arm-none-eabi/4.4.1/thumb2/crtend.o
 *(.got.plt)
 *(.got)
 *(.shdata)
 *(.data .data.* .gnu.linkonce.d.*)
 .data          0x1fff8104       0x10 .\CortexM3\ARM_GCC_441\Debug\RS232.a(CyLib.o)
                0x1fff8104                cydelay_freq_hz
                0x1fff8108                cydelay_freq_khz
                0x1fff810c                cydelay_freq_mhz
                0x1fff8110                cydelay_32k_ms
 .data          0x1fff8114        0x1 c:/program files/cypress/psoc creator/2.1/psoc creator/import/gnu_cs/arm/4.4.1/bin/../lib/gcc/arm-none-eabi/4.4.1/../../../../arm-none-eabi/lib/thumb2\libm.a(lib_a-s_lib_ver.o)
                0x1fff8114                __fdlib_version
 *fill*         0x1fff8115        0x3 00
 .data          0x1fff8118       0xf4 c:/program files/cypress/psoc creator/2.1/psoc creator/import/gnu_cs/arm/4.4.1/bin/../lib/gcc/arm-none-eabi/4.4.1/../../../../arm-none-eabi/lib/thumb2\libc.a(lib_a-impure.o)
                0x1fff8118                _impure_ptr
                0x1fff8210                . = ALIGN (0x8)
 *fill*         0x1fff820c        0x4 00
 *(.ram)
                0x1fff8210                _edata = .

.bss            0x1fff8210      0xca8 load address 0x00003918
 *(.shbss)
 *(.bss .bss.* .gnu.linkonce.b.*)
 .bss           0x1fff8210        0x1 c:/program files/cypress/psoc creator/2.1/psoc creator/import/gnu_cs/arm/4.4.1/bin/../lib/gcc/arm-none-eabi/4.4.1/thumb2/crtbegin.o
 *fill*         0x1fff8211        0x7 00
 .bss           0x1fff8218      0xc58 .\CortexM3\ARM_GCC_441\Debug\main.o
                0x1fff8218                mod
                0x1fff8618                data_re
                0x1fff8a18                data_imm
                0x1fff8e18                mod_avg
                0x1fff8e58                currentTimeMills
                0x1fff8e5c                adcResult
                0x1fff8e60                zero
                0x1fff8e68                global_i
 .bss           0x1fff8e70        0x2 .\CortexM3\ARM_GCC_441\Debug\RS232.a(LCD.o)
                0x1fff8e70                LCD_enableState
                0x1fff8e71                LCD_initVar
 .bss           0x1fff8e72        0x2 .\CortexM3\ARM_GCC_441\Debug\RS232.a(UART.o)
                0x1fff8e72                UART_initVar
 .bss           0x1fff8e74        0x1 .\CortexM3\ARM_GCC_441\Debug\RS232.a(PGA_1.o)
                0x1fff8e74                PGA_1_initVar
 .bss           0x1fff8e75        0x1 .\CortexM3\ARM_GCC_441\Debug\RS232.a(VDAC8_1.o)
                0x1fff8e75                VDAC8_1_initVar
 .bss           0x1fff8e76        0x1 .\CortexM3\ARM_GCC_441\Debug\RS232.a(ADC_SAR_1.o)
                0x1fff8e76                ADC_SAR_1_initVar
 .bss           0x1fff8e77        0x2 .\CortexM3\ARM_GCC_441\Debug\RS232.a(UART_Amulet.o)
                0x1fff8e77                UART_Amulet_initVar
 *(COMMON)
 *fill*         0x1fff8e79        0x7 00
 COMMON         0x1fff8e80       0x30 .\CortexM3\ARM_GCC_441\Debug\main.o
                0x1fff8e80                beat1
                0x1fff8e90                ind
                0x1fff8e98                max
                0x1fff8ea0                beat2
 COMMON         0x1fff8eb0        0x1 .\CortexM3\ARM_GCC_441\Debug\RS232.a(CyLib.o)
                0x1fff8eb0                CyResetStatus
 *fill*         0x1fff8eb1        0x1 00
 COMMON         0x1fff8eb2        0x6 .\CortexM3\ARM_GCC_441\Debug\RS232.a(ADC_SAR_1.o)
                0x1fff8eb2                ADC_SAR_1_countsPerVolt
                0x1fff8eb4                ADC_SAR_1_shift
                0x1fff8eb6                ADC_SAR_1_offset
                0x1fff8eb8                . = ALIGN (0x8)
 *(.ram.b)
                0x1fff8eb8                _end = .
                0x1fff8eb8                __end = .
                0x20003000                __cs3_region_end_ram = (__cs3_region_start_ram + 0xb000)
                0x0000b000                __cs3_region_size_ram = 0xb000
                0x00003708                __cs3_region_init_ram = LOADADDR (.data)
                0x00000210                __cs3_region_init_size_ram = (_edata - ADDR (.data))
                0x00000ca8                __cs3_region_zero_size_ram = (_end - _edata)

.stab
 *(.stab)

.stabstr
 *(.stabstr)

.debug
 *(.debug)

.line
 *(.line)

.debug_srcinfo
 *(.debug_srcinfo)

.debug_sfnames
 *(.debug_sfnames)

.comment        0x00000000      0x35c
 .comment       0x00000000       0x2b .\CortexM3\ARM_GCC_441\Debug\main.o
 .comment       0x0000002b       0x2b .\CortexM3\ARM_GCC_441\Debug\Cm3Start.o
 .comment       0x00000056       0x2b .\CortexM3\ARM_GCC_441\Debug\RS232.a(CyLib.o)
 .comment       0x00000081       0x2b .\CortexM3\ARM_GCC_441\Debug\RS232.a(cyPm.o)
 .comment       0x000000ac       0x2b .\CortexM3\ARM_GCC_441\Debug\RS232.a(LCD.o)
 .comment       0x000000d7       0x2b .\CortexM3\ARM_GCC_441\Debug\RS232.a(UART.o)
 .comment       0x00000102       0x2b .\CortexM3\ARM_GCC_441\Debug\RS232.a(rx_int.o)
 .comment       0x0000012d       0x2b .\CortexM3\ARM_GCC_441\Debug\RS232.a(PGA_1.o)
 .comment       0x00000158       0x2b .\CortexM3\ARM_GCC_441\Debug\RS232.a(VDAC8_1.o)
 .comment       0x00000183       0x2b .\CortexM3\ARM_GCC_441\Debug\RS232.a(ADC_SAR_1.o)
 .comment       0x000001ae       0x2b .\CortexM3\ARM_GCC_441\Debug\RS232.a(ADC_SAR_1_INT.o)
 .comment       0x000001d9       0x2b .\CortexM3\ARM_GCC_441\Debug\RS232.a(ADC_SAR_1_theACLK.o)
 .comment       0x00000204       0x2b .\CortexM3\ARM_GCC_441\Debug\RS232.a(FFT_ISR.o)
 .comment       0x0000022f       0x2b .\CortexM3\ARM_GCC_441\Debug\RS232.a(Clock_ISR.o)
 .comment       0x0000025a       0x2b .\CortexM3\ARM_GCC_441\Debug\RS232.a(UART_Amulet.o)
 .comment       0x00000285       0x2b .\CortexM3\ARM_GCC_441\Debug\RS232.a(rx_int_Amulet.o)
 .comment       0x000002b0       0x2b .\CortexM3\ARM_GCC_441\Debug\RS232.a(cyfitter_cfg.o)
 .comment       0x000002db       0x2b .\CortexM3\ARM_GCC_441\Debug\RS232.a(CyFlash.o)
 .comment       0x00000306       0x2b .\CortexM3\ARM_GCC_441\Debug\RS232.a(CySpc.o)
 .comment       0x00000331       0x2b .\CortexM3\ARM_GCC_441\Debug\RS232.a(cyutils.o)

.debug_aranges  0x00000000      0xba0
 *(.debug_aranges)
 .debug_aranges
                0x00000000       0xa8 .\CortexM3\ARM_GCC_441\Debug\main.o
 .debug_aranges
                0x000000a8       0x30 .\CortexM3\ARM_GCC_441\Debug\Cm3Start.o
 .debug_aranges
                0x000000d8      0x238 .\CortexM3\ARM_GCC_441\Debug\RS232.a(CyLib.o)
 .debug_aranges
                0x00000310       0xa0 .\CortexM3\ARM_GCC_441\Debug\RS232.a(cyPm.o)
 .debug_aranges
                0x000003b0       0x90 .\CortexM3\ARM_GCC_441\Debug\RS232.a(LCD.o)
 .debug_aranges
                0x00000440       0xf0 .\CortexM3\ARM_GCC_441\Debug\RS232.a(UART.o)
 .debug_aranges
                0x00000530       0x80 .\CortexM3\ARM_GCC_441\Debug\RS232.a(rx_int.o)
 .debug_aranges
                0x000005b0       0x48 .\CortexM3\ARM_GCC_441\Debug\RS232.a(PGA_1.o)
 .debug_aranges
                0x000005f8       0x58 .\CortexM3\ARM_GCC_441\Debug\RS232.a(VDAC8_1.o)
 .debug_aranges
                0x00000650       0xb0 .\CortexM3\ARM_GCC_441\Debug\RS232.a(ADC_SAR_1.o)
 .debug_aranges
                0x00000700       0x20 .\CortexM3\ARM_GCC_441\Debug\RS232.a(ADC_SAR_1_INT.o)
 .debug_aranges
                0x00000720       0x80 .\CortexM3\ARM_GCC_441\Debug\RS232.a(ADC_SAR_1_theACLK.o)
 .debug_aranges
                0x000007a0       0x80 .\CortexM3\ARM_GCC_441\Debug\RS232.a(FFT_ISR.o)
 .debug_aranges
                0x00000820       0x80 .\CortexM3\ARM_GCC_441\Debug\RS232.a(Clock_ISR.o)
 .debug_aranges
                0x000008a0       0xf0 .\CortexM3\ARM_GCC_441\Debug\RS232.a(UART_Amulet.o)
 .debug_aranges
                0x00000990       0x80 .\CortexM3\ARM_GCC_441\Debug\RS232.a(rx_int_Amulet.o)
 .debug_aranges
                0x00000a10       0x48 .\CortexM3\ARM_GCC_441\Debug\RS232.a(cyfitter_cfg.o)
 .debug_aranges
                0x00000a58       0x20 .\CortexM3\ARM_GCC_441\Debug\RS232.a(CyBootAsmGnu.o)
 .debug_aranges
                0x00000a78       0x78 .\CortexM3\ARM_GCC_441\Debug\RS232.a(CyFlash.o)
 .debug_aranges
                0x00000af0       0x90 .\CortexM3\ARM_GCC_441\Debug\RS232.a(CySpc.o)
 .debug_aranges
                0x00000b80       0x20 .\CortexM3\ARM_GCC_441\Debug\RS232.a(cyutils.o)

.debug_pubnames
                0x00000000     0x1d8c
 *(.debug_pubnames)
 .debug_pubnames
                0x00000000      0x1fe .\CortexM3\ARM_GCC_441\Debug\main.o
 .debug_pubnames
                0x000001fe       0x57 .\CortexM3\ARM_GCC_441\Debug\Cm3Start.o
 .debug_pubnames
                0x00000255      0x614 .\CortexM3\ARM_GCC_441\Debug\RS232.a(CyLib.o)
 .debug_pubnames
                0x00000869       0xbb .\CortexM3\ARM_GCC_441\Debug\RS232.a(cyPm.o)
 .debug_pubnames
                0x00000924      0x14d .\CortexM3\ARM_GCC_441\Debug\RS232.a(LCD.o)
 .debug_pubnames
                0x00000a71      0x264 .\CortexM3\ARM_GCC_441\Debug\RS232.a(UART.o)
 .debug_pubnames
                0x00000cd5      0x11a .\CortexM3\ARM_GCC_441\Debug\RS232.a(rx_int.o)
 .debug_pubnames
                0x00000def       0xaf .\CortexM3\ARM_GCC_441\Debug\RS232.a(PGA_1.o)
 .debug_pubnames
                0x00000e9e       0xc0 .\CortexM3\ARM_GCC_441\Debug\RS232.a(VDAC8_1.o)
 .debug_pubnames
                0x00000f5e      0x246 .\CortexM3\ARM_GCC_441\Debug\RS232.a(ADC_SAR_1.o)
 .debug_pubnames
                0x000011a4       0x24 .\CortexM3\ARM_GCC_441\Debug\RS232.a(ADC_SAR_1_INT.o)
 .debug_pubnames
                0x000011c8      0x1f0 .\CortexM3\ARM_GCC_441\Debug\RS232.a(ADC_SAR_1_theACLK.o)
 .debug_pubnames
                0x000013b8      0x127 .\CortexM3\ARM_GCC_441\Debug\RS232.a(FFT_ISR.o)
 .debug_pubnames
                0x000014df      0x141 .\CortexM3\ARM_GCC_441\Debug\RS232.a(Clock_ISR.o)
 .debug_pubnames
                0x00001620      0x328 .\CortexM3\ARM_GCC_441\Debug\RS232.a(UART_Amulet.o)
 .debug_pubnames
                0x00001948      0x175 .\CortexM3\ARM_GCC_441\Debug\RS232.a(rx_int_Amulet.o)
 .debug_pubnames
                0x00001abd       0x52 .\CortexM3\ARM_GCC_441\Debug\RS232.a(cyfitter_cfg.o)
 .debug_pubnames
                0x00001b0f      0x115 .\CortexM3\ARM_GCC_441\Debug\RS232.a(CyFlash.o)
 .debug_pubnames
                0x00001c24      0x147 .\CortexM3\ARM_GCC_441\Debug\RS232.a(CySpc.o)
 .debug_pubnames
                0x00001d6b       0x21 .\CortexM3\ARM_GCC_441\Debug\RS232.a(cyutils.o)

.debug_info     0x00000000     0x472e
 *(.debug_info .gnu.linkonce.wi.*)
 .debug_info    0x00000000      0x5e1 .\CortexM3\ARM_GCC_441\Debug\main.o
 .debug_info    0x000005e1      0x127 .\CortexM3\ARM_GCC_441\Debug\Cm3Start.o
 .debug_info    0x00000708      0xd2a .\CortexM3\ARM_GCC_441\Debug\RS232.a(CyLib.o)
 .debug_info    0x00001432      0x580 .\CortexM3\ARM_GCC_441\Debug\RS232.a(cyPm.o)
 .debug_info    0x000019b2      0x39e .\CortexM3\ARM_GCC_441\Debug\RS232.a(LCD.o)
 .debug_info    0x00001d50      0x51b .\CortexM3\ARM_GCC_441\Debug\RS232.a(UART.o)
 .debug_info    0x0000226b      0x241 .\CortexM3\ARM_GCC_441\Debug\RS232.a(rx_int.o)
 .debug_info    0x000024ac      0x189 .\CortexM3\ARM_GCC_441\Debug\RS232.a(PGA_1.o)
 .debug_info    0x00002635      0x18c .\CortexM3\ARM_GCC_441\Debug\RS232.a(VDAC8_1.o)
 .debug_info    0x000027c1      0x43a .\CortexM3\ARM_GCC_441\Debug\RS232.a(ADC_SAR_1.o)
 .debug_info    0x00002bfb       0x8c .\CortexM3\ARM_GCC_441\Debug\RS232.a(ADC_SAR_1_INT.o)
 .debug_info    0x00002c87      0x29f .\CortexM3\ARM_GCC_441\Debug\RS232.a(ADC_SAR_1_theACLK.o)
 .debug_info    0x00002f26      0x22e .\CortexM3\ARM_GCC_441\Debug\RS232.a(FFT_ISR.o)
 .debug_info    0x00003154      0x22e .\CortexM3\ARM_GCC_441\Debug\RS232.a(Clock_ISR.o)
 .debug_info    0x00003382      0x51b .\CortexM3\ARM_GCC_441\Debug\RS232.a(UART_Amulet.o)
 .debug_info    0x0000389d      0x241 .\CortexM3\ARM_GCC_441\Debug\RS232.a(rx_int_Amulet.o)
 .debug_info    0x00003ade      0x2a1 .\CortexM3\ARM_GCC_441\Debug\RS232.a(cyfitter_cfg.o)
 .debug_info    0x00003d7f       0x66 .\CortexM3\ARM_GCC_441\Debug\RS232.a(CyBootAsmGnu.o)
 .debug_info    0x00003de5      0x310 .\CortexM3\ARM_GCC_441\Debug\RS232.a(CyFlash.o)
 .debug_info    0x000040f5      0x56b .\CortexM3\ARM_GCC_441\Debug\RS232.a(CySpc.o)
 .debug_info    0x00004660       0xce .\CortexM3\ARM_GCC_441\Debug\RS232.a(cyutils.o)

.debug_abbrev   0x00000000     0x13a6
 *(.debug_abbrev)
 .debug_abbrev  0x00000000      0x176 .\CortexM3\ARM_GCC_441\Debug\main.o
 .debug_abbrev  0x00000176       0xe3 .\CortexM3\ARM_GCC_441\Debug\Cm3Start.o
 .debug_abbrev  0x00000259      0x172 .\CortexM3\ARM_GCC_441\Debug\RS232.a(CyLib.o)
 .debug_abbrev  0x000003cb      0x146 .\CortexM3\ARM_GCC_441\Debug\RS232.a(cyPm.o)
 .debug_abbrev  0x00000511      0x103 .\CortexM3\ARM_GCC_441\Debug\RS232.a(LCD.o)
 .debug_abbrev  0x00000614      0x105 .\CortexM3\ARM_GCC_441\Debug\RS232.a(UART.o)
 .debug_abbrev  0x00000719       0xee .\CortexM3\ARM_GCC_441\Debug\RS232.a(rx_int.o)
 .debug_abbrev  0x00000807       0xdc .\CortexM3\ARM_GCC_441\Debug\RS232.a(PGA_1.o)
 .debug_abbrev  0x000008e3       0xba .\CortexM3\ARM_GCC_441\Debug\RS232.a(VDAC8_1.o)
 .debug_abbrev  0x0000099d      0x11e .\CortexM3\ARM_GCC_441\Debug\RS232.a(ADC_SAR_1.o)
 .debug_abbrev  0x00000abb       0x41 .\CortexM3\ARM_GCC_441\Debug\RS232.a(ADC_SAR_1_INT.o)
 .debug_abbrev  0x00000afc       0xd8 .\CortexM3\ARM_GCC_441\Debug\RS232.a(ADC_SAR_1_theACLK.o)
 .debug_abbrev  0x00000bd4       0xee .\CortexM3\ARM_GCC_441\Debug\RS232.a(FFT_ISR.o)
 .debug_abbrev  0x00000cc2       0xee .\CortexM3\ARM_GCC_441\Debug\RS232.a(Clock_ISR.o)
 .debug_abbrev  0x00000db0      0x105 .\CortexM3\ARM_GCC_441\Debug\RS232.a(UART_Amulet.o)
 .debug_abbrev  0x00000eb5       0xee .\CortexM3\ARM_GCC_441\Debug\RS232.a(rx_int_Amulet.o)
 .debug_abbrev  0x00000fa3      0x11d .\CortexM3\ARM_GCC_441\Debug\RS232.a(cyfitter_cfg.o)
 .debug_abbrev  0x000010c0       0x14 .\CortexM3\ARM_GCC_441\Debug\RS232.a(CyBootAsmGnu.o)
 .debug_abbrev  0x000010d4      0x12a .\CortexM3\ARM_GCC_441\Debug\RS232.a(CyFlash.o)
 .debug_abbrev  0x000011fe      0x139 .\CortexM3\ARM_GCC_441\Debug\RS232.a(CySpc.o)
 .debug_abbrev  0x00001337       0x6f .\CortexM3\ARM_GCC_441\Debug\RS232.a(cyutils.o)

.debug_line     0x00000000     0x25b7
 *(.debug_line)
 .debug_line    0x00000000      0x2df .\CortexM3\ARM_GCC_441\Debug\main.o
 .debug_line    0x000002df       0xcd .\CortexM3\ARM_GCC_441\Debug\Cm3Start.o
 .debug_line    0x000003ac      0x691 .\CortexM3\ARM_GCC_441\Debug\RS232.a(CyLib.o)
 .debug_line    0x00000a3d      0x2e8 .\CortexM3\ARM_GCC_441\Debug\RS232.a(cyPm.o)
 .debug_line    0x00000d25      0x1d8 .\CortexM3\ARM_GCC_441\Debug\RS232.a(LCD.o)
 .debug_line    0x00000efd      0x2b2 .\CortexM3\ARM_GCC_441\Debug\RS232.a(UART.o)
 .debug_line    0x000011af      0x15c .\CortexM3\ARM_GCC_441\Debug\RS232.a(rx_int.o)
 .debug_line    0x0000130b       0xf0 .\CortexM3\ARM_GCC_441\Debug\RS232.a(PGA_1.o)
 .debug_line    0x000013fb      0x110 .\CortexM3\ARM_GCC_441\Debug\RS232.a(VDAC8_1.o)
 .debug_line    0x0000150b      0x216 .\CortexM3\ARM_GCC_441\Debug\RS232.a(ADC_SAR_1.o)
 .debug_line    0x00001721       0x5b .\CortexM3\ARM_GCC_441\Debug\RS232.a(ADC_SAR_1_INT.o)
 .debug_line    0x0000177c      0x1a3 .\CortexM3\ARM_GCC_441\Debug\RS232.a(ADC_SAR_1_theACLK.o)
 .debug_line    0x0000191f      0x15c .\CortexM3\ARM_GCC_441\Debug\RS232.a(FFT_ISR.o)
 .debug_line    0x00001a7b      0x15e .\CortexM3\ARM_GCC_441\Debug\RS232.a(Clock_ISR.o)
 .debug_line    0x00001bd9      0x2b9 .\CortexM3\ARM_GCC_441\Debug\RS232.a(UART_Amulet.o)
 .debug_line    0x00001e92      0x164 .\CortexM3\ARM_GCC_441\Debug\RS232.a(rx_int_Amulet.o)
 .debug_line    0x00001ff6      0x125 .\CortexM3\ARM_GCC_441\Debug\RS232.a(cyfitter_cfg.o)
 .debug_line    0x0000211b       0x67 .\CortexM3\ARM_GCC_441\Debug\RS232.a(CyBootAsmGnu.o)
 .debug_line    0x00002182      0x18f .\CortexM3\ARM_GCC_441\Debug\RS232.a(CyFlash.o)
 .debug_line    0x00002311      0x225 .\CortexM3\ARM_GCC_441\Debug\RS232.a(CySpc.o)
 .debug_line    0x00002536       0x81 .\CortexM3\ARM_GCC_441\Debug\RS232.a(cyutils.o)

.debug_frame    0x00000000     0x2dbc
 *(.debug_frame)
 .debug_frame   0x00000000      0x244 .\CortexM3\ARM_GCC_441\Debug\main.o
 .debug_frame   0x00000244       0x5c .\CortexM3\ARM_GCC_441\Debug\Cm3Start.o
 .debug_frame   0x000002a0      0x7f0 .\CortexM3\ARM_GCC_441\Debug\RS232.a(CyLib.o)
 .debug_frame   0x00000a90      0x208 .\CortexM3\ARM_GCC_441\Debug\RS232.a(cyPm.o)
 .debug_frame   0x00000c98      0x1e0 .\CortexM3\ARM_GCC_441\Debug\RS232.a(LCD.o)
 .debug_frame   0x00000e78      0x32c .\CortexM3\ARM_GCC_441\Debug\RS232.a(UART.o)
 .debug_frame   0x000011a4      0x184 .\CortexM3\ARM_GCC_441\Debug\RS232.a(rx_int.o)
 .debug_frame   0x00001328       0xb8 .\CortexM3\ARM_GCC_441\Debug\RS232.a(PGA_1.o)
 .debug_frame   0x000013e0       0xf4 .\CortexM3\ARM_GCC_441\Debug\RS232.a(VDAC8_1.o)
 .debug_frame   0x000014d4      0x23c .\CortexM3\ARM_GCC_441\Debug\RS232.a(ADC_SAR_1.o)
 .debug_frame   0x00001710       0x2c .\CortexM3\ARM_GCC_441\Debug\RS232.a(ADC_SAR_1_INT.o)
 .debug_frame   0x0000173c      0x184 .\CortexM3\ARM_GCC_441\Debug\RS232.a(ADC_SAR_1_theACLK.o)
 .debug_frame   0x000018c0      0x180 .\CortexM3\ARM_GCC_441\Debug\RS232.a(FFT_ISR.o)
 .debug_frame   0x00001a40      0x180 .\CortexM3\ARM_GCC_441\Debug\RS232.a(Clock_ISR.o)
 .debug_frame   0x00001bc0      0x32c .\CortexM3\ARM_GCC_441\Debug\RS232.a(UART_Amulet.o)
 .debug_frame   0x00001eec      0x184 .\CortexM3\ARM_GCC_441\Debug\RS232.a(rx_int_Amulet.o)
 .debug_frame   0x00002070       0xc0 .\CortexM3\ARM_GCC_441\Debug\RS232.a(cyfitter_cfg.o)
 .debug_frame   0x00002130      0x174 .\CortexM3\ARM_GCC_441\Debug\RS232.a(CyFlash.o)
 .debug_frame   0x000022a4      0x1c8 .\CortexM3\ARM_GCC_441\Debug\RS232.a(CySpc.o)
 .debug_frame   0x0000246c       0x2c .\CortexM3\ARM_GCC_441\Debug\RS232.a(cyutils.o)
 .debug_frame   0x00002498       0x3c c:/program files/cypress/psoc creator/2.1/psoc creator/import/gnu_cs/arm/4.4.1/bin/../lib/gcc/arm-none-eabi/4.4.1/../../../../arm-none-eabi/lib/thumb2\libm.a(lib_a-w_sqrt.o)
 .debug_frame   0x000024d4       0x34 c:/program files/cypress/psoc creator/2.1/psoc creator/import/gnu_cs/arm/4.4.1/bin/../lib/gcc/arm-none-eabi/4.4.1/../../../../arm-none-eabi/lib/thumb2\libm.a(lib_a-e_sqrt.o)
 .debug_frame   0x00002508       0x20 c:/program files/cypress/psoc creator/2.1/psoc creator/import/gnu_cs/arm/4.4.1/bin/../lib/gcc/arm-none-eabi/4.4.1/../../../../arm-none-eabi/lib/thumb2\libm.a(lib_a-s_isnand.o)
 .debug_frame   0x00002528       0x20 c:/program files/cypress/psoc creator/2.1/psoc creator/import/gnu_cs/arm/4.4.1/bin/../lib/gcc/arm-none-eabi/4.4.1/../../../../arm-none-eabi/lib/thumb2\libm.a(lib_a-s_matherr.o)
 .debug_frame   0x00002548       0x20 c:/program files/cypress/psoc creator/2.1/psoc creator/import/gnu_cs/arm/4.4.1/bin/../lib/gcc/arm-none-eabi/4.4.1/../../../../arm-none-eabi/lib/thumb2\libc.a(lib_a-errno.o)
 .debug_frame   0x00002568       0x34 c:/program files/cypress/psoc creator/2.1/psoc creator/import/gnu_cs/arm/4.4.1/bin/../lib/gcc/arm-none-eabi/4.4.1/../../../../arm-none-eabi/lib/thumb2\libc.a(lib_a-memcpy.o)
 .debug_frame   0x0000259c       0x28 c:/program files/cypress/psoc creator/2.1/psoc creator/import/gnu_cs/arm/4.4.1/bin/../lib/gcc/arm-none-eabi/4.4.1/../../../../arm-none-eabi/lib/thumb2\libc.a(lib_a-memset.o)
 .debug_frame   0x000025c4       0x5c c:/program files/cypress/psoc creator/2.1/psoc creator/import/gnu_cs/arm/4.4.1/bin/../lib/gcc/arm-none-eabi/4.4.1/../../../../arm-none-eabi/lib/thumb2\libc.a(lib_a-sprintf.o)
 .debug_frame   0x00002620       0x68 c:/program files/cypress/psoc creator/2.1/psoc creator/import/gnu_cs/arm/4.4.1/bin/../lib/gcc/arm-none-eabi/4.4.1/../../../../arm-none-eabi/lib/thumb2\libc.a(lib_a-svfprintf.o)
 .debug_frame   0x00002688       0x64 c:/program files/cypress/psoc creator/2.1/psoc creator/import/gnu_cs/arm/4.4.1/bin/../lib/gcc/arm-none-eabi/4.4.1/../../../../arm-none-eabi/lib/thumb2\libc.a(lib_a-dtoa.o)
 .debug_frame   0x000026ec       0x50 c:/program files/cypress/psoc creator/2.1/psoc creator/import/gnu_cs/arm/4.4.1/bin/../lib/gcc/arm-none-eabi/4.4.1/../../../../arm-none-eabi/lib/thumb2\libc.a(lib_a-freer.o)
 .debug_frame   0x0000273c       0x6c c:/program files/cypress/psoc creator/2.1/psoc creator/import/gnu_cs/arm/4.4.1/bin/../lib/gcc/arm-none-eabi/4.4.1/../../../../arm-none-eabi/lib/thumb2\libc.a(lib_a-locale.o)
 .debug_frame   0x000027a8       0x30 c:/program files/cypress/psoc creator/2.1/psoc creator/import/gnu_cs/arm/4.4.1/bin/../lib/gcc/arm-none-eabi/4.4.1/../../../../arm-none-eabi/lib/thumb2\libc.a(lib_a-malloc.o)
 .debug_frame   0x000027d8       0x3c c:/program files/cypress/psoc creator/2.1/psoc creator/import/gnu_cs/arm/4.4.1/bin/../lib/gcc/arm-none-eabi/4.4.1/../../../../arm-none-eabi/lib/thumb2\libc.a(lib_a-mallocr.o)
 .debug_frame   0x00002814       0x28 c:/program files/cypress/psoc creator/2.1/psoc creator/import/gnu_cs/arm/4.4.1/bin/../lib/gcc/arm-none-eabi/4.4.1/../../../../arm-none-eabi/lib/thumb2\libc.a(lib_a-memchr.o)
 .debug_frame   0x0000283c       0x2c c:/program files/cypress/psoc creator/2.1/psoc creator/import/gnu_cs/arm/4.4.1/bin/../lib/gcc/arm-none-eabi/4.4.1/../../../../arm-none-eabi/lib/thumb2\libc.a(lib_a-memmove.o)
 .debug_frame   0x00002868       0x30 c:/program files/cypress/psoc creator/2.1/psoc creator/import/gnu_cs/arm/4.4.1/bin/../lib/gcc/arm-none-eabi/4.4.1/../../../../arm-none-eabi/lib/thumb2\libc.a(lib_a-mlock.o)
 .debug_frame   0x00002898      0x240 c:/program files/cypress/psoc creator/2.1/psoc creator/import/gnu_cs/arm/4.4.1/bin/../lib/gcc/arm-none-eabi/4.4.1/../../../../arm-none-eabi/lib/thumb2\libc.a(lib_a-mprec.o)
 .debug_frame   0x00002ad8       0x3c c:/program files/cypress/psoc creator/2.1/psoc creator/import/gnu_cs/arm/4.4.1/bin/../lib/gcc/arm-none-eabi/4.4.1/../../../../arm-none-eabi/lib/thumb2\libc.a(lib_a-reallocr.o)
 .debug_frame   0x00002b14       0x20 c:/program files/cypress/psoc creator/2.1/psoc creator/import/gnu_cs/arm/4.4.1/bin/../lib/gcc/arm-none-eabi/4.4.1/../../../../arm-none-eabi/lib/thumb2\libc.a(lib_a-s_isinfd.o)
 .debug_frame   0x00002b34       0x2c c:/program files/cypress/psoc creator/2.1/psoc creator/import/gnu_cs/arm/4.4.1/bin/../lib/gcc/arm-none-eabi/4.4.1/../../../../arm-none-eabi/lib/thumb2\libc.a(lib_a-sbrkr.o)
 .debug_frame   0x00002b60       0x30 c:/program files/cypress/psoc creator/2.1/psoc creator/import/gnu_cs/arm/4.4.1/bin/../lib/gcc/arm-none-eabi/4.4.1/../../../../arm-none-eabi/lib/thumb2\libc.a(lib_a-strcmp.o)
 .debug_frame   0x00002b90       0x20 c:/program files/cypress/psoc creator/2.1/psoc creator/import/gnu_cs/arm/4.4.1/bin/../lib/gcc/arm-none-eabi/4.4.1/../../../../arm-none-eabi/lib/thumb2\libc.a(lib_a-strlen.o)
 .debug_frame   0x00002bb0       0x2c c:/program files/cypress/psoc creator/2.1/psoc creator/import/gnu_cs/arm/4.4.1/bin/../lib/gcc/arm-none-eabi/4.4.1/../../../../arm-none-eabi/lib/thumb2\libc.a(lib_a-callocr.o)
 .debug_frame   0x00002bdc       0x64 c:/program files/cypress/psoc creator/2.1/psoc creator/import/gnu_cs/arm/4.4.1/bin/../lib/gcc/arm-none-eabi/4.4.1/../../../../arm-none-eabi/lib/thumb2\libc.a(lib_a-reent.o)
 .debug_frame   0x00002c40       0x20 c:/program files/cypress/psoc creator/2.1/psoc creator/import/gnu_cs/arm/4.4.1/bin/../lib/gcc/arm-none-eabi/4.4.1/thumb2\libgcc.a(_udivsi3.o)
 .debug_frame   0x00002c60       0x50 c:/program files/cypress/psoc creator/2.1/psoc creator/import/gnu_cs/arm/4.4.1/bin/../lib/gcc/arm-none-eabi/4.4.1/thumb2\libgcc.a(bpabi.o)
 .debug_frame   0x00002cb0       0x3c c:/program files/cypress/psoc creator/2.1/psoc creator/import/gnu_cs/arm/4.4.1/bin/../lib/gcc/arm-none-eabi/4.4.1/thumb2\libgcc.a(_divdi3.o)
 .debug_frame   0x00002cec       0x3c c:/program files/cypress/psoc creator/2.1/psoc creator/import/gnu_cs/arm/4.4.1/bin/../lib/gcc/arm-none-eabi/4.4.1/thumb2\libgcc.a(_udivdi3.o)
 .debug_frame   0x00002d28       0x40 c:/program files/cypress/psoc creator/2.1/psoc creator/import/gnu_cs/arm/4.4.1/bin/../lib/gcc/arm-none-eabi/4.4.1/../../../../arm-none-eabi/lib/thumb2\libcs3.a(start_c.o)
 .debug_frame   0x00002d68       0x28 c:/program files/cypress/psoc creator/2.1/psoc creator/import/gnu_cs/arm/4.4.1/bin/../lib/gcc/arm-none-eabi/4.4.1/../../../../arm-none-eabi/lib/thumb2\libcs3unhosted.a(unhosted-sbrk.o)
 .debug_frame   0x00002d90       0x2c c:/program files/cypress/psoc creator/2.1/psoc creator/import/gnu_cs/arm/4.4.1/bin/../lib/gcc/arm-none-eabi/4.4.1/../../../../arm-none-eabi/lib/thumb2\libc.a(lib_a-init.o)

.debug_str      0x00000000     0x219e
 *(.debug_str)
 .debug_str     0x00000000      0x24c .\CortexM3\ARM_GCC_441\Debug\main.o
                                0x296 (size before relaxing)
 .debug_str     0x0000024c       0x8b .\CortexM3\ARM_GCC_441\Debug\Cm3Start.o
                                0x145 (size before relaxing)
 .debug_str     0x000002d7      0x693 .\CortexM3\ARM_GCC_441\Debug\RS232.a(CyLib.o)
                                0x79a (size before relaxing)
 .debug_str     0x0000096a      0x369 .\CortexM3\ARM_GCC_441\Debug\RS232.a(cyPm.o)
                                0x448 (size before relaxing)
 .debug_str     0x00000cd3      0x160 .\CortexM3\ARM_GCC_441\Debug\RS232.a(LCD.o)
                                0x230 (size before relaxing)
 .debug_str     0x00000e33      0x272 .\CortexM3\ARM_GCC_441\Debug\RS232.a(UART.o)
                                0x343 (size before relaxing)
 .debug_str     0x000010a5       0xf6 .\CortexM3\ARM_GCC_441\Debug\RS232.a(rx_int.o)
                                0x1dd (size before relaxing)
 .debug_str     0x0000119b       0xab .\CortexM3\ARM_GCC_441\Debug\RS232.a(PGA_1.o)
                                0x15f (size before relaxing)
 .debug_str     0x00001246       0xb9 .\CortexM3\ARM_GCC_441\Debug\RS232.a(VDAC8_1.o)
                                0x178 (size before relaxing)
 .debug_str     0x000012ff      0x238 .\CortexM3\ARM_GCC_441\Debug\RS232.a(ADC_SAR_1.o)
                                0x34c (size before relaxing)
 .debug_str     0x00001537       0x37 .\CortexM3\ARM_GCC_441\Debug\RS232.a(ADC_SAR_1_INT.o)
                                 0xe5 (size before relaxing)
 .debug_str     0x0000156e      0x22f .\CortexM3\ARM_GCC_441\Debug\RS232.a(ADC_SAR_1_theACLK.o)
                                0x2f0 (size before relaxing)
 .debug_str     0x0000179d      0x104 .\CortexM3\ARM_GCC_441\Debug\RS232.a(FFT_ISR.o)
                                0x1e5 (size before relaxing)
 .debug_str     0x000018a1      0x120 .\CortexM3\ARM_GCC_441\Debug\RS232.a(Clock_ISR.o)
                                0x201 (size before relaxing)
 .debug_str     0x000019c1      0x2cd .\CortexM3\ARM_GCC_441\Debug\RS232.a(UART_Amulet.o)
                                0x40e (size before relaxing)
 .debug_str     0x00001c8e      0x158 .\CortexM3\ARM_GCC_441\Debug\RS232.a(rx_int_Amulet.o)
                                0x23f (size before relaxing)
 .debug_str     0x00001de6       0xea .\CortexM3\ARM_GCC_441\Debug\RS232.a(cyfitter_cfg.o)
                                0x1dc (size before relaxing)
 .debug_str     0x00001ed0      0x130 .\CortexM3\ARM_GCC_441\Debug\RS232.a(CyFlash.o)
                                0x214 (size before relaxing)
 .debug_str     0x00002000      0x16b .\CortexM3\ARM_GCC_441\Debug\RS232.a(CySpc.o)
                                0x259 (size before relaxing)
 .debug_str     0x0000216b       0x33 .\CortexM3\ARM_GCC_441\Debug\RS232.a(cyutils.o)
                                 0xf4 (size before relaxing)

.debug_loc      0x00000000     0x3c93
 *(.debug_loc)
 .debug_loc     0x00000000      0x380 .\CortexM3\ARM_GCC_441\Debug\main.o
 .debug_loc     0x00000380       0x62 .\CortexM3\ARM_GCC_441\Debug\Cm3Start.o
 .debug_loc     0x000003e2      0xd7c .\CortexM3\ARM_GCC_441\Debug\RS232.a(CyLib.o)
 .debug_loc     0x0000115e      0x32f .\CortexM3\ARM_GCC_441\Debug\RS232.a(cyPm.o)
 .debug_loc     0x0000148d      0x309 .\CortexM3\ARM_GCC_441\Debug\RS232.a(LCD.o)
 .debug_loc     0x00001796      0x591 .\CortexM3\ARM_GCC_441\Debug\RS232.a(UART.o)
 .debug_loc     0x00001d27      0x277 .\CortexM3\ARM_GCC_441\Debug\RS232.a(rx_int.o)
 .debug_loc     0x00001f9e      0x11a .\CortexM3\ARM_GCC_441\Debug\RS232.a(PGA_1.o)
 .debug_loc     0x000020b8      0x188 .\CortexM3\ARM_GCC_441\Debug\RS232.a(VDAC8_1.o)
 .debug_loc     0x00002240      0x3c1 .\CortexM3\ARM_GCC_441\Debug\RS232.a(ADC_SAR_1.o)
 .debug_loc     0x00002601       0x2b .\CortexM3\ARM_GCC_441\Debug\RS232.a(ADC_SAR_1_INT.o)
 .debug_loc     0x0000262c      0x283 .\CortexM3\ARM_GCC_441\Debug\RS232.a(ADC_SAR_1_theACLK.o)
 .debug_loc     0x000028af      0x26b .\CortexM3\ARM_GCC_441\Debug\RS232.a(FFT_ISR.o)
 .debug_loc     0x00002b1a      0x26b .\CortexM3\ARM_GCC_441\Debug\RS232.a(Clock_ISR.o)
 .debug_loc     0x00002d85      0x591 .\CortexM3\ARM_GCC_441\Debug\RS232.a(UART_Amulet.o)
 .debug_loc     0x00003316      0x277 .\CortexM3\ARM_GCC_441\Debug\RS232.a(rx_int_Amulet.o)
 .debug_loc     0x0000358d      0x14a .\CortexM3\ARM_GCC_441\Debug\RS232.a(cyfitter_cfg.o)
 .debug_loc     0x000036d7      0x24c .\CortexM3\ARM_GCC_441\Debug\RS232.a(CyFlash.o)
 .debug_loc     0x00003923      0x339 .\CortexM3\ARM_GCC_441\Debug\RS232.a(CySpc.o)
 .debug_loc     0x00003c5c       0x37 .\CortexM3\ARM_GCC_441\Debug\RS232.a(cyutils.o)

.debug_macinfo
 *(.debug_macinfo)

.debug_ranges   0x00000000      0xae0
 *(.debug_ranges)
 .debug_ranges  0x00000000       0xa0 .\CortexM3\ARM_GCC_441\Debug\main.o
 .debug_ranges  0x000000a0       0x28 .\CortexM3\ARM_GCC_441\Debug\Cm3Start.o
 .debug_ranges  0x000000c8      0x230 .\CortexM3\ARM_GCC_441\Debug\RS232.a(CyLib.o)
 .debug_ranges  0x000002f8       0x98 .\CortexM3\ARM_GCC_441\Debug\RS232.a(cyPm.o)
 .debug_ranges  0x00000390       0x88 .\CortexM3\ARM_GCC_441\Debug\RS232.a(LCD.o)
 .debug_ranges  0x00000418       0xe8 .\CortexM3\ARM_GCC_441\Debug\RS232.a(UART.o)
 .debug_ranges  0x00000500       0x78 .\CortexM3\ARM_GCC_441\Debug\RS232.a(rx_int.o)
 .debug_ranges  0x00000578       0x40 .\CortexM3\ARM_GCC_441\Debug\RS232.a(PGA_1.o)
 .debug_ranges  0x000005b8       0x50 .\CortexM3\ARM_GCC_441\Debug\RS232.a(VDAC8_1.o)
 .debug_ranges  0x00000608       0xa8 .\CortexM3\ARM_GCC_441\Debug\RS232.a(ADC_SAR_1.o)
 .debug_ranges  0x000006b0       0x18 .\CortexM3\ARM_GCC_441\Debug\RS232.a(ADC_SAR_1_INT.o)
 .debug_ranges  0x000006c8       0x78 .\CortexM3\ARM_GCC_441\Debug\RS232.a(ADC_SAR_1_theACLK.o)
 .debug_ranges  0x00000740       0x78 .\CortexM3\ARM_GCC_441\Debug\RS232.a(FFT_ISR.o)
 .debug_ranges  0x000007b8       0x78 .\CortexM3\ARM_GCC_441\Debug\RS232.a(Clock_ISR.o)
 .debug_ranges  0x00000830       0xe8 .\CortexM3\ARM_GCC_441\Debug\RS232.a(UART_Amulet.o)
 .debug_ranges  0x00000918       0x78 .\CortexM3\ARM_GCC_441\Debug\RS232.a(rx_int_Amulet.o)
 .debug_ranges  0x00000990       0x40 .\CortexM3\ARM_GCC_441\Debug\RS232.a(cyfitter_cfg.o)
 .debug_ranges  0x000009d0       0x70 .\CortexM3\ARM_GCC_441\Debug\RS232.a(CyFlash.o)
 .debug_ranges  0x00000a40       0x88 .\CortexM3\ARM_GCC_441\Debug\RS232.a(CySpc.o)
 .debug_ranges  0x00000ac8       0x18 .\CortexM3\ARM_GCC_441\Debug\RS232.a(cyutils.o)

.debug_weaknames
 *(.debug_weaknames)

.debug_funcnames
 *(.debug_funcnames)

.debug_typenames
 *(.debug_typenames)

.debug_varnames
 *(.debug_varnames)

.note.gnu.arm.ident
 *(.note.gnu.arm.ident)

.ARM.attributes
                0x00000000       0x25
 *(.ARM.attributes)
 .ARM.attributes
                0x00000000       0x19 c:/program files/cypress/psoc creator/2.1/psoc creator/import/gnu_cs/arm/4.4.1/bin/../lib/gcc/arm-none-eabi/4.4.1/thumb2/crti.o
 .ARM.attributes
                0x00000019       0x29 c:/program files/cypress/psoc creator/2.1/psoc creator/import/gnu_cs/arm/4.4.1/bin/../lib/gcc/arm-none-eabi/4.4.1/thumb2/crtbegin.o
 .ARM.attributes
                0x00000042       0x31 .\CortexM3\ARM_GCC_441\Debug\main.o
 .ARM.attributes
                0x00000073       0x31 .\CortexM3\ARM_GCC_441\Debug\Cm3Start.o
 .ARM.attributes
                0x000000a4       0x31 .\CortexM3\ARM_GCC_441\Debug\RS232.a(CyLib.o)
 .ARM.attributes
                0x000000d5       0x31 .\CortexM3\ARM_GCC_441\Debug\RS232.a(cyPm.o)
 .ARM.attributes
                0x00000106       0x31 .\CortexM3\ARM_GCC_441\Debug\RS232.a(LCD.o)
 .ARM.attributes
                0x00000137       0x31 .\CortexM3\ARM_GCC_441\Debug\RS232.a(UART.o)
 .ARM.attributes
                0x00000168       0x31 .\CortexM3\ARM_GCC_441\Debug\RS232.a(rx_int.o)
 .ARM.attributes
                0x00000199       0x31 .\CortexM3\ARM_GCC_441\Debug\RS232.a(PGA_1.o)
 .ARM.attributes
                0x000001ca       0x31 .\CortexM3\ARM_GCC_441\Debug\RS232.a(VDAC8_1.o)
 .ARM.attributes
                0x000001fb       0x31 .\CortexM3\ARM_GCC_441\Debug\RS232.a(ADC_SAR_1.o)
 .ARM.attributes
                0x0000022c       0x31 .\CortexM3\ARM_GCC_441\Debug\RS232.a(ADC_SAR_1_INT.o)
 .ARM.attributes
                0x0000025d       0x31 .\CortexM3\ARM_GCC_441\Debug\RS232.a(ADC_SAR_1_theACLK.o)
 .ARM.attributes
                0x0000028e       0x31 .\CortexM3\ARM_GCC_441\Debug\RS232.a(FFT_ISR.o)
 .ARM.attributes
                0x000002bf       0x31 .\CortexM3\ARM_GCC_441\Debug\RS232.a(Clock_ISR.o)
 .ARM.attributes
                0x000002f0       0x31 .\CortexM3\ARM_GCC_441\Debug\RS232.a(UART_Amulet.o)
 .ARM.attributes
                0x00000321       0x31 .\CortexM3\ARM_GCC_441\Debug\RS232.a(rx_int_Amulet.o)
 .ARM.attributes
                0x00000352       0x31 .\CortexM3\ARM_GCC_441\Debug\RS232.a(cyfitter_cfg.o)
 .ARM.attributes
                0x00000383       0x21 .\CortexM3\ARM_GCC_441\Debug\RS232.a(CyBootAsmGnu.o)
 .ARM.attributes
                0x000003a4       0x31 .\CortexM3\ARM_GCC_441\Debug\RS232.a(CyFlash.o)
 .ARM.attributes
                0x000003d5       0x31 .\CortexM3\ARM_GCC_441\Debug\RS232.a(CySpc.o)
 .ARM.attributes
                0x00000406       0x31 .\CortexM3\ARM_GCC_441\Debug\RS232.a(cyutils.o)
 .ARM.attributes
                0x00000437       0x29 c:/program files/cypress/psoc creator/2.1/psoc creator/import/gnu_cs/arm/4.4.1/bin/../lib/gcc/arm-none-eabi/4.4.1/../../../../arm-none-eabi/lib/thumb2\libm.a(lib_a-w_sqrt.o)
 .ARM.attributes
                0x00000460       0x29 c:/program files/cypress/psoc creator/2.1/psoc creator/import/gnu_cs/arm/4.4.1/bin/../lib/gcc/arm-none-eabi/4.4.1/../../../../arm-none-eabi/lib/thumb2\libm.a(lib_a-e_sqrt.o)
 .ARM.attributes
                0x00000489       0x29 c:/program files/cypress/psoc creator/2.1/psoc creator/import/gnu_cs/arm/4.4.1/bin/../lib/gcc/arm-none-eabi/4.4.1/../../../../arm-none-eabi/lib/thumb2\libm.a(lib_a-s_isnand.o)
 .ARM.attributes
                0x000004b2       0x29 c:/program files/cypress/psoc creator/2.1/psoc creator/import/gnu_cs/arm/4.4.1/bin/../lib/gcc/arm-none-eabi/4.4.1/../../../../arm-none-eabi/lib/thumb2\libm.a(lib_a-s_lib_ver.o)
 .ARM.attributes
                0x000004db       0x29 c:/program files/cypress/psoc creator/2.1/psoc creator/import/gnu_cs/arm/4.4.1/bin/../lib/gcc/arm-none-eabi/4.4.1/../../../../arm-none-eabi/lib/thumb2\libm.a(lib_a-s_matherr.o)
 .ARM.attributes
                0x00000504       0x1b c:/program files/cypress/psoc creator/2.1/psoc creator/import/gnu_cs/arm/4.4.1/bin/../lib/gcc/arm-none-eabi/4.4.1/thumb2\libgcc.a(_arm_addsubdf3.o)
 .ARM.attributes
                0x0000051f       0x1b c:/program files/cypress/psoc creator/2.1/psoc creator/import/gnu_cs/arm/4.4.1/bin/../lib/gcc/arm-none-eabi/4.4.1/thumb2\libgcc.a(_arm_muldivdf3.o)
 .ARM.attributes
                0x0000053a       0x1b c:/program files/cypress/psoc creator/2.1/psoc creator/import/gnu_cs/arm/4.4.1/bin/../lib/gcc/arm-none-eabi/4.4.1/thumb2\libgcc.a(_arm_cmpdf2.o)
 .ARM.attributes
                0x00000555       0x1b c:/program files/cypress/psoc creator/2.1/psoc creator/import/gnu_cs/arm/4.4.1/bin/../lib/gcc/arm-none-eabi/4.4.1/thumb2\libgcc.a(_arm_fixdfsi.o)
 .ARM.attributes
                0x00000570       0x1b c:/program files/cypress/psoc creator/2.1/psoc creator/import/gnu_cs/arm/4.4.1/bin/../lib/gcc/arm-none-eabi/4.4.1/thumb2\libgcc.a(_arm_addsubsf3.o)
 .ARM.attributes
                0x0000058b       0x1b c:/program files/cypress/psoc creator/2.1/psoc creator/import/gnu_cs/arm/4.4.1/bin/../lib/gcc/arm-none-eabi/4.4.1/thumb2\libgcc.a(_arm_muldivsf3.o)
 .ARM.attributes
                0x000005a6       0x29 c:/program files/cypress/psoc creator/2.1/psoc creator/import/gnu_cs/arm/4.4.1/bin/../lib/gcc/arm-none-eabi/4.4.1/../../../../arm-none-eabi/lib/thumb2\libc.a(lib_a-errno.o)
 .ARM.attributes
                0x000005cf       0x29 c:/program files/cypress/psoc creator/2.1/psoc creator/import/gnu_cs/arm/4.4.1/bin/../lib/gcc/arm-none-eabi/4.4.1/../../../../arm-none-eabi/lib/thumb2\libc.a(lib_a-impure.o)
 .ARM.attributes
                0x000005f8       0x29 c:/program files/cypress/psoc creator/2.1/psoc creator/import/gnu_cs/arm/4.4.1/bin/../lib/gcc/arm-none-eabi/4.4.1/../../../../arm-none-eabi/lib/thumb2\libc.a(lib_a-memcpy.o)
 .ARM.attributes
                0x00000621       0x29 c:/program files/cypress/psoc creator/2.1/psoc creator/import/gnu_cs/arm/4.4.1/bin/../lib/gcc/arm-none-eabi/4.4.1/../../../../arm-none-eabi/lib/thumb2\libc.a(lib_a-memset.o)
 .ARM.attributes
                0x0000064a       0x29 c:/program files/cypress/psoc creator/2.1/psoc creator/import/gnu_cs/arm/4.4.1/bin/../lib/gcc/arm-none-eabi/4.4.1/../../../../arm-none-eabi/lib/thumb2\libc.a(lib_a-sprintf.o)
 .ARM.attributes
                0x00000673       0x29 c:/program files/cypress/psoc creator/2.1/psoc creator/import/gnu_cs/arm/4.4.1/bin/../lib/gcc/arm-none-eabi/4.4.1/../../../../arm-none-eabi/lib/thumb2\libc.a(lib_a-svfprintf.o)
 .ARM.attributes
                0x0000069c       0x29 c:/program files/cypress/psoc creator/2.1/psoc creator/import/gnu_cs/arm/4.4.1/bin/../lib/gcc/arm-none-eabi/4.4.1/../../../../arm-none-eabi/lib/thumb2\libc.a(lib_a-dtoa.o)
 .ARM.attributes
                0x000006c5       0x29 c:/program files/cypress/psoc creator/2.1/psoc creator/import/gnu_cs/arm/4.4.1/bin/../lib/gcc/arm-none-eabi/4.4.1/../../../../arm-none-eabi/lib/thumb2\libc.a(lib_a-freer.o)
 .ARM.attributes
                0x000006ee       0x29 c:/program files/cypress/psoc creator/2.1/psoc creator/import/gnu_cs/arm/4.4.1/bin/../lib/gcc/arm-none-eabi/4.4.1/../../../../arm-none-eabi/lib/thumb2\libc.a(lib_a-locale.o)
 .ARM.attributes
                0x00000717       0x29 c:/program files/cypress/psoc creator/2.1/psoc creator/import/gnu_cs/arm/4.4.1/bin/../lib/gcc/arm-none-eabi/4.4.1/../../../../arm-none-eabi/lib/thumb2\libc.a(lib_a-malloc.o)
 .ARM.attributes
                0x00000740       0x29 c:/program files/cypress/psoc creator/2.1/psoc creator/import/gnu_cs/arm/4.4.1/bin/../lib/gcc/arm-none-eabi/4.4.1/../../../../arm-none-eabi/lib/thumb2\libc.a(lib_a-mallocr.o)
 .ARM.attributes
                0x00000769       0x29 c:/program files/cypress/psoc creator/2.1/psoc creator/import/gnu_cs/arm/4.4.1/bin/../lib/gcc/arm-none-eabi/4.4.1/../../../../arm-none-eabi/lib/thumb2\libc.a(lib_a-memchr.o)
 .ARM.attributes
                0x00000792       0x29 c:/program files/cypress/psoc creator/2.1/psoc creator/import/gnu_cs/arm/4.4.1/bin/../lib/gcc/arm-none-eabi/4.4.1/../../../../arm-none-eabi/lib/thumb2\libc.a(lib_a-memmove.o)
 .ARM.attributes
                0x000007bb       0x29 c:/program files/cypress/psoc creator/2.1/psoc creator/import/gnu_cs/arm/4.4.1/bin/../lib/gcc/arm-none-eabi/4.4.1/../../../../arm-none-eabi/lib/thumb2\libc.a(lib_a-mlock.o)
 .ARM.attributes
                0x000007e4       0x29 c:/program files/cypress/psoc creator/2.1/psoc creator/import/gnu_cs/arm/4.4.1/bin/../lib/gcc/arm-none-eabi/4.4.1/../../../../arm-none-eabi/lib/thumb2\libc.a(lib_a-mprec.o)
 .ARM.attributes
                0x0000080d       0x29 c:/program files/cypress/psoc creator/2.1/psoc creator/import/gnu_cs/arm/4.4.1/bin/../lib/gcc/arm-none-eabi/4.4.1/../../../../arm-none-eabi/lib/thumb2\libc.a(lib_a-reallocr.o)
 .ARM.attributes
                0x00000836       0x29 c:/program files/cypress/psoc creator/2.1/psoc creator/import/gnu_cs/arm/4.4.1/bin/../lib/gcc/arm-none-eabi/4.4.1/../../../../arm-none-eabi/lib/thumb2\libc.a(lib_a-s_isinfd.o)
 .ARM.attributes
                0x0000085f       0x29 c:/program files/cypress/psoc creator/2.1/psoc creator/import/gnu_cs/arm/4.4.1/bin/../lib/gcc/arm-none-eabi/4.4.1/../../../../arm-none-eabi/lib/thumb2\libc.a(lib_a-sbrkr.o)
 .ARM.attributes
                0x00000888       0x29 c:/program files/cypress/psoc creator/2.1/psoc creator/import/gnu_cs/arm/4.4.1/bin/../lib/gcc/arm-none-eabi/4.4.1/../../../../arm-none-eabi/lib/thumb2\libc.a(lib_a-strcmp.o)
 .ARM.attributes
                0x000008b1       0x29 c:/program files/cypress/psoc creator/2.1/psoc creator/import/gnu_cs/arm/4.4.1/bin/../lib/gcc/arm-none-eabi/4.4.1/../../../../arm-none-eabi/lib/thumb2\libc.a(lib_a-strlen.o)
 .ARM.attributes
                0x000008da       0x29 c:/program files/cypress/psoc creator/2.1/psoc creator/import/gnu_cs/arm/4.4.1/bin/../lib/gcc/arm-none-eabi/4.4.1/../../../../arm-none-eabi/lib/thumb2\libc.a(lib_a-callocr.o)
 .ARM.attributes
                0x00000903       0x29 c:/program files/cypress/psoc creator/2.1/psoc creator/import/gnu_cs/arm/4.4.1/bin/../lib/gcc/arm-none-eabi/4.4.1/../../../../arm-none-eabi/lib/thumb2\libc.a(lib_a-reent.o)
 .ARM.attributes
                0x0000092c       0x1b c:/program files/cypress/psoc creator/2.1/psoc creator/import/gnu_cs/arm/4.4.1/bin/../lib/gcc/arm-none-eabi/4.4.1/thumb2\libgcc.a(_udivsi3.o)
 .ARM.attributes
                0x00000947       0x1b c:/program files/cypress/psoc creator/2.1/psoc creator/import/gnu_cs/arm/4.4.1/bin/../lib/gcc/arm-none-eabi/4.4.1/thumb2\libgcc.a(_dvmd_tls.o)
 .ARM.attributes
                0x00000962       0x1b c:/program files/cypress/psoc creator/2.1/psoc creator/import/gnu_cs/arm/4.4.1/bin/../lib/gcc/arm-none-eabi/4.4.1/thumb2\libgcc.a(_aeabi_uldivmod.o)
 .ARM.attributes
                0x0000097d       0x29 c:/program files/cypress/psoc creator/2.1/psoc creator/import/gnu_cs/arm/4.4.1/bin/../lib/gcc/arm-none-eabi/4.4.1/thumb2\libgcc.a(bpabi.o)
 .ARM.attributes
                0x000009a6       0x29 c:/program files/cypress/psoc creator/2.1/psoc creator/import/gnu_cs/arm/4.4.1/bin/../lib/gcc/arm-none-eabi/4.4.1/thumb2\libgcc.a(_divdi3.o)
 .ARM.attributes
                0x000009cf       0x29 c:/program files/cypress/psoc creator/2.1/psoc creator/import/gnu_cs/arm/4.4.1/bin/../lib/gcc/arm-none-eabi/4.4.1/thumb2\libgcc.a(_udivdi3.o)
 .ARM.attributes
                0x000009f8       0x29 c:/program files/cypress/psoc creator/2.1/psoc creator/import/gnu_cs/arm/4.4.1/bin/../lib/gcc/arm-none-eabi/4.4.1/thumb2/crtend.o
 .ARM.attributes
                0x00000a21       0x19 c:/program files/cypress/psoc creator/2.1/psoc creator/import/gnu_cs/arm/4.4.1/bin/../lib/gcc/arm-none-eabi/4.4.1/thumb2/crtn.o
 .ARM.attributes
                0x00000a3a       0x29 c:/program files/cypress/psoc creator/2.1/psoc creator/import/gnu_cs/arm/4.4.1/bin/../lib/gcc/arm-none-eabi/4.4.1/../../../../arm-none-eabi/lib/thumb2\libcs3.a(start_c.o)
 .ARM.attributes
                0x00000a63       0x29 c:/program files/cypress/psoc creator/2.1/psoc creator/import/gnu_cs/arm/4.4.1/bin/../lib/gcc/arm-none-eabi/4.4.1/../../../../arm-none-eabi/lib/thumb2\libcs3unhosted.a(unhosted-sbrk.o)
 .ARM.attributes
                0x00000a8c       0x19 c:/program files/cypress/psoc creator/2.1/psoc creator/import/gnu_cs/arm/4.4.1/bin/../lib/gcc/arm-none-eabi/4.4.1/../../../../arm-none-eabi/lib/thumb2\libcs3micro.a(micro-vector.o)
 .ARM.attributes
                0x00000aa5       0x19 c:/program files/cypress/psoc creator/2.1/psoc creator/import/gnu_cs/arm/4.4.1/bin/../lib/gcc/arm-none-eabi/4.4.1/../../../../arm-none-eabi/lib/thumb2\libcs3micro.a(micro_isr_interrupt.o)
 .ARM.attributes
                0x00000abe       0x29 c:/program files/cypress/psoc creator/2.1/psoc creator/import/gnu_cs/arm/4.4.1/bin/../lib/gcc/arm-none-eabi/4.4.1/../../../../arm-none-eabi/lib/thumb2\libc.a(lib_a-init.o)
 .ARM.attributes
                0x00000ae7       0x29 c:/program files/cypress/psoc creator/2.1/psoc creator/import/gnu_cs/arm/4.4.1/bin/../lib/gcc/arm-none-eabi/4.4.1/../../../../arm-none-eabi/lib/thumb2\libcs3.a(heap.o)

/DISCARD/
 *(.note.GNU-stack)
OUTPUT(.\CortexM3\ARM_GCC_441\Debug\RS232.elf elf32-littlearm)
