ARM GAS  C:\DOCUME~1\student\LOCALS~1\Temp\ccVyh7v4.s 			page 1


   1              		.syntax unified
   2              		.cpu cortex-m3
   3              		.fpu softvfp
   4              		.eabi_attribute 20, 1
   5              		.eabi_attribute 21, 1
   6              		.eabi_attribute 23, 3
   7              		.eabi_attribute 24, 1
   8              		.eabi_attribute 25, 1
   9              		.eabi_attribute 26, 1
  10              		.eabi_attribute 30, 6
  11              		.eabi_attribute 18, 4
  12              		.thumb
  13              		.file	"rx_int.c"
  14              		.section	.debug_abbrev,"",%progbits
  15              	.Ldebug_abbrev0:
  16              		.section	.debug_info,"",%progbits
  17              	.Ldebug_info0:
  18              		.section	.debug_line,"",%progbits
  19              	.Ldebug_line0:
  20 0000 58010000 		.text
  20      02005E00 
  20      00000201 
  20      FB0E0D00 
  20      01010101 
  21              	.Ltext0:
  22              		.cfi_sections	.debug_frame
  23              		.section	.text.rx_int_Start,"ax",%progbits
  24              		.align	2
  25              		.global	rx_int_Start
  26              		.thumb
  27              		.thumb_func
  28              		.type	rx_int_Start, %function
  29              	rx_int_Start:
  30              	.LFB0:
  31              		.file 1 ".\\Generated_Source\\PSoC5\\rx_int.c"
   1:.\Generated_Source\PSoC5/rx_int.c **** /*******************************************************************************
   2:.\Generated_Source\PSoC5/rx_int.c **** * File Name: rx_int.c  
   3:.\Generated_Source\PSoC5/rx_int.c **** * Version 1.60
   4:.\Generated_Source\PSoC5/rx_int.c **** *
   5:.\Generated_Source\PSoC5/rx_int.c **** *  Description:
   6:.\Generated_Source\PSoC5/rx_int.c **** *   API for controlling the state of an interrupt.
   7:.\Generated_Source\PSoC5/rx_int.c **** *
   8:.\Generated_Source\PSoC5/rx_int.c **** *
   9:.\Generated_Source\PSoC5/rx_int.c **** *  Note:
  10:.\Generated_Source\PSoC5/rx_int.c **** *
  11:.\Generated_Source\PSoC5/rx_int.c **** ********************************************************************************
  12:.\Generated_Source\PSoC5/rx_int.c **** * Copyright 2008-2010, Cypress Semiconductor Corporation.  All rights reserved.
  13:.\Generated_Source\PSoC5/rx_int.c **** * You may use this file only in accordance with the license, terms, conditions, 
  14:.\Generated_Source\PSoC5/rx_int.c **** * disclaimers, and limitations in the end user license agreement accompanying 
  15:.\Generated_Source\PSoC5/rx_int.c **** * the software package with which this file was provided.
  16:.\Generated_Source\PSoC5/rx_int.c **** ********************************************************************************/
  17:.\Generated_Source\PSoC5/rx_int.c **** 
  18:.\Generated_Source\PSoC5/rx_int.c **** 
  19:.\Generated_Source\PSoC5/rx_int.c **** #include <CYDEVICE.H>
  20:.\Generated_Source\PSoC5/rx_int.c **** #include <CYDEVICE_TRM.H>
  21:.\Generated_Source\PSoC5/rx_int.c **** #include <CYLIB.H>
  22:.\Generated_Source\PSoC5/rx_int.c **** #include <rx_int.H>
ARM GAS  C:\DOCUME~1\student\LOCALS~1\Temp\ccVyh7v4.s 			page 2


  23:.\Generated_Source\PSoC5/rx_int.c **** 
  24:.\Generated_Source\PSoC5/rx_int.c **** 
  25:.\Generated_Source\PSoC5/rx_int.c **** /*******************************************************************************
  26:.\Generated_Source\PSoC5/rx_int.c **** *  Place your includes, defines and code here 
  27:.\Generated_Source\PSoC5/rx_int.c **** ********************************************************************************/
  28:.\Generated_Source\PSoC5/rx_int.c **** /* `#START rx_int_intc` */
  29:.\Generated_Source\PSoC5/rx_int.c **** 
  30:.\Generated_Source\PSoC5/rx_int.c **** /* `#END` */
  31:.\Generated_Source\PSoC5/rx_int.c **** 
  32:.\Generated_Source\PSoC5/rx_int.c **** #ifndef CYINT_IRQ_BASE
  33:.\Generated_Source\PSoC5/rx_int.c **** #define CYINT_IRQ_BASE	16
  34:.\Generated_Source\PSoC5/rx_int.c **** #endif
  35:.\Generated_Source\PSoC5/rx_int.c **** #ifndef CYINT_VECT_TABLE
  36:.\Generated_Source\PSoC5/rx_int.c **** #define CYINT_VECT_TABLE    ((cyisraddress **) CYREG_NVIC_VECT_OFFSET)
  37:.\Generated_Source\PSoC5/rx_int.c **** #endif
  38:.\Generated_Source\PSoC5/rx_int.c **** 
  39:.\Generated_Source\PSoC5/rx_int.c **** /* Declared in startup, used to set unused interrupts to. */
  40:.\Generated_Source\PSoC5/rx_int.c **** CY_ISR_PROTO(IntDefaultHandler);
  41:.\Generated_Source\PSoC5/rx_int.c **** 
  42:.\Generated_Source\PSoC5/rx_int.c **** /*******************************************************************************
  43:.\Generated_Source\PSoC5/rx_int.c **** * Function Name: rx_int_Start
  44:.\Generated_Source\PSoC5/rx_int.c **** ********************************************************************************
  45:.\Generated_Source\PSoC5/rx_int.c **** * Summary:
  46:.\Generated_Source\PSoC5/rx_int.c **** *  Set up the interrupt and enable it.
  47:.\Generated_Source\PSoC5/rx_int.c **** *
  48:.\Generated_Source\PSoC5/rx_int.c **** * Parameters:  
  49:.\Generated_Source\PSoC5/rx_int.c **** *   void.
  50:.\Generated_Source\PSoC5/rx_int.c **** *
  51:.\Generated_Source\PSoC5/rx_int.c **** *
  52:.\Generated_Source\PSoC5/rx_int.c **** * Return:
  53:.\Generated_Source\PSoC5/rx_int.c **** *   void.
  54:.\Generated_Source\PSoC5/rx_int.c **** *
  55:.\Generated_Source\PSoC5/rx_int.c **** *******************************************************************************/
  56:.\Generated_Source\PSoC5/rx_int.c **** void rx_int_Start(void)
  57:.\Generated_Source\PSoC5/rx_int.c **** {
  32              		.loc 1 57 0
  33              		.cfi_startproc
  34              		@ args = 0, pretend = 0, frame = 0
  35              		@ frame_needed = 1, uses_anonymous_args = 0
  36 0000 80B5     		push	{r7, lr}
  37              	.LCFI0:
  38              		.cfi_def_cfa_offset 8
  39 0002 00AF     		add	r7, sp, #0
  40              		.cfi_offset 14, -4
  41              		.cfi_offset 7, -8
  42              	.LCFI1:
  43              		.cfi_def_cfa_register 7
  58:.\Generated_Source\PSoC5/rx_int.c ****     /* For all we know the interrupt is active. */
  59:.\Generated_Source\PSoC5/rx_int.c ****     rx_int_Disable();
  44              		.loc 1 59 0
  45 0004 FFF7FEFF 		bl	rx_int_Disable
  60:.\Generated_Source\PSoC5/rx_int.c **** 
  61:.\Generated_Source\PSoC5/rx_int.c ****     /* Set the ISR to point to the rx_int Interrupt. */
  62:.\Generated_Source\PSoC5/rx_int.c ****     rx_int_SetVector(rx_int_Interrupt);
  46              		.loc 1 62 0
  47 0008 40F20000 		movw	r0, #:lower16:rx_int_Interrupt
  48 000c C0F20000 		movt	r0, #:upper16:rx_int_Interrupt
ARM GAS  C:\DOCUME~1\student\LOCALS~1\Temp\ccVyh7v4.s 			page 3


  49 0010 FFF7FEFF 		bl	rx_int_SetVector
  63:.\Generated_Source\PSoC5/rx_int.c **** 
  64:.\Generated_Source\PSoC5/rx_int.c ****     /* Set the priority. */
  65:.\Generated_Source\PSoC5/rx_int.c ****     rx_int_SetPriority(rx_int_INTC_PRIOR_NUMBER);
  50              		.loc 1 65 0
  51 0014 4FF00700 		mov	r0, #7
  52 0018 FFF7FEFF 		bl	rx_int_SetPriority
  66:.\Generated_Source\PSoC5/rx_int.c **** 
  67:.\Generated_Source\PSoC5/rx_int.c ****     /* Enable it. */
  68:.\Generated_Source\PSoC5/rx_int.c ****     rx_int_Enable();
  53              		.loc 1 68 0
  54 001c FFF7FEFF 		bl	rx_int_Enable
  69:.\Generated_Source\PSoC5/rx_int.c **** }
  55              		.loc 1 69 0
  56 0020 80BD     		pop	{r7, pc}
  57              		.cfi_endproc
  58              	.LFE0:
  59              		.size	rx_int_Start, .-rx_int_Start
  60 0022 00BF     		.section	.text.rx_int_StartEx,"ax",%progbits
  61              		.align	2
  62              		.global	rx_int_StartEx
  63              		.thumb
  64              		.thumb_func
  65              		.type	rx_int_StartEx, %function
  66              	rx_int_StartEx:
  67              	.LFB1:
  70:.\Generated_Source\PSoC5/rx_int.c **** 
  71:.\Generated_Source\PSoC5/rx_int.c **** /*******************************************************************************
  72:.\Generated_Source\PSoC5/rx_int.c **** * Function Name: rx_int_StartEx
  73:.\Generated_Source\PSoC5/rx_int.c **** ********************************************************************************
  74:.\Generated_Source\PSoC5/rx_int.c **** * Summary:
  75:.\Generated_Source\PSoC5/rx_int.c **** *  Set up the interrupt and enable it.
  76:.\Generated_Source\PSoC5/rx_int.c **** *
  77:.\Generated_Source\PSoC5/rx_int.c **** * Parameters:  
  78:.\Generated_Source\PSoC5/rx_int.c **** *   address: Address of the ISR to set in the interrupt vector table.
  79:.\Generated_Source\PSoC5/rx_int.c **** *
  80:.\Generated_Source\PSoC5/rx_int.c **** *
  81:.\Generated_Source\PSoC5/rx_int.c **** * Return:
  82:.\Generated_Source\PSoC5/rx_int.c **** *   void.
  83:.\Generated_Source\PSoC5/rx_int.c **** *
  84:.\Generated_Source\PSoC5/rx_int.c **** *******************************************************************************/
  85:.\Generated_Source\PSoC5/rx_int.c **** void rx_int_StartEx(cyisraddress address)
  86:.\Generated_Source\PSoC5/rx_int.c **** {
  68              		.loc 1 86 0
  69              		.cfi_startproc
  70              		@ args = 0, pretend = 0, frame = 8
  71              		@ frame_needed = 1, uses_anonymous_args = 0
  72 0000 80B5     		push	{r7, lr}
  73              	.LCFI2:
  74              		.cfi_def_cfa_offset 8
  75 0002 82B0     		sub	sp, sp, #8
  76              	.LCFI3:
  77              		.cfi_def_cfa_offset 16
  78 0004 00AF     		add	r7, sp, #0
  79              		.cfi_offset 14, -4
  80              		.cfi_offset 7, -8
  81              	.LCFI4:
ARM GAS  C:\DOCUME~1\student\LOCALS~1\Temp\ccVyh7v4.s 			page 4


  82              		.cfi_def_cfa_register 7
  83 0006 7860     		str	r0, [r7, #4]
  87:.\Generated_Source\PSoC5/rx_int.c ****     /* For all we know the interrupt is active. */
  88:.\Generated_Source\PSoC5/rx_int.c ****     rx_int_Disable();
  84              		.loc 1 88 0
  85 0008 FFF7FEFF 		bl	rx_int_Disable
  89:.\Generated_Source\PSoC5/rx_int.c **** 
  90:.\Generated_Source\PSoC5/rx_int.c ****     /* Set the ISR to point to the rx_int Interrupt. */
  91:.\Generated_Source\PSoC5/rx_int.c ****     rx_int_SetVector(address);
  86              		.loc 1 91 0
  87 000c 7868     		ldr	r0, [r7, #4]
  88 000e FFF7FEFF 		bl	rx_int_SetVector
  92:.\Generated_Source\PSoC5/rx_int.c **** 
  93:.\Generated_Source\PSoC5/rx_int.c ****     /* Set the priority. */
  94:.\Generated_Source\PSoC5/rx_int.c ****     rx_int_SetPriority(rx_int_INTC_PRIOR_NUMBER);
  89              		.loc 1 94 0
  90 0012 4FF00700 		mov	r0, #7
  91 0016 FFF7FEFF 		bl	rx_int_SetPriority
  95:.\Generated_Source\PSoC5/rx_int.c **** 
  96:.\Generated_Source\PSoC5/rx_int.c ****     /* Enable it. */
  97:.\Generated_Source\PSoC5/rx_int.c ****     rx_int_Enable();
  92              		.loc 1 97 0
  93 001a FFF7FEFF 		bl	rx_int_Enable
  98:.\Generated_Source\PSoC5/rx_int.c **** }
  94              		.loc 1 98 0
  95 001e 07F10807 		add	r7, r7, #8
  96 0022 BD46     		mov	sp, r7
  97 0024 80BD     		pop	{r7, pc}
  98              		.cfi_endproc
  99              	.LFE1:
 100              		.size	rx_int_StartEx, .-rx_int_StartEx
 101 0026 00BF     		.section	.text.rx_int_Stop,"ax",%progbits
 102              		.align	2
 103              		.global	rx_int_Stop
 104              		.thumb
 105              		.thumb_func
 106              		.type	rx_int_Stop, %function
 107              	rx_int_Stop:
 108              	.LFB2:
  99:.\Generated_Source\PSoC5/rx_int.c **** 
 100:.\Generated_Source\PSoC5/rx_int.c **** /*******************************************************************************
 101:.\Generated_Source\PSoC5/rx_int.c **** * Function Name: rx_int_Stop
 102:.\Generated_Source\PSoC5/rx_int.c **** ********************************************************************************
 103:.\Generated_Source\PSoC5/rx_int.c **** * Summary:
 104:.\Generated_Source\PSoC5/rx_int.c **** *   Disables and removes the interrupt.
 105:.\Generated_Source\PSoC5/rx_int.c **** *
 106:.\Generated_Source\PSoC5/rx_int.c **** * Parameters:  
 107:.\Generated_Source\PSoC5/rx_int.c **** *
 108:.\Generated_Source\PSoC5/rx_int.c **** *
 109:.\Generated_Source\PSoC5/rx_int.c **** * Return:
 110:.\Generated_Source\PSoC5/rx_int.c **** *   void.
 111:.\Generated_Source\PSoC5/rx_int.c **** *
 112:.\Generated_Source\PSoC5/rx_int.c **** *******************************************************************************/
 113:.\Generated_Source\PSoC5/rx_int.c **** void rx_int_Stop(void) 
 114:.\Generated_Source\PSoC5/rx_int.c **** {
 109              		.loc 1 114 0
 110              		.cfi_startproc
ARM GAS  C:\DOCUME~1\student\LOCALS~1\Temp\ccVyh7v4.s 			page 5


 111              		@ args = 0, pretend = 0, frame = 0
 112              		@ frame_needed = 1, uses_anonymous_args = 0
 113 0000 80B5     		push	{r7, lr}
 114              	.LCFI5:
 115              		.cfi_def_cfa_offset 8
 116 0002 00AF     		add	r7, sp, #0
 117              		.cfi_offset 14, -4
 118              		.cfi_offset 7, -8
 119              	.LCFI6:
 120              		.cfi_def_cfa_register 7
 115:.\Generated_Source\PSoC5/rx_int.c ****     /* Disable this interrupt. */
 116:.\Generated_Source\PSoC5/rx_int.c ****     rx_int_Disable();
 121              		.loc 1 116 0
 122 0004 FFF7FEFF 		bl	rx_int_Disable
 117:.\Generated_Source\PSoC5/rx_int.c **** 
 118:.\Generated_Source\PSoC5/rx_int.c ****     /* Set the ISR to point to the passive one. */
 119:.\Generated_Source\PSoC5/rx_int.c ****     rx_int_SetVector(IntDefaultHandler);
 123              		.loc 1 119 0
 124 0008 40F20000 		movw	r0, #:lower16:IntDefaultHandler
 125 000c C0F20000 		movt	r0, #:upper16:IntDefaultHandler
 126 0010 FFF7FEFF 		bl	rx_int_SetVector
 120:.\Generated_Source\PSoC5/rx_int.c **** }
 127              		.loc 1 120 0
 128 0014 80BD     		pop	{r7, pc}
 129              		.cfi_endproc
 130              	.LFE2:
 131              		.size	rx_int_Stop, .-rx_int_Stop
 132 0016 00BF     		.section	.text.rx_int_Interrupt,"ax",%progbits
 133              		.align	2
 134              		.global	rx_int_Interrupt
 135              		.thumb
 136              		.thumb_func
 137              		.type	rx_int_Interrupt, %function
 138              	rx_int_Interrupt:
 139              	.LFB3:
 121:.\Generated_Source\PSoC5/rx_int.c **** 
 122:.\Generated_Source\PSoC5/rx_int.c **** /*******************************************************************************
 123:.\Generated_Source\PSoC5/rx_int.c **** * Function Name: rx_int_Interrupt
 124:.\Generated_Source\PSoC5/rx_int.c **** ********************************************************************************
 125:.\Generated_Source\PSoC5/rx_int.c **** * Summary:
 126:.\Generated_Source\PSoC5/rx_int.c **** *   The default Interrupt Service Routine for rx_int.
 127:.\Generated_Source\PSoC5/rx_int.c **** *
 128:.\Generated_Source\PSoC5/rx_int.c **** *   Add custom code between the coments to keep the next version of this file
 129:.\Generated_Source\PSoC5/rx_int.c **** *   from over writting your code.
 130:.\Generated_Source\PSoC5/rx_int.c **** *
 131:.\Generated_Source\PSoC5/rx_int.c **** *
 132:.\Generated_Source\PSoC5/rx_int.c **** *
 133:.\Generated_Source\PSoC5/rx_int.c **** * Parameters:  
 134:.\Generated_Source\PSoC5/rx_int.c **** *
 135:.\Generated_Source\PSoC5/rx_int.c **** *
 136:.\Generated_Source\PSoC5/rx_int.c **** * Return:
 137:.\Generated_Source\PSoC5/rx_int.c **** *   void.
 138:.\Generated_Source\PSoC5/rx_int.c **** *
 139:.\Generated_Source\PSoC5/rx_int.c **** *******************************************************************************/
 140:.\Generated_Source\PSoC5/rx_int.c **** CY_ISR(rx_int_Interrupt)
 141:.\Generated_Source\PSoC5/rx_int.c **** {
 140              		.loc 1 141 0
ARM GAS  C:\DOCUME~1\student\LOCALS~1\Temp\ccVyh7v4.s 			page 6


 141              		.cfi_startproc
 142              		@ args = 0, pretend = 0, frame = 8
 143              		@ frame_needed = 1, uses_anonymous_args = 0
 144 0000 80B5     		push	{r7, lr}
 145              	.LCFI7:
 146              		.cfi_def_cfa_offset 8
 147 0002 82B0     		sub	sp, sp, #8
 148              	.LCFI8:
 149              		.cfi_def_cfa_offset 16
 150 0004 00AF     		add	r7, sp, #0
 151              		.cfi_offset 14, -4
 152              		.cfi_offset 7, -8
 153              	.LCFI9:
 154              		.cfi_def_cfa_register 7
 142:.\Generated_Source\PSoC5/rx_int.c ****     /*  Place your Interrupt code here. */
 143:.\Generated_Source\PSoC5/rx_int.c ****     /* `#START rx_int_Interrupt` */
 144:.\Generated_Source\PSoC5/rx_int.c ****     uint8 input = UART_ReadRxData();
 155              		.loc 1 144 0
 156 0006 FFF7FEFF 		bl	UART_ReadRxData
 157 000a 0346     		mov	r3, r0
 158 000c FB71     		strb	r3, [r7, #7]
 145:.\Generated_Source\PSoC5/rx_int.c ****     LCD_PutChar(input);     // Print received character to LCD
 159              		.loc 1 145 0
 160 000e FB79     		ldrb	r3, [r7, #7]	@ zero_extendqisi2
 161 0010 1846     		mov	r0, r3
 162 0012 FFF7FEFF 		bl	LCD_PutChar
 146:.\Generated_Source\PSoC5/rx_int.c ****     /* `#END` */
 147:.\Generated_Source\PSoC5/rx_int.c **** }
 163              		.loc 1 147 0
 164 0016 07F10807 		add	r7, r7, #8
 165 001a BD46     		mov	sp, r7
 166 001c 80BD     		pop	{r7, pc}
 167              		.cfi_endproc
 168              	.LFE3:
 169              		.size	rx_int_Interrupt, .-rx_int_Interrupt
 170 001e 00BF     		.section	.text.rx_int_SetVector,"ax",%progbits
 171              		.align	2
 172              		.global	rx_int_SetVector
 173              		.thumb
 174              		.thumb_func
 175              		.type	rx_int_SetVector, %function
 176              	rx_int_SetVector:
 177              	.LFB4:
 148:.\Generated_Source\PSoC5/rx_int.c **** 
 149:.\Generated_Source\PSoC5/rx_int.c **** /*******************************************************************************
 150:.\Generated_Source\PSoC5/rx_int.c **** * Function Name: rx_int_SetVector
 151:.\Generated_Source\PSoC5/rx_int.c **** ********************************************************************************
 152:.\Generated_Source\PSoC5/rx_int.c **** * Summary:
 153:.\Generated_Source\PSoC5/rx_int.c **** *   Change the ISR vector for the Interrupt. Note calling rx_int_Start
 154:.\Generated_Source\PSoC5/rx_int.c **** *   will override any effect this method would have had. To set the vector before
 155:.\Generated_Source\PSoC5/rx_int.c **** *   the component has been started use rx_int_StartEx instead.
 156:.\Generated_Source\PSoC5/rx_int.c **** *
 157:.\Generated_Source\PSoC5/rx_int.c **** *
 158:.\Generated_Source\PSoC5/rx_int.c **** * Parameters:
 159:.\Generated_Source\PSoC5/rx_int.c **** *   address: Address of the ISR to set in the interrupt vector table.
 160:.\Generated_Source\PSoC5/rx_int.c **** *
 161:.\Generated_Source\PSoC5/rx_int.c **** *
ARM GAS  C:\DOCUME~1\student\LOCALS~1\Temp\ccVyh7v4.s 			page 7


 162:.\Generated_Source\PSoC5/rx_int.c **** * Return:
 163:.\Generated_Source\PSoC5/rx_int.c **** *   void.
 164:.\Generated_Source\PSoC5/rx_int.c **** *
 165:.\Generated_Source\PSoC5/rx_int.c **** *
 166:.\Generated_Source\PSoC5/rx_int.c **** *******************************************************************************/
 167:.\Generated_Source\PSoC5/rx_int.c **** void rx_int_SetVector(cyisraddress address) 
 168:.\Generated_Source\PSoC5/rx_int.c **** {
 178              		.loc 1 168 0
 179              		.cfi_startproc
 180              		@ args = 0, pretend = 0, frame = 16
 181              		@ frame_needed = 1, uses_anonymous_args = 0
 182              		@ link register save eliminated.
 183 0000 80B4     		push	{r7}
 184              	.LCFI10:
 185              		.cfi_def_cfa_offset 4
 186 0002 85B0     		sub	sp, sp, #20
 187              	.LCFI11:
 188              		.cfi_def_cfa_offset 24
 189 0004 00AF     		add	r7, sp, #0
 190              		.cfi_offset 7, -4
 191              	.LCFI12:
 192              		.cfi_def_cfa_register 7
 193 0006 7860     		str	r0, [r7, #4]
 169:.\Generated_Source\PSoC5/rx_int.c ****     cyisraddress * ramVectorTable;
 170:.\Generated_Source\PSoC5/rx_int.c **** 
 171:.\Generated_Source\PSoC5/rx_int.c ****     ramVectorTable = (cyisraddress *) *CYINT_VECT_TABLE;
 194              		.loc 1 171 0
 195 0008 4EF60853 		movw	r3, #:lower16:-536810232
 196 000c CEF20003 		movt	r3, #:upper16:-536810232
 197 0010 1B68     		ldr	r3, [r3, #0]
 198 0012 FB60     		str	r3, [r7, #12]
 172:.\Generated_Source\PSoC5/rx_int.c **** 
 173:.\Generated_Source\PSoC5/rx_int.c ****     ramVectorTable[CYINT_IRQ_BASE + rx_int__INTC_NUMBER] = address;
 199              		.loc 1 173 0
 200 0014 FB68     		ldr	r3, [r7, #12]
 201 0016 03F14C03 		add	r3, r3, #76
 202 001a 7A68     		ldr	r2, [r7, #4]
 203 001c 1A60     		str	r2, [r3, #0]
 174:.\Generated_Source\PSoC5/rx_int.c **** }
 204              		.loc 1 174 0
 205 001e 07F11407 		add	r7, r7, #20
 206 0022 BD46     		mov	sp, r7
 207 0024 80BC     		pop	{r7}
 208 0026 7047     		bx	lr
 209              		.cfi_endproc
 210              	.LFE4:
 211              		.size	rx_int_SetVector, .-rx_int_SetVector
 212              		.section	.text.rx_int_GetVector,"ax",%progbits
 213              		.align	2
 214              		.global	rx_int_GetVector
 215              		.thumb
 216              		.thumb_func
 217              		.type	rx_int_GetVector, %function
 218              	rx_int_GetVector:
 219              	.LFB5:
 175:.\Generated_Source\PSoC5/rx_int.c **** 
 176:.\Generated_Source\PSoC5/rx_int.c **** /*******************************************************************************
ARM GAS  C:\DOCUME~1\student\LOCALS~1\Temp\ccVyh7v4.s 			page 8


 177:.\Generated_Source\PSoC5/rx_int.c **** * Function Name: rx_int_GetVector
 178:.\Generated_Source\PSoC5/rx_int.c **** ********************************************************************************
 179:.\Generated_Source\PSoC5/rx_int.c **** * Summary:
 180:.\Generated_Source\PSoC5/rx_int.c **** *   Gets the "address" of the current ISR vector for the Interrupt.
 181:.\Generated_Source\PSoC5/rx_int.c **** *
 182:.\Generated_Source\PSoC5/rx_int.c **** *
 183:.\Generated_Source\PSoC5/rx_int.c **** * Parameters:
 184:.\Generated_Source\PSoC5/rx_int.c **** *   void.
 185:.\Generated_Source\PSoC5/rx_int.c **** *
 186:.\Generated_Source\PSoC5/rx_int.c **** *
 187:.\Generated_Source\PSoC5/rx_int.c **** * Return:
 188:.\Generated_Source\PSoC5/rx_int.c **** *   Address of the ISR in the interrupt vector table.
 189:.\Generated_Source\PSoC5/rx_int.c **** *
 190:.\Generated_Source\PSoC5/rx_int.c **** *
 191:.\Generated_Source\PSoC5/rx_int.c **** *******************************************************************************/
 192:.\Generated_Source\PSoC5/rx_int.c **** cyisraddress rx_int_GetVector(void) 
 193:.\Generated_Source\PSoC5/rx_int.c **** {
 220              		.loc 1 193 0
 221              		.cfi_startproc
 222              		@ args = 0, pretend = 0, frame = 8
 223              		@ frame_needed = 1, uses_anonymous_args = 0
 224              		@ link register save eliminated.
 225 0000 80B4     		push	{r7}
 226              	.LCFI13:
 227              		.cfi_def_cfa_offset 4
 228 0002 83B0     		sub	sp, sp, #12
 229              	.LCFI14:
 230              		.cfi_def_cfa_offset 16
 231 0004 00AF     		add	r7, sp, #0
 232              		.cfi_offset 7, -4
 233              	.LCFI15:
 234              		.cfi_def_cfa_register 7
 194:.\Generated_Source\PSoC5/rx_int.c ****     cyisraddress * ramVectorTable;
 195:.\Generated_Source\PSoC5/rx_int.c **** 
 196:.\Generated_Source\PSoC5/rx_int.c ****     ramVectorTable = (cyisraddress *) *CYINT_VECT_TABLE;
 235              		.loc 1 196 0
 236 0006 4EF60853 		movw	r3, #:lower16:-536810232
 237 000a CEF20003 		movt	r3, #:upper16:-536810232
 238 000e 1B68     		ldr	r3, [r3, #0]
 239 0010 7B60     		str	r3, [r7, #4]
 197:.\Generated_Source\PSoC5/rx_int.c **** 
 198:.\Generated_Source\PSoC5/rx_int.c ****     return ramVectorTable[CYINT_IRQ_BASE + rx_int__INTC_NUMBER];
 240              		.loc 1 198 0
 241 0012 7B68     		ldr	r3, [r7, #4]
 242 0014 03F14C03 		add	r3, r3, #76
 243 0018 1B68     		ldr	r3, [r3, #0]
 199:.\Generated_Source\PSoC5/rx_int.c **** }
 244              		.loc 1 199 0
 245 001a 1846     		mov	r0, r3
 246 001c 07F10C07 		add	r7, r7, #12
 247 0020 BD46     		mov	sp, r7
 248 0022 80BC     		pop	{r7}
 249 0024 7047     		bx	lr
 250              		.cfi_endproc
 251              	.LFE5:
 252              		.size	rx_int_GetVector, .-rx_int_GetVector
 253 0026 00BF     		.section	.text.rx_int_SetPriority,"ax",%progbits
ARM GAS  C:\DOCUME~1\student\LOCALS~1\Temp\ccVyh7v4.s 			page 9


 254              		.align	2
 255              		.global	rx_int_SetPriority
 256              		.thumb
 257              		.thumb_func
 258              		.type	rx_int_SetPriority, %function
 259              	rx_int_SetPriority:
 260              	.LFB6:
 200:.\Generated_Source\PSoC5/rx_int.c **** 
 201:.\Generated_Source\PSoC5/rx_int.c **** /*******************************************************************************
 202:.\Generated_Source\PSoC5/rx_int.c **** * Function Name: rx_int_SetPriority
 203:.\Generated_Source\PSoC5/rx_int.c **** ********************************************************************************
 204:.\Generated_Source\PSoC5/rx_int.c **** * Summary:
 205:.\Generated_Source\PSoC5/rx_int.c **** *   Sets the Priority of the Interrupt. Note calling rx_int_Start
 206:.\Generated_Source\PSoC5/rx_int.c **** *   or rx_int_StartEx will override any effect this method would have had. 
 207:.\Generated_Source\PSoC5/rx_int.c **** *	This method should only be called after rx_int_Start or 
 208:.\Generated_Source\PSoC5/rx_int.c **** *	rx_int_StartEx has been called. To set the initial
 209:.\Generated_Source\PSoC5/rx_int.c **** *	priority for the component use the cydwr file in the tool.
 210:.\Generated_Source\PSoC5/rx_int.c **** *
 211:.\Generated_Source\PSoC5/rx_int.c **** *
 212:.\Generated_Source\PSoC5/rx_int.c **** * Parameters:
 213:.\Generated_Source\PSoC5/rx_int.c **** *   priority: Priority of the interrupt. 0 - 7, 0 being the highest.
 214:.\Generated_Source\PSoC5/rx_int.c **** *
 215:.\Generated_Source\PSoC5/rx_int.c **** *
 216:.\Generated_Source\PSoC5/rx_int.c **** * Return:
 217:.\Generated_Source\PSoC5/rx_int.c **** *   void.
 218:.\Generated_Source\PSoC5/rx_int.c **** *
 219:.\Generated_Source\PSoC5/rx_int.c **** *
 220:.\Generated_Source\PSoC5/rx_int.c **** *******************************************************************************/
 221:.\Generated_Source\PSoC5/rx_int.c **** void rx_int_SetPriority(uint8 priority) 
 222:.\Generated_Source\PSoC5/rx_int.c **** {
 261              		.loc 1 222 0
 262              		.cfi_startproc
 263              		@ args = 0, pretend = 0, frame = 8
 264              		@ frame_needed = 1, uses_anonymous_args = 0
 265              		@ link register save eliminated.
 266 0000 80B4     		push	{r7}
 267              	.LCFI16:
 268              		.cfi_def_cfa_offset 4
 269 0002 83B0     		sub	sp, sp, #12
 270              	.LCFI17:
 271              		.cfi_def_cfa_offset 16
 272 0004 00AF     		add	r7, sp, #0
 273              		.cfi_offset 7, -4
 274              	.LCFI18:
 275              		.cfi_def_cfa_register 7
 276 0006 0346     		mov	r3, r0
 277 0008 FB71     		strb	r3, [r7, #7]
 223:.\Generated_Source\PSoC5/rx_int.c ****     *rx_int_INTC_PRIOR = priority << 5;
 278              		.loc 1 223 0
 279 000a 4EF20343 		movw	r3, #:lower16:-536812541
 280 000e CEF20003 		movt	r3, #:upper16:-536812541
 281 0012 FA79     		ldrb	r2, [r7, #7]
 282 0014 4FEA4212 		lsl	r2, r2, #5
 283 0018 D2B2     		uxtb	r2, r2
 284 001a 1A70     		strb	r2, [r3, #0]
 224:.\Generated_Source\PSoC5/rx_int.c **** }
 285              		.loc 1 224 0
ARM GAS  C:\DOCUME~1\student\LOCALS~1\Temp\ccVyh7v4.s 			page 10


 286 001c 07F10C07 		add	r7, r7, #12
 287 0020 BD46     		mov	sp, r7
 288 0022 80BC     		pop	{r7}
 289 0024 7047     		bx	lr
 290              		.cfi_endproc
 291              	.LFE6:
 292              		.size	rx_int_SetPriority, .-rx_int_SetPriority
 293 0026 00BF     		.section	.text.rx_int_GetPriority,"ax",%progbits
 294              		.align	2
 295              		.global	rx_int_GetPriority
 296              		.thumb
 297              		.thumb_func
 298              		.type	rx_int_GetPriority, %function
 299              	rx_int_GetPriority:
 300              	.LFB7:
 225:.\Generated_Source\PSoC5/rx_int.c **** 
 226:.\Generated_Source\PSoC5/rx_int.c **** /*******************************************************************************
 227:.\Generated_Source\PSoC5/rx_int.c **** * Function Name: rx_int_GetPriority
 228:.\Generated_Source\PSoC5/rx_int.c **** ********************************************************************************
 229:.\Generated_Source\PSoC5/rx_int.c **** * Summary:
 230:.\Generated_Source\PSoC5/rx_int.c **** *   Gets the Priority of the Interrupt.
 231:.\Generated_Source\PSoC5/rx_int.c **** *
 232:.\Generated_Source\PSoC5/rx_int.c **** *
 233:.\Generated_Source\PSoC5/rx_int.c **** * Parameters:
 234:.\Generated_Source\PSoC5/rx_int.c **** *   void.
 235:.\Generated_Source\PSoC5/rx_int.c **** *
 236:.\Generated_Source\PSoC5/rx_int.c **** *
 237:.\Generated_Source\PSoC5/rx_int.c **** * Return:
 238:.\Generated_Source\PSoC5/rx_int.c **** *   Priority of the interrupt. 0 - 7, 0 being the highest.
 239:.\Generated_Source\PSoC5/rx_int.c **** *
 240:.\Generated_Source\PSoC5/rx_int.c **** *
 241:.\Generated_Source\PSoC5/rx_int.c **** *******************************************************************************/
 242:.\Generated_Source\PSoC5/rx_int.c **** uint8 rx_int_GetPriority(void) 
 243:.\Generated_Source\PSoC5/rx_int.c **** {
 301              		.loc 1 243 0
 302              		.cfi_startproc
 303              		@ args = 0, pretend = 0, frame = 8
 304              		@ frame_needed = 1, uses_anonymous_args = 0
 305              		@ link register save eliminated.
 306 0000 80B4     		push	{r7}
 307              	.LCFI19:
 308              		.cfi_def_cfa_offset 4
 309 0002 83B0     		sub	sp, sp, #12
 310              	.LCFI20:
 311              		.cfi_def_cfa_offset 16
 312 0004 00AF     		add	r7, sp, #0
 313              		.cfi_offset 7, -4
 314              	.LCFI21:
 315              		.cfi_def_cfa_register 7
 244:.\Generated_Source\PSoC5/rx_int.c ****     uint8 priority;
 245:.\Generated_Source\PSoC5/rx_int.c **** 
 246:.\Generated_Source\PSoC5/rx_int.c **** 
 247:.\Generated_Source\PSoC5/rx_int.c ****     priority = *rx_int_INTC_PRIOR >> 5;
 316              		.loc 1 247 0
 317 0006 4EF20343 		movw	r3, #:lower16:-536812541
 318 000a CEF20003 		movt	r3, #:upper16:-536812541
 319 000e 1B78     		ldrb	r3, [r3, #0]
ARM GAS  C:\DOCUME~1\student\LOCALS~1\Temp\ccVyh7v4.s 			page 11


 320 0010 DBB2     		uxtb	r3, r3
 321 0012 4FEA5313 		lsr	r3, r3, #5
 322 0016 FB71     		strb	r3, [r7, #7]
 248:.\Generated_Source\PSoC5/rx_int.c **** 
 249:.\Generated_Source\PSoC5/rx_int.c ****     return priority;
 323              		.loc 1 249 0
 324 0018 FB79     		ldrb	r3, [r7, #7]	@ zero_extendqisi2
 250:.\Generated_Source\PSoC5/rx_int.c **** }
 325              		.loc 1 250 0
 326 001a 1846     		mov	r0, r3
 327 001c 07F10C07 		add	r7, r7, #12
 328 0020 BD46     		mov	sp, r7
 329 0022 80BC     		pop	{r7}
 330 0024 7047     		bx	lr
 331              		.cfi_endproc
 332              	.LFE7:
 333              		.size	rx_int_GetPriority, .-rx_int_GetPriority
 334 0026 00BF     		.section	.text.rx_int_Enable,"ax",%progbits
 335              		.align	2
 336              		.global	rx_int_Enable
 337              		.thumb
 338              		.thumb_func
 339              		.type	rx_int_Enable, %function
 340              	rx_int_Enable:
 341              	.LFB8:
 251:.\Generated_Source\PSoC5/rx_int.c **** 
 252:.\Generated_Source\PSoC5/rx_int.c **** /*******************************************************************************
 253:.\Generated_Source\PSoC5/rx_int.c **** * Function Name: rx_int_Enable
 254:.\Generated_Source\PSoC5/rx_int.c **** ********************************************************************************
 255:.\Generated_Source\PSoC5/rx_int.c **** * Summary:
 256:.\Generated_Source\PSoC5/rx_int.c **** *   Enables the interrupt.
 257:.\Generated_Source\PSoC5/rx_int.c **** *
 258:.\Generated_Source\PSoC5/rx_int.c **** *
 259:.\Generated_Source\PSoC5/rx_int.c **** * Parameters:
 260:.\Generated_Source\PSoC5/rx_int.c **** *   void.
 261:.\Generated_Source\PSoC5/rx_int.c **** *
 262:.\Generated_Source\PSoC5/rx_int.c **** *
 263:.\Generated_Source\PSoC5/rx_int.c **** * Return:
 264:.\Generated_Source\PSoC5/rx_int.c **** *   void.
 265:.\Generated_Source\PSoC5/rx_int.c **** *
 266:.\Generated_Source\PSoC5/rx_int.c **** *
 267:.\Generated_Source\PSoC5/rx_int.c **** *******************************************************************************/
 268:.\Generated_Source\PSoC5/rx_int.c **** void rx_int_Enable(void) 
 269:.\Generated_Source\PSoC5/rx_int.c **** {
 342              		.loc 1 269 0
 343              		.cfi_startproc
 344              		@ args = 0, pretend = 0, frame = 0
 345              		@ frame_needed = 1, uses_anonymous_args = 0
 346              		@ link register save eliminated.
 347 0000 80B4     		push	{r7}
 348              	.LCFI22:
 349              		.cfi_def_cfa_offset 4
 350 0002 00AF     		add	r7, sp, #0
 351              		.cfi_offset 7, -4
 352              	.LCFI23:
 353              		.cfi_def_cfa_register 7
 270:.\Generated_Source\PSoC5/rx_int.c ****     /* Enable the general interrupt. */
ARM GAS  C:\DOCUME~1\student\LOCALS~1\Temp\ccVyh7v4.s 			page 12


 271:.\Generated_Source\PSoC5/rx_int.c ****     *rx_int_INTC_SET_EN = rx_int__INTC_MASK;
 354              		.loc 1 271 0
 355 0004 4EF20013 		movw	r3, #:lower16:-536813312
 356 0008 CEF20003 		movt	r3, #:upper16:-536813312
 357 000c 4FF00802 		mov	r2, #8
 358 0010 1A60     		str	r2, [r3, #0]
 272:.\Generated_Source\PSoC5/rx_int.c **** }
 359              		.loc 1 272 0
 360 0012 BD46     		mov	sp, r7
 361 0014 80BC     		pop	{r7}
 362 0016 7047     		bx	lr
 363              		.cfi_endproc
 364              	.LFE8:
 365              		.size	rx_int_Enable, .-rx_int_Enable
 366              		.section	.text.rx_int_GetState,"ax",%progbits
 367              		.align	2
 368              		.global	rx_int_GetState
 369              		.thumb
 370              		.thumb_func
 371              		.type	rx_int_GetState, %function
 372              	rx_int_GetState:
 373              	.LFB9:
 273:.\Generated_Source\PSoC5/rx_int.c **** 
 274:.\Generated_Source\PSoC5/rx_int.c **** /*******************************************************************************
 275:.\Generated_Source\PSoC5/rx_int.c **** * Function Name: rx_int_GetState
 276:.\Generated_Source\PSoC5/rx_int.c **** ********************************************************************************
 277:.\Generated_Source\PSoC5/rx_int.c **** * Summary:
 278:.\Generated_Source\PSoC5/rx_int.c **** *   Gets the state (enabled, disabled) of the Interrupt.
 279:.\Generated_Source\PSoC5/rx_int.c **** *
 280:.\Generated_Source\PSoC5/rx_int.c **** *
 281:.\Generated_Source\PSoC5/rx_int.c **** * Parameters:
 282:.\Generated_Source\PSoC5/rx_int.c **** *   void.
 283:.\Generated_Source\PSoC5/rx_int.c **** *
 284:.\Generated_Source\PSoC5/rx_int.c **** *
 285:.\Generated_Source\PSoC5/rx_int.c **** * Return:
 286:.\Generated_Source\PSoC5/rx_int.c **** *   1 if enabled, 0 if disabled.
 287:.\Generated_Source\PSoC5/rx_int.c **** *
 288:.\Generated_Source\PSoC5/rx_int.c **** *
 289:.\Generated_Source\PSoC5/rx_int.c **** *******************************************************************************/
 290:.\Generated_Source\PSoC5/rx_int.c **** uint8 rx_int_GetState(void) 
 291:.\Generated_Source\PSoC5/rx_int.c **** {
 374              		.loc 1 291 0
 375              		.cfi_startproc
 376              		@ args = 0, pretend = 0, frame = 0
 377              		@ frame_needed = 1, uses_anonymous_args = 0
 378              		@ link register save eliminated.
 379 0000 80B4     		push	{r7}
 380              	.LCFI24:
 381              		.cfi_def_cfa_offset 4
 382 0002 00AF     		add	r7, sp, #0
 383              		.cfi_offset 7, -4
 384              	.LCFI25:
 385              		.cfi_def_cfa_register 7
 292:.\Generated_Source\PSoC5/rx_int.c ****     /* Get the state of the general interrupt. */
 293:.\Generated_Source\PSoC5/rx_int.c ****     return (*rx_int_INTC_SET_EN & rx_int__INTC_MASK) ? 1:0;
 386              		.loc 1 293 0
 387 0004 4EF20013 		movw	r3, #:lower16:-536813312
ARM GAS  C:\DOCUME~1\student\LOCALS~1\Temp\ccVyh7v4.s 			page 13


 388 0008 CEF20003 		movt	r3, #:upper16:-536813312
 389 000c 1B68     		ldr	r3, [r3, #0]
 390 000e 03F00803 		and	r3, r3, #8
 391 0012 002B     		cmp	r3, #0
 392 0014 0CBF     		ite	eq
 393 0016 0023     		moveq	r3, #0
 394 0018 0123     		movne	r3, #1
 294:.\Generated_Source\PSoC5/rx_int.c **** }
 395              		.loc 1 294 0
 396 001a 1846     		mov	r0, r3
 397 001c BD46     		mov	sp, r7
 398 001e 80BC     		pop	{r7}
 399 0020 7047     		bx	lr
 400              		.cfi_endproc
 401              	.LFE9:
 402              		.size	rx_int_GetState, .-rx_int_GetState
 403 0022 00BF     		.section	.text.rx_int_Disable,"ax",%progbits
 404              		.align	2
 405              		.global	rx_int_Disable
 406              		.thumb
 407              		.thumb_func
 408              		.type	rx_int_Disable, %function
 409              	rx_int_Disable:
 410              	.LFB10:
 295:.\Generated_Source\PSoC5/rx_int.c **** 
 296:.\Generated_Source\PSoC5/rx_int.c **** /*******************************************************************************
 297:.\Generated_Source\PSoC5/rx_int.c **** * Function Name: rx_int_Disable
 298:.\Generated_Source\PSoC5/rx_int.c **** ********************************************************************************
 299:.\Generated_Source\PSoC5/rx_int.c **** * Summary:
 300:.\Generated_Source\PSoC5/rx_int.c **** *   Disables the Interrupt.
 301:.\Generated_Source\PSoC5/rx_int.c **** *
 302:.\Generated_Source\PSoC5/rx_int.c **** *
 303:.\Generated_Source\PSoC5/rx_int.c **** * Parameters:
 304:.\Generated_Source\PSoC5/rx_int.c **** *   void.
 305:.\Generated_Source\PSoC5/rx_int.c **** *
 306:.\Generated_Source\PSoC5/rx_int.c **** *
 307:.\Generated_Source\PSoC5/rx_int.c **** * Return:
 308:.\Generated_Source\PSoC5/rx_int.c **** *   void.
 309:.\Generated_Source\PSoC5/rx_int.c **** *
 310:.\Generated_Source\PSoC5/rx_int.c **** *
 311:.\Generated_Source\PSoC5/rx_int.c **** *******************************************************************************/
 312:.\Generated_Source\PSoC5/rx_int.c **** void rx_int_Disable(void) 
 313:.\Generated_Source\PSoC5/rx_int.c **** {
 411              		.loc 1 313 0
 412              		.cfi_startproc
 413              		@ args = 0, pretend = 0, frame = 0
 414              		@ frame_needed = 1, uses_anonymous_args = 0
 415              		@ link register save eliminated.
 416 0000 80B4     		push	{r7}
 417              	.LCFI26:
 418              		.cfi_def_cfa_offset 4
 419 0002 00AF     		add	r7, sp, #0
 420              		.cfi_offset 7, -4
 421              	.LCFI27:
 422              		.cfi_def_cfa_register 7
 314:.\Generated_Source\PSoC5/rx_int.c ****     /* Disable the general interrupt. */
 315:.\Generated_Source\PSoC5/rx_int.c ****     *rx_int_INTC_CLR_EN = rx_int__INTC_MASK;
ARM GAS  C:\DOCUME~1\student\LOCALS~1\Temp\ccVyh7v4.s 			page 14


 423              		.loc 1 315 0
 424 0004 4EF28013 		movw	r3, #:lower16:-536813184
 425 0008 CEF20003 		movt	r3, #:upper16:-536813184
 426 000c 4FF00802 		mov	r2, #8
 427 0010 1A60     		str	r2, [r3, #0]
 316:.\Generated_Source\PSoC5/rx_int.c **** }
 428              		.loc 1 316 0
 429 0012 BD46     		mov	sp, r7
 430 0014 80BC     		pop	{r7}
 431 0016 7047     		bx	lr
 432              		.cfi_endproc
 433              	.LFE10:
 434              		.size	rx_int_Disable, .-rx_int_Disable
 435              		.section	.text.rx_int_SetPending,"ax",%progbits
 436              		.align	2
 437              		.global	rx_int_SetPending
 438              		.thumb
 439              		.thumb_func
 440              		.type	rx_int_SetPending, %function
 441              	rx_int_SetPending:
 442              	.LFB11:
 317:.\Generated_Source\PSoC5/rx_int.c **** 
 318:.\Generated_Source\PSoC5/rx_int.c **** /*******************************************************************************
 319:.\Generated_Source\PSoC5/rx_int.c **** * Function Name: rx_int_SetPending
 320:.\Generated_Source\PSoC5/rx_int.c **** ********************************************************************************
 321:.\Generated_Source\PSoC5/rx_int.c **** * Summary:
 322:.\Generated_Source\PSoC5/rx_int.c **** *   Causes the Interrupt to enter the pending state, a software method of
 323:.\Generated_Source\PSoC5/rx_int.c **** *   generating the interrupt.
 324:.\Generated_Source\PSoC5/rx_int.c **** *
 325:.\Generated_Source\PSoC5/rx_int.c **** *
 326:.\Generated_Source\PSoC5/rx_int.c **** * Parameters:
 327:.\Generated_Source\PSoC5/rx_int.c **** *   void.
 328:.\Generated_Source\PSoC5/rx_int.c **** *
 329:.\Generated_Source\PSoC5/rx_int.c **** *
 330:.\Generated_Source\PSoC5/rx_int.c **** * Return:
 331:.\Generated_Source\PSoC5/rx_int.c **** *   void.
 332:.\Generated_Source\PSoC5/rx_int.c **** *
 333:.\Generated_Source\PSoC5/rx_int.c **** *
 334:.\Generated_Source\PSoC5/rx_int.c **** *******************************************************************************/
 335:.\Generated_Source\PSoC5/rx_int.c **** void rx_int_SetPending(void) 
 336:.\Generated_Source\PSoC5/rx_int.c **** {
 443              		.loc 1 336 0
 444              		.cfi_startproc
 445              		@ args = 0, pretend = 0, frame = 0
 446              		@ frame_needed = 1, uses_anonymous_args = 0
 447              		@ link register save eliminated.
 448 0000 80B4     		push	{r7}
 449              	.LCFI28:
 450              		.cfi_def_cfa_offset 4
 451 0002 00AF     		add	r7, sp, #0
 452              		.cfi_offset 7, -4
 453              	.LCFI29:
 454              		.cfi_def_cfa_register 7
 337:.\Generated_Source\PSoC5/rx_int.c ****     *rx_int_INTC_SET_PD = rx_int__INTC_MASK;
 455              		.loc 1 337 0
 456 0004 4EF20023 		movw	r3, #:lower16:-536813056
 457 0008 CEF20003 		movt	r3, #:upper16:-536813056
ARM GAS  C:\DOCUME~1\student\LOCALS~1\Temp\ccVyh7v4.s 			page 15


 458 000c 4FF00802 		mov	r2, #8
 459 0010 1A60     		str	r2, [r3, #0]
 338:.\Generated_Source\PSoC5/rx_int.c **** }
 460              		.loc 1 338 0
 461 0012 BD46     		mov	sp, r7
 462 0014 80BC     		pop	{r7}
 463 0016 7047     		bx	lr
 464              		.cfi_endproc
 465              	.LFE11:
 466              		.size	rx_int_SetPending, .-rx_int_SetPending
 467              		.section	.text.rx_int_ClearPending,"ax",%progbits
 468              		.align	2
 469              		.global	rx_int_ClearPending
 470              		.thumb
 471              		.thumb_func
 472              		.type	rx_int_ClearPending, %function
 473              	rx_int_ClearPending:
 474              	.LFB12:
 339:.\Generated_Source\PSoC5/rx_int.c **** 
 340:.\Generated_Source\PSoC5/rx_int.c **** /*******************************************************************************
 341:.\Generated_Source\PSoC5/rx_int.c **** * Function Name: rx_int_ClearPending
 342:.\Generated_Source\PSoC5/rx_int.c **** ********************************************************************************
 343:.\Generated_Source\PSoC5/rx_int.c **** * Summary:
 344:.\Generated_Source\PSoC5/rx_int.c **** *   Clears a pending interrupt.
 345:.\Generated_Source\PSoC5/rx_int.c **** *
 346:.\Generated_Source\PSoC5/rx_int.c **** * Parameters:
 347:.\Generated_Source\PSoC5/rx_int.c **** *   void.
 348:.\Generated_Source\PSoC5/rx_int.c **** *
 349:.\Generated_Source\PSoC5/rx_int.c **** *
 350:.\Generated_Source\PSoC5/rx_int.c **** * Return:
 351:.\Generated_Source\PSoC5/rx_int.c **** *   void.
 352:.\Generated_Source\PSoC5/rx_int.c **** *
 353:.\Generated_Source\PSoC5/rx_int.c **** *
 354:.\Generated_Source\PSoC5/rx_int.c **** *******************************************************************************/
 355:.\Generated_Source\PSoC5/rx_int.c **** void rx_int_ClearPending(void) 
 356:.\Generated_Source\PSoC5/rx_int.c **** {
 475              		.loc 1 356 0
 476              		.cfi_startproc
 477              		@ args = 0, pretend = 0, frame = 0
 478              		@ frame_needed = 1, uses_anonymous_args = 0
 479              		@ link register save eliminated.
 480 0000 80B4     		push	{r7}
 481              	.LCFI30:
 482              		.cfi_def_cfa_offset 4
 483 0002 00AF     		add	r7, sp, #0
 484              		.cfi_offset 7, -4
 485              	.LCFI31:
 486              		.cfi_def_cfa_register 7
 357:.\Generated_Source\PSoC5/rx_int.c ****     *rx_int_INTC_CLR_PD = rx_int__INTC_MASK;
 487              		.loc 1 357 0
 488 0004 4EF28023 		movw	r3, #:lower16:-536812928
 489 0008 CEF20003 		movt	r3, #:upper16:-536812928
 490 000c 4FF00802 		mov	r2, #8
 491 0010 1A60     		str	r2, [r3, #0]
 358:.\Generated_Source\PSoC5/rx_int.c **** }
 492              		.loc 1 358 0
 493 0012 BD46     		mov	sp, r7
ARM GAS  C:\DOCUME~1\student\LOCALS~1\Temp\ccVyh7v4.s 			page 16


 494 0014 80BC     		pop	{r7}
 495 0016 7047     		bx	lr
 496              		.cfi_endproc
 497              	.LFE12:
 498              		.size	rx_int_ClearPending, .-rx_int_ClearPending
 499              		.text
 500              	.Letext0:
 501              		.section	.debug_loc,"",%progbits
 502              	.Ldebug_loc0:
 503              	.LLST0:
 504 0000 00000000 		.4byte	.LFB0
 505 0004 02000000 		.4byte	.LCFI0
 506 0008 0100     		.2byte	0x1
 507 000a 5D       		.byte	0x5d
 508 000b 02000000 		.4byte	.LCFI0
 509 000f 04000000 		.4byte	.LCFI1
 510 0013 0200     		.2byte	0x2
 511 0015 7D       		.byte	0x7d
 512 0016 08       		.sleb128 8
 513 0017 04000000 		.4byte	.LCFI1
 514 001b 22000000 		.4byte	.LFE0
 515 001f 0200     		.2byte	0x2
 516 0021 77       		.byte	0x77
 517 0022 08       		.sleb128 8
 518 0023 00000000 		.4byte	0x0
 519 0027 00000000 		.4byte	0x0
 520              	.LLST1:
 521 002b 00000000 		.4byte	.LFB1
 522 002f 02000000 		.4byte	.LCFI2
 523 0033 0100     		.2byte	0x1
 524 0035 5D       		.byte	0x5d
 525 0036 02000000 		.4byte	.LCFI2
 526 003a 04000000 		.4byte	.LCFI3
 527 003e 0200     		.2byte	0x2
 528 0040 7D       		.byte	0x7d
 529 0041 08       		.sleb128 8
 530 0042 04000000 		.4byte	.LCFI3
 531 0046 06000000 		.4byte	.LCFI4
 532 004a 0200     		.2byte	0x2
 533 004c 7D       		.byte	0x7d
 534 004d 10       		.sleb128 16
 535 004e 06000000 		.4byte	.LCFI4
 536 0052 26000000 		.4byte	.LFE1
 537 0056 0200     		.2byte	0x2
 538 0058 77       		.byte	0x77
 539 0059 10       		.sleb128 16
 540 005a 00000000 		.4byte	0x0
 541 005e 00000000 		.4byte	0x0
 542              	.LLST2:
 543 0062 00000000 		.4byte	.LFB2
 544 0066 02000000 		.4byte	.LCFI5
 545 006a 0100     		.2byte	0x1
 546 006c 5D       		.byte	0x5d
 547 006d 02000000 		.4byte	.LCFI5
 548 0071 04000000 		.4byte	.LCFI6
 549 0075 0200     		.2byte	0x2
 550 0077 7D       		.byte	0x7d
ARM GAS  C:\DOCUME~1\student\LOCALS~1\Temp\ccVyh7v4.s 			page 17


 551 0078 08       		.sleb128 8
 552 0079 04000000 		.4byte	.LCFI6
 553 007d 16000000 		.4byte	.LFE2
 554 0081 0200     		.2byte	0x2
 555 0083 77       		.byte	0x77
 556 0084 08       		.sleb128 8
 557 0085 00000000 		.4byte	0x0
 558 0089 00000000 		.4byte	0x0
 559              	.LLST3:
 560 008d 00000000 		.4byte	.LFB3
 561 0091 02000000 		.4byte	.LCFI7
 562 0095 0100     		.2byte	0x1
 563 0097 5D       		.byte	0x5d
 564 0098 02000000 		.4byte	.LCFI7
 565 009c 04000000 		.4byte	.LCFI8
 566 00a0 0200     		.2byte	0x2
 567 00a2 7D       		.byte	0x7d
 568 00a3 08       		.sleb128 8
 569 00a4 04000000 		.4byte	.LCFI8
 570 00a8 06000000 		.4byte	.LCFI9
 571 00ac 0200     		.2byte	0x2
 572 00ae 7D       		.byte	0x7d
 573 00af 10       		.sleb128 16
 574 00b0 06000000 		.4byte	.LCFI9
 575 00b4 1E000000 		.4byte	.LFE3
 576 00b8 0200     		.2byte	0x2
 577 00ba 77       		.byte	0x77
 578 00bb 10       		.sleb128 16
 579 00bc 00000000 		.4byte	0x0
 580 00c0 00000000 		.4byte	0x0
 581              	.LLST4:
 582 00c4 00000000 		.4byte	.LFB4
 583 00c8 02000000 		.4byte	.LCFI10
 584 00cc 0100     		.2byte	0x1
 585 00ce 5D       		.byte	0x5d
 586 00cf 02000000 		.4byte	.LCFI10
 587 00d3 04000000 		.4byte	.LCFI11
 588 00d7 0200     		.2byte	0x2
 589 00d9 7D       		.byte	0x7d
 590 00da 04       		.sleb128 4
 591 00db 04000000 		.4byte	.LCFI11
 592 00df 06000000 		.4byte	.LCFI12
 593 00e3 0200     		.2byte	0x2
 594 00e5 7D       		.byte	0x7d
 595 00e6 18       		.sleb128 24
 596 00e7 06000000 		.4byte	.LCFI12
 597 00eb 28000000 		.4byte	.LFE4
 598 00ef 0200     		.2byte	0x2
 599 00f1 77       		.byte	0x77
 600 00f2 18       		.sleb128 24
 601 00f3 00000000 		.4byte	0x0
 602 00f7 00000000 		.4byte	0x0
 603              	.LLST5:
 604 00fb 00000000 		.4byte	.LFB5
 605 00ff 02000000 		.4byte	.LCFI13
 606 0103 0100     		.2byte	0x1
 607 0105 5D       		.byte	0x5d
ARM GAS  C:\DOCUME~1\student\LOCALS~1\Temp\ccVyh7v4.s 			page 18


 608 0106 02000000 		.4byte	.LCFI13
 609 010a 04000000 		.4byte	.LCFI14
 610 010e 0200     		.2byte	0x2
 611 0110 7D       		.byte	0x7d
 612 0111 04       		.sleb128 4
 613 0112 04000000 		.4byte	.LCFI14
 614 0116 06000000 		.4byte	.LCFI15
 615 011a 0200     		.2byte	0x2
 616 011c 7D       		.byte	0x7d
 617 011d 10       		.sleb128 16
 618 011e 06000000 		.4byte	.LCFI15
 619 0122 26000000 		.4byte	.LFE5
 620 0126 0200     		.2byte	0x2
 621 0128 77       		.byte	0x77
 622 0129 10       		.sleb128 16
 623 012a 00000000 		.4byte	0x0
 624 012e 00000000 		.4byte	0x0
 625              	.LLST6:
 626 0132 00000000 		.4byte	.LFB6
 627 0136 02000000 		.4byte	.LCFI16
 628 013a 0100     		.2byte	0x1
 629 013c 5D       		.byte	0x5d
 630 013d 02000000 		.4byte	.LCFI16
 631 0141 04000000 		.4byte	.LCFI17
 632 0145 0200     		.2byte	0x2
 633 0147 7D       		.byte	0x7d
 634 0148 04       		.sleb128 4
 635 0149 04000000 		.4byte	.LCFI17
 636 014d 06000000 		.4byte	.LCFI18
 637 0151 0200     		.2byte	0x2
 638 0153 7D       		.byte	0x7d
 639 0154 10       		.sleb128 16
 640 0155 06000000 		.4byte	.LCFI18
 641 0159 26000000 		.4byte	.LFE6
 642 015d 0200     		.2byte	0x2
 643 015f 77       		.byte	0x77
 644 0160 10       		.sleb128 16
 645 0161 00000000 		.4byte	0x0
 646 0165 00000000 		.4byte	0x0
 647              	.LLST7:
 648 0169 00000000 		.4byte	.LFB7
 649 016d 02000000 		.4byte	.LCFI19
 650 0171 0100     		.2byte	0x1
 651 0173 5D       		.byte	0x5d
 652 0174 02000000 		.4byte	.LCFI19
 653 0178 04000000 		.4byte	.LCFI20
 654 017c 0200     		.2byte	0x2
 655 017e 7D       		.byte	0x7d
 656 017f 04       		.sleb128 4
 657 0180 04000000 		.4byte	.LCFI20
 658 0184 06000000 		.4byte	.LCFI21
 659 0188 0200     		.2byte	0x2
 660 018a 7D       		.byte	0x7d
 661 018b 10       		.sleb128 16
 662 018c 06000000 		.4byte	.LCFI21
 663 0190 26000000 		.4byte	.LFE7
 664 0194 0200     		.2byte	0x2
ARM GAS  C:\DOCUME~1\student\LOCALS~1\Temp\ccVyh7v4.s 			page 19


 665 0196 77       		.byte	0x77
 666 0197 10       		.sleb128 16
 667 0198 00000000 		.4byte	0x0
 668 019c 00000000 		.4byte	0x0
 669              	.LLST8:
 670 01a0 00000000 		.4byte	.LFB8
 671 01a4 02000000 		.4byte	.LCFI22
 672 01a8 0100     		.2byte	0x1
 673 01aa 5D       		.byte	0x5d
 674 01ab 02000000 		.4byte	.LCFI22
 675 01af 04000000 		.4byte	.LCFI23
 676 01b3 0200     		.2byte	0x2
 677 01b5 7D       		.byte	0x7d
 678 01b6 04       		.sleb128 4
 679 01b7 04000000 		.4byte	.LCFI23
 680 01bb 18000000 		.4byte	.LFE8
 681 01bf 0200     		.2byte	0x2
 682 01c1 77       		.byte	0x77
 683 01c2 04       		.sleb128 4
 684 01c3 00000000 		.4byte	0x0
 685 01c7 00000000 		.4byte	0x0
 686              	.LLST9:
 687 01cb 00000000 		.4byte	.LFB9
 688 01cf 02000000 		.4byte	.LCFI24
 689 01d3 0100     		.2byte	0x1
 690 01d5 5D       		.byte	0x5d
 691 01d6 02000000 		.4byte	.LCFI24
 692 01da 04000000 		.4byte	.LCFI25
 693 01de 0200     		.2byte	0x2
 694 01e0 7D       		.byte	0x7d
 695 01e1 04       		.sleb128 4
 696 01e2 04000000 		.4byte	.LCFI25
 697 01e6 22000000 		.4byte	.LFE9
 698 01ea 0200     		.2byte	0x2
 699 01ec 77       		.byte	0x77
 700 01ed 04       		.sleb128 4
 701 01ee 00000000 		.4byte	0x0
 702 01f2 00000000 		.4byte	0x0
 703              	.LLST10:
 704 01f6 00000000 		.4byte	.LFB10
 705 01fa 02000000 		.4byte	.LCFI26
 706 01fe 0100     		.2byte	0x1
 707 0200 5D       		.byte	0x5d
 708 0201 02000000 		.4byte	.LCFI26
 709 0205 04000000 		.4byte	.LCFI27
 710 0209 0200     		.2byte	0x2
 711 020b 7D       		.byte	0x7d
 712 020c 04       		.sleb128 4
 713 020d 04000000 		.4byte	.LCFI27
 714 0211 18000000 		.4byte	.LFE10
 715 0215 0200     		.2byte	0x2
 716 0217 77       		.byte	0x77
 717 0218 04       		.sleb128 4
 718 0219 00000000 		.4byte	0x0
 719 021d 00000000 		.4byte	0x0
 720              	.LLST11:
 721 0221 00000000 		.4byte	.LFB11
ARM GAS  C:\DOCUME~1\student\LOCALS~1\Temp\ccVyh7v4.s 			page 20


 722 0225 02000000 		.4byte	.LCFI28
 723 0229 0100     		.2byte	0x1
 724 022b 5D       		.byte	0x5d
 725 022c 02000000 		.4byte	.LCFI28
 726 0230 04000000 		.4byte	.LCFI29
 727 0234 0200     		.2byte	0x2
 728 0236 7D       		.byte	0x7d
 729 0237 04       		.sleb128 4
 730 0238 04000000 		.4byte	.LCFI29
 731 023c 18000000 		.4byte	.LFE11
 732 0240 0200     		.2byte	0x2
 733 0242 77       		.byte	0x77
 734 0243 04       		.sleb128 4
 735 0244 00000000 		.4byte	0x0
 736 0248 00000000 		.4byte	0x0
 737              	.LLST12:
 738 024c 00000000 		.4byte	.LFB12
 739 0250 02000000 		.4byte	.LCFI30
 740 0254 0100     		.2byte	0x1
 741 0256 5D       		.byte	0x5d
 742 0257 02000000 		.4byte	.LCFI30
 743 025b 04000000 		.4byte	.LCFI31
 744 025f 0200     		.2byte	0x2
 745 0261 7D       		.byte	0x7d
 746 0262 04       		.sleb128 4
 747 0263 04000000 		.4byte	.LCFI31
 748 0267 18000000 		.4byte	.LFE12
 749 026b 0200     		.2byte	0x2
 750 026d 77       		.byte	0x77
 751 026e 04       		.sleb128 4
 752 026f 00000000 		.4byte	0x0
 753 0273 00000000 		.4byte	0x0
 754              		.file 2 "./Generated_Source/PSoC5/cytypes.h"
 755              		.section	.debug_info
 756 0000 3D020000 		.4byte	0x23d
 757 0004 0200     		.2byte	0x2
 758 0006 00000000 		.4byte	.Ldebug_abbrev0
 759 000a 04       		.byte	0x4
 760 000b 01       		.uleb128 0x1
 761 000c 45010000 		.4byte	.LASF28
 762 0010 01       		.byte	0x1
 763 0011 23010000 		.4byte	.LASF29
 764 0015 9E010000 		.4byte	.LASF30
 765 0019 00000000 		.4byte	0x0
 766 001d 00000000 		.4byte	0x0
 767 0021 00000000 		.4byte	.Ldebug_ranges0+0x0
 768 0025 00000000 		.4byte	.Ldebug_line0
 769 0029 02       		.uleb128 0x2
 770 002a 01       		.byte	0x1
 771 002b 06       		.byte	0x6
 772 002c C0010000 		.4byte	.LASF0
 773 0030 02       		.uleb128 0x2
 774 0031 01       		.byte	0x1
 775 0032 08       		.byte	0x8
 776 0033 61000000 		.4byte	.LASF1
 777 0037 02       		.uleb128 0x2
 778 0038 02       		.byte	0x2
ARM GAS  C:\DOCUME~1\student\LOCALS~1\Temp\ccVyh7v4.s 			page 21


 779 0039 05       		.byte	0x5
 780 003a 87010000 		.4byte	.LASF2
 781 003e 02       		.uleb128 0x2
 782 003f 02       		.byte	0x2
 783 0040 07       		.byte	0x7
 784 0041 0E000000 		.4byte	.LASF3
 785 0045 02       		.uleb128 0x2
 786 0046 04       		.byte	0x4
 787 0047 05       		.byte	0x5
 788 0048 B7010000 		.4byte	.LASF4
 789 004c 02       		.uleb128 0x2
 790 004d 04       		.byte	0x4
 791 004e 07       		.byte	0x7
 792 004f 88000000 		.4byte	.LASF5
 793 0053 02       		.uleb128 0x2
 794 0054 08       		.byte	0x8
 795 0055 05       		.byte	0x5
 796 0056 00000000 		.4byte	.LASF6
 797 005a 02       		.uleb128 0x2
 798 005b 08       		.byte	0x8
 799 005c 07       		.byte	0x7
 800 005d EF000000 		.4byte	.LASF7
 801 0061 03       		.uleb128 0x3
 802 0062 04       		.byte	0x4
 803 0063 05       		.byte	0x5
 804 0064 696E7400 		.ascii	"int\000"
 805 0068 02       		.uleb128 0x2
 806 0069 04       		.byte	0x4
 807 006a 07       		.byte	0x7
 808 006b DA000000 		.4byte	.LASF8
 809 006f 02       		.uleb128 0x2
 810 0070 01       		.byte	0x1
 811 0071 08       		.byte	0x8
 812 0072 60010000 		.4byte	.LASF9
 813 0076 04       		.uleb128 0x4
 814 0077 AB000000 		.4byte	.LASF10
 815 007b 02       		.byte	0x2
 816 007c 60       		.byte	0x60
 817 007d 30000000 		.4byte	0x30
 818 0081 05       		.uleb128 0x5
 819 0082 06010000 		.4byte	.LASF11
 820 0086 02       		.byte	0x2
 821 0087 2B01     		.2byte	0x12b
 822 0089 8D000000 		.4byte	0x8d
 823 008d 06       		.uleb128 0x6
 824 008e 04       		.byte	0x4
 825 008f 93000000 		.4byte	0x93
 826 0093 07       		.uleb128 0x7
 827 0094 01       		.byte	0x1
 828 0095 08       		.uleb128 0x8
 829 0096 04       		.byte	0x4
 830 0097 07       		.byte	0x7
 831 0098 09       		.uleb128 0x9
 832 0099 01       		.byte	0x1
 833 009a 91010000 		.4byte	.LASF12
 834 009e 01       		.byte	0x1
 835 009f 38       		.byte	0x38
ARM GAS  C:\DOCUME~1\student\LOCALS~1\Temp\ccVyh7v4.s 			page 22


 836 00a0 01       		.byte	0x1
 837 00a1 00000000 		.4byte	.LFB0
 838 00a5 22000000 		.4byte	.LFE0
 839 00a9 00000000 		.4byte	.LLST0
 840 00ad 0A       		.uleb128 0xa
 841 00ae 01       		.byte	0x1
 842 00af 51010000 		.4byte	.LASF14
 843 00b3 01       		.byte	0x1
 844 00b4 55       		.byte	0x55
 845 00b5 01       		.byte	0x1
 846 00b6 00000000 		.4byte	.LFB1
 847 00ba 26000000 		.4byte	.LFE1
 848 00be 2B000000 		.4byte	.LLST1
 849 00c2 D5000000 		.4byte	0xd5
 850 00c6 0B       		.uleb128 0xb
 851 00c7 E7000000 		.4byte	.LASF17
 852 00cb 01       		.byte	0x1
 853 00cc 55       		.byte	0x55
 854 00cd 81000000 		.4byte	0x81
 855 00d1 02       		.byte	0x2
 856 00d2 91       		.byte	0x91
 857 00d3 74       		.sleb128 -12
 858 00d4 00       		.byte	0x0
 859 00d5 09       		.uleb128 0x9
 860 00d6 01       		.byte	0x1
 861 00d7 35000000 		.4byte	.LASF13
 862 00db 01       		.byte	0x1
 863 00dc 71       		.byte	0x71
 864 00dd 01       		.byte	0x1
 865 00de 00000000 		.4byte	.LFB2
 866 00e2 16000000 		.4byte	.LFE2
 867 00e6 62000000 		.4byte	.LLST2
 868 00ea 0A       		.uleb128 0xa
 869 00eb 01       		.byte	0x1
 870 00ec B1000000 		.4byte	.LASF15
 871 00f0 01       		.byte	0x1
 872 00f1 8C       		.byte	0x8c
 873 00f2 01       		.byte	0x1
 874 00f3 00000000 		.4byte	.LFB3
 875 00f7 1E000000 		.4byte	.LFE3
 876 00fb 8D000000 		.4byte	.LLST3
 877 00ff 12010000 		.4byte	0x112
 878 0103 0C       		.uleb128 0xc
 879 0104 6F000000 		.4byte	.LASF18
 880 0108 01       		.byte	0x1
 881 0109 90       		.byte	0x90
 882 010a 76000000 		.4byte	0x76
 883 010e 02       		.byte	0x2
 884 010f 91       		.byte	0x91
 885 0110 77       		.sleb128 -9
 886 0111 00       		.byte	0x0
 887 0112 0A       		.uleb128 0xa
 888 0113 01       		.byte	0x1
 889 0114 CC010000 		.4byte	.LASF16
 890 0118 01       		.byte	0x1
 891 0119 A7       		.byte	0xa7
 892 011a 01       		.byte	0x1
ARM GAS  C:\DOCUME~1\student\LOCALS~1\Temp\ccVyh7v4.s 			page 23


 893 011b 00000000 		.4byte	.LFB4
 894 011f 28000000 		.4byte	.LFE4
 895 0123 C4000000 		.4byte	.LLST4
 896 0127 48010000 		.4byte	0x148
 897 012b 0B       		.uleb128 0xb
 898 012c E7000000 		.4byte	.LASF17
 899 0130 01       		.byte	0x1
 900 0131 A7       		.byte	0xa7
 901 0132 81000000 		.4byte	0x81
 902 0136 02       		.byte	0x2
 903 0137 91       		.byte	0x91
 904 0138 6C       		.sleb128 -20
 905 0139 0C       		.uleb128 0xc
 906 013a 65010000 		.4byte	.LASF19
 907 013e 01       		.byte	0x1
 908 013f A9       		.byte	0xa9
 909 0140 48010000 		.4byte	0x148
 910 0144 02       		.byte	0x2
 911 0145 91       		.byte	0x91
 912 0146 74       		.sleb128 -12
 913 0147 00       		.byte	0x0
 914 0148 06       		.uleb128 0x6
 915 0149 04       		.byte	0x4
 916 014a 81000000 		.4byte	0x81
 917 014e 0D       		.uleb128 0xd
 918 014f 01       		.byte	0x1
 919 0150 9A000000 		.4byte	.LASF22
 920 0154 01       		.byte	0x1
 921 0155 C0       		.byte	0xc0
 922 0156 01       		.byte	0x1
 923 0157 81000000 		.4byte	0x81
 924 015b 00000000 		.4byte	.LFB5
 925 015f 26000000 		.4byte	.LFE5
 926 0163 FB000000 		.4byte	.LLST5
 927 0167 7A010000 		.4byte	0x17a
 928 016b 0C       		.uleb128 0xc
 929 016c 65010000 		.4byte	.LASF19
 930 0170 01       		.byte	0x1
 931 0171 C2       		.byte	0xc2
 932 0172 48010000 		.4byte	0x148
 933 0176 02       		.byte	0x2
 934 0177 91       		.byte	0x91
 935 0178 74       		.sleb128 -12
 936 0179 00       		.byte	0x0
 937 017a 0A       		.uleb128 0xa
 938 017b 01       		.byte	0x1
 939 017c 74010000 		.4byte	.LASF20
 940 0180 01       		.byte	0x1
 941 0181 DD       		.byte	0xdd
 942 0182 01       		.byte	0x1
 943 0183 00000000 		.4byte	.LFB6
 944 0187 26000000 		.4byte	.LFE6
 945 018b 32010000 		.4byte	.LLST6
 946 018f A2010000 		.4byte	0x1a2
 947 0193 0B       		.uleb128 0xb
 948 0194 C2000000 		.4byte	.LASF21
 949 0198 01       		.byte	0x1
ARM GAS  C:\DOCUME~1\student\LOCALS~1\Temp\ccVyh7v4.s 			page 24


 950 0199 DD       		.byte	0xdd
 951 019a 76000000 		.4byte	0x76
 952 019e 02       		.byte	0x2
 953 019f 91       		.byte	0x91
 954 01a0 77       		.sleb128 -9
 955 01a1 00       		.byte	0x0
 956 01a2 0D       		.uleb128 0xd
 957 01a3 01       		.byte	0x1
 958 01a4 75000000 		.4byte	.LASF23
 959 01a8 01       		.byte	0x1
 960 01a9 F2       		.byte	0xf2
 961 01aa 01       		.byte	0x1
 962 01ab 76000000 		.4byte	0x76
 963 01af 00000000 		.4byte	.LFB7
 964 01b3 26000000 		.4byte	.LFE7
 965 01b7 69010000 		.4byte	.LLST7
 966 01bb CE010000 		.4byte	0x1ce
 967 01bf 0C       		.uleb128 0xc
 968 01c0 C2000000 		.4byte	.LASF21
 969 01c4 01       		.byte	0x1
 970 01c5 F4       		.byte	0xf4
 971 01c6 76000000 		.4byte	0x76
 972 01ca 02       		.byte	0x2
 973 01cb 91       		.byte	0x91
 974 01cc 77       		.sleb128 -9
 975 01cd 00       		.byte	0x0
 976 01ce 0E       		.uleb128 0xe
 977 01cf 01       		.byte	0x1
 978 01d0 53000000 		.4byte	.LASF24
 979 01d4 01       		.byte	0x1
 980 01d5 0C01     		.2byte	0x10c
 981 01d7 01       		.byte	0x1
 982 01d8 00000000 		.4byte	.LFB8
 983 01dc 18000000 		.4byte	.LFE8
 984 01e0 A0010000 		.4byte	.LLST8
 985 01e4 0F       		.uleb128 0xf
 986 01e5 01       		.byte	0x1
 987 01e6 13010000 		.4byte	.LASF31
 988 01ea 01       		.byte	0x1
 989 01eb 2201     		.2byte	0x122
 990 01ed 01       		.byte	0x1
 991 01ee 76000000 		.4byte	0x76
 992 01f2 00000000 		.4byte	.LFB9
 993 01f6 22000000 		.4byte	.LFE9
 994 01fa CB010000 		.4byte	.LLST9
 995 01fe 0E       		.uleb128 0xe
 996 01ff 01       		.byte	0x1
 997 0200 CB000000 		.4byte	.LASF25
 998 0204 01       		.byte	0x1
 999 0205 3801     		.2byte	0x138
 1000 0207 01       		.byte	0x1
 1001 0208 00000000 		.4byte	.LFB10
 1002 020c 18000000 		.4byte	.LFE10
 1003 0210 F6010000 		.4byte	.LLST10
 1004 0214 0E       		.uleb128 0xe
 1005 0215 01       		.byte	0x1
 1006 0216 41000000 		.4byte	.LASF26
ARM GAS  C:\DOCUME~1\student\LOCALS~1\Temp\ccVyh7v4.s 			page 25


 1007 021a 01       		.byte	0x1
 1008 021b 4F01     		.2byte	0x14f
 1009 021d 01       		.byte	0x1
 1010 021e 00000000 		.4byte	.LFB11
 1011 0222 18000000 		.4byte	.LFE11
 1012 0226 21020000 		.4byte	.LLST11
 1013 022a 0E       		.uleb128 0xe
 1014 022b 01       		.byte	0x1
 1015 022c 21000000 		.4byte	.LASF27
 1016 0230 01       		.byte	0x1
 1017 0231 6301     		.2byte	0x163
 1018 0233 01       		.byte	0x1
 1019 0234 00000000 		.4byte	.LFB12
 1020 0238 18000000 		.4byte	.LFE12
 1021 023c 4C020000 		.4byte	.LLST12
 1022 0240 00       		.byte	0x0
 1023              		.section	.debug_abbrev
 1024 0000 01       		.uleb128 0x1
 1025 0001 11       		.uleb128 0x11
 1026 0002 01       		.byte	0x1
 1027 0003 25       		.uleb128 0x25
 1028 0004 0E       		.uleb128 0xe
 1029 0005 13       		.uleb128 0x13
 1030 0006 0B       		.uleb128 0xb
 1031 0007 03       		.uleb128 0x3
 1032 0008 0E       		.uleb128 0xe
 1033 0009 1B       		.uleb128 0x1b
 1034 000a 0E       		.uleb128 0xe
 1035 000b 11       		.uleb128 0x11
 1036 000c 01       		.uleb128 0x1
 1037 000d 52       		.uleb128 0x52
 1038 000e 01       		.uleb128 0x1
 1039 000f 55       		.uleb128 0x55
 1040 0010 06       		.uleb128 0x6
 1041 0011 10       		.uleb128 0x10
 1042 0012 06       		.uleb128 0x6
 1043 0013 00       		.byte	0x0
 1044 0014 00       		.byte	0x0
 1045 0015 02       		.uleb128 0x2
 1046 0016 24       		.uleb128 0x24
 1047 0017 00       		.byte	0x0
 1048 0018 0B       		.uleb128 0xb
 1049 0019 0B       		.uleb128 0xb
 1050 001a 3E       		.uleb128 0x3e
 1051 001b 0B       		.uleb128 0xb
 1052 001c 03       		.uleb128 0x3
 1053 001d 0E       		.uleb128 0xe
 1054 001e 00       		.byte	0x0
 1055 001f 00       		.byte	0x0
 1056 0020 03       		.uleb128 0x3
 1057 0021 24       		.uleb128 0x24
 1058 0022 00       		.byte	0x0
 1059 0023 0B       		.uleb128 0xb
 1060 0024 0B       		.uleb128 0xb
 1061 0025 3E       		.uleb128 0x3e
 1062 0026 0B       		.uleb128 0xb
 1063 0027 03       		.uleb128 0x3
ARM GAS  C:\DOCUME~1\student\LOCALS~1\Temp\ccVyh7v4.s 			page 26


 1064 0028 08       		.uleb128 0x8
 1065 0029 00       		.byte	0x0
 1066 002a 00       		.byte	0x0
 1067 002b 04       		.uleb128 0x4
 1068 002c 16       		.uleb128 0x16
 1069 002d 00       		.byte	0x0
 1070 002e 03       		.uleb128 0x3
 1071 002f 0E       		.uleb128 0xe
 1072 0030 3A       		.uleb128 0x3a
 1073 0031 0B       		.uleb128 0xb
 1074 0032 3B       		.uleb128 0x3b
 1075 0033 0B       		.uleb128 0xb
 1076 0034 49       		.uleb128 0x49
 1077 0035 13       		.uleb128 0x13
 1078 0036 00       		.byte	0x0
 1079 0037 00       		.byte	0x0
 1080 0038 05       		.uleb128 0x5
 1081 0039 16       		.uleb128 0x16
 1082 003a 00       		.byte	0x0
 1083 003b 03       		.uleb128 0x3
 1084 003c 0E       		.uleb128 0xe
 1085 003d 3A       		.uleb128 0x3a
 1086 003e 0B       		.uleb128 0xb
 1087 003f 3B       		.uleb128 0x3b
 1088 0040 05       		.uleb128 0x5
 1089 0041 49       		.uleb128 0x49
 1090 0042 13       		.uleb128 0x13
 1091 0043 00       		.byte	0x0
 1092 0044 00       		.byte	0x0
 1093 0045 06       		.uleb128 0x6
 1094 0046 0F       		.uleb128 0xf
 1095 0047 00       		.byte	0x0
 1096 0048 0B       		.uleb128 0xb
 1097 0049 0B       		.uleb128 0xb
 1098 004a 49       		.uleb128 0x49
 1099 004b 13       		.uleb128 0x13
 1100 004c 00       		.byte	0x0
 1101 004d 00       		.byte	0x0
 1102 004e 07       		.uleb128 0x7
 1103 004f 15       		.uleb128 0x15
 1104 0050 00       		.byte	0x0
 1105 0051 27       		.uleb128 0x27
 1106 0052 0C       		.uleb128 0xc
 1107 0053 00       		.byte	0x0
 1108 0054 00       		.byte	0x0
 1109 0055 08       		.uleb128 0x8
 1110 0056 24       		.uleb128 0x24
 1111 0057 00       		.byte	0x0
 1112 0058 0B       		.uleb128 0xb
 1113 0059 0B       		.uleb128 0xb
 1114 005a 3E       		.uleb128 0x3e
 1115 005b 0B       		.uleb128 0xb
 1116 005c 00       		.byte	0x0
 1117 005d 00       		.byte	0x0
 1118 005e 09       		.uleb128 0x9
 1119 005f 2E       		.uleb128 0x2e
 1120 0060 00       		.byte	0x0
ARM GAS  C:\DOCUME~1\student\LOCALS~1\Temp\ccVyh7v4.s 			page 27


 1121 0061 3F       		.uleb128 0x3f
 1122 0062 0C       		.uleb128 0xc
 1123 0063 03       		.uleb128 0x3
 1124 0064 0E       		.uleb128 0xe
 1125 0065 3A       		.uleb128 0x3a
 1126 0066 0B       		.uleb128 0xb
 1127 0067 3B       		.uleb128 0x3b
 1128 0068 0B       		.uleb128 0xb
 1129 0069 27       		.uleb128 0x27
 1130 006a 0C       		.uleb128 0xc
 1131 006b 11       		.uleb128 0x11
 1132 006c 01       		.uleb128 0x1
 1133 006d 12       		.uleb128 0x12
 1134 006e 01       		.uleb128 0x1
 1135 006f 40       		.uleb128 0x40
 1136 0070 06       		.uleb128 0x6
 1137 0071 00       		.byte	0x0
 1138 0072 00       		.byte	0x0
 1139 0073 0A       		.uleb128 0xa
 1140 0074 2E       		.uleb128 0x2e
 1141 0075 01       		.byte	0x1
 1142 0076 3F       		.uleb128 0x3f
 1143 0077 0C       		.uleb128 0xc
 1144 0078 03       		.uleb128 0x3
 1145 0079 0E       		.uleb128 0xe
 1146 007a 3A       		.uleb128 0x3a
 1147 007b 0B       		.uleb128 0xb
 1148 007c 3B       		.uleb128 0x3b
 1149 007d 0B       		.uleb128 0xb
 1150 007e 27       		.uleb128 0x27
 1151 007f 0C       		.uleb128 0xc
 1152 0080 11       		.uleb128 0x11
 1153 0081 01       		.uleb128 0x1
 1154 0082 12       		.uleb128 0x12
 1155 0083 01       		.uleb128 0x1
 1156 0084 40       		.uleb128 0x40
 1157 0085 06       		.uleb128 0x6
 1158 0086 01       		.uleb128 0x1
 1159 0087 13       		.uleb128 0x13
 1160 0088 00       		.byte	0x0
 1161 0089 00       		.byte	0x0
 1162 008a 0B       		.uleb128 0xb
 1163 008b 05       		.uleb128 0x5
 1164 008c 00       		.byte	0x0
 1165 008d 03       		.uleb128 0x3
 1166 008e 0E       		.uleb128 0xe
 1167 008f 3A       		.uleb128 0x3a
 1168 0090 0B       		.uleb128 0xb
 1169 0091 3B       		.uleb128 0x3b
 1170 0092 0B       		.uleb128 0xb
 1171 0093 49       		.uleb128 0x49
 1172 0094 13       		.uleb128 0x13
 1173 0095 02       		.uleb128 0x2
 1174 0096 0A       		.uleb128 0xa
 1175 0097 00       		.byte	0x0
 1176 0098 00       		.byte	0x0
 1177 0099 0C       		.uleb128 0xc
ARM GAS  C:\DOCUME~1\student\LOCALS~1\Temp\ccVyh7v4.s 			page 28


 1178 009a 34       		.uleb128 0x34
 1179 009b 00       		.byte	0x0
 1180 009c 03       		.uleb128 0x3
 1181 009d 0E       		.uleb128 0xe
 1182 009e 3A       		.uleb128 0x3a
 1183 009f 0B       		.uleb128 0xb
 1184 00a0 3B       		.uleb128 0x3b
 1185 00a1 0B       		.uleb128 0xb
 1186 00a2 49       		.uleb128 0x49
 1187 00a3 13       		.uleb128 0x13
 1188 00a4 02       		.uleb128 0x2
 1189 00a5 0A       		.uleb128 0xa
 1190 00a6 00       		.byte	0x0
 1191 00a7 00       		.byte	0x0
 1192 00a8 0D       		.uleb128 0xd
 1193 00a9 2E       		.uleb128 0x2e
 1194 00aa 01       		.byte	0x1
 1195 00ab 3F       		.uleb128 0x3f
 1196 00ac 0C       		.uleb128 0xc
 1197 00ad 03       		.uleb128 0x3
 1198 00ae 0E       		.uleb128 0xe
 1199 00af 3A       		.uleb128 0x3a
 1200 00b0 0B       		.uleb128 0xb
 1201 00b1 3B       		.uleb128 0x3b
 1202 00b2 0B       		.uleb128 0xb
 1203 00b3 27       		.uleb128 0x27
 1204 00b4 0C       		.uleb128 0xc
 1205 00b5 49       		.uleb128 0x49
 1206 00b6 13       		.uleb128 0x13
 1207 00b7 11       		.uleb128 0x11
 1208 00b8 01       		.uleb128 0x1
 1209 00b9 12       		.uleb128 0x12
 1210 00ba 01       		.uleb128 0x1
 1211 00bb 40       		.uleb128 0x40
 1212 00bc 06       		.uleb128 0x6
 1213 00bd 01       		.uleb128 0x1
 1214 00be 13       		.uleb128 0x13
 1215 00bf 00       		.byte	0x0
 1216 00c0 00       		.byte	0x0
 1217 00c1 0E       		.uleb128 0xe
 1218 00c2 2E       		.uleb128 0x2e
 1219 00c3 00       		.byte	0x0
 1220 00c4 3F       		.uleb128 0x3f
 1221 00c5 0C       		.uleb128 0xc
 1222 00c6 03       		.uleb128 0x3
 1223 00c7 0E       		.uleb128 0xe
 1224 00c8 3A       		.uleb128 0x3a
 1225 00c9 0B       		.uleb128 0xb
 1226 00ca 3B       		.uleb128 0x3b
 1227 00cb 05       		.uleb128 0x5
 1228 00cc 27       		.uleb128 0x27
 1229 00cd 0C       		.uleb128 0xc
 1230 00ce 11       		.uleb128 0x11
 1231 00cf 01       		.uleb128 0x1
 1232 00d0 12       		.uleb128 0x12
 1233 00d1 01       		.uleb128 0x1
 1234 00d2 40       		.uleb128 0x40
ARM GAS  C:\DOCUME~1\student\LOCALS~1\Temp\ccVyh7v4.s 			page 29


 1235 00d3 06       		.uleb128 0x6
 1236 00d4 00       		.byte	0x0
 1237 00d5 00       		.byte	0x0
 1238 00d6 0F       		.uleb128 0xf
 1239 00d7 2E       		.uleb128 0x2e
 1240 00d8 00       		.byte	0x0
 1241 00d9 3F       		.uleb128 0x3f
 1242 00da 0C       		.uleb128 0xc
 1243 00db 03       		.uleb128 0x3
 1244 00dc 0E       		.uleb128 0xe
 1245 00dd 3A       		.uleb128 0x3a
 1246 00de 0B       		.uleb128 0xb
 1247 00df 3B       		.uleb128 0x3b
 1248 00e0 05       		.uleb128 0x5
 1249 00e1 27       		.uleb128 0x27
 1250 00e2 0C       		.uleb128 0xc
 1251 00e3 49       		.uleb128 0x49
 1252 00e4 13       		.uleb128 0x13
 1253 00e5 11       		.uleb128 0x11
 1254 00e6 01       		.uleb128 0x1
 1255 00e7 12       		.uleb128 0x12
 1256 00e8 01       		.uleb128 0x1
 1257 00e9 40       		.uleb128 0x40
 1258 00ea 06       		.uleb128 0x6
 1259 00eb 00       		.byte	0x0
 1260 00ec 00       		.byte	0x0
 1261 00ed 00       		.byte	0x0
 1262              		.section	.debug_pubnames,"",%progbits
 1263 0000 16010000 		.4byte	0x116
 1264 0004 0200     		.2byte	0x2
 1265 0006 00000000 		.4byte	.Ldebug_info0
 1266 000a 41020000 		.4byte	0x241
 1267 000e 98000000 		.4byte	0x98
 1268 0012 72785F69 		.ascii	"rx_int_Start\000"
 1268      6E745F53 
 1268      74617274 
 1268      00
 1269 001f AD000000 		.4byte	0xad
 1270 0023 72785F69 		.ascii	"rx_int_StartEx\000"
 1270      6E745F53 
 1270      74617274 
 1270      457800
 1271 0032 D5000000 		.4byte	0xd5
 1272 0036 72785F69 		.ascii	"rx_int_Stop\000"
 1272      6E745F53 
 1272      746F7000 
 1273 0042 EA000000 		.4byte	0xea
 1274 0046 72785F69 		.ascii	"rx_int_Interrupt\000"
 1274      6E745F49 
 1274      6E746572 
 1274      72757074 
 1274      00
 1275 0057 12010000 		.4byte	0x112
 1276 005b 72785F69 		.ascii	"rx_int_SetVector\000"
 1276      6E745F53 
 1276      65745665 
 1276      63746F72 
ARM GAS  C:\DOCUME~1\student\LOCALS~1\Temp\ccVyh7v4.s 			page 30


 1276      00
 1277 006c 4E010000 		.4byte	0x14e
 1278 0070 72785F69 		.ascii	"rx_int_GetVector\000"
 1278      6E745F47 
 1278      65745665 
 1278      63746F72 
 1278      00
 1279 0081 7A010000 		.4byte	0x17a
 1280 0085 72785F69 		.ascii	"rx_int_SetPriority\000"
 1280      6E745F53 
 1280      65745072 
 1280      696F7269 
 1280      747900
 1281 0098 A2010000 		.4byte	0x1a2
 1282 009c 72785F69 		.ascii	"rx_int_GetPriority\000"
 1282      6E745F47 
 1282      65745072 
 1282      696F7269 
 1282      747900
 1283 00af CE010000 		.4byte	0x1ce
 1284 00b3 72785F69 		.ascii	"rx_int_Enable\000"
 1284      6E745F45 
 1284      6E61626C 
 1284      6500
 1285 00c1 E4010000 		.4byte	0x1e4
 1286 00c5 72785F69 		.ascii	"rx_int_GetState\000"
 1286      6E745F47 
 1286      65745374 
 1286      61746500 
 1287 00d5 FE010000 		.4byte	0x1fe
 1288 00d9 72785F69 		.ascii	"rx_int_Disable\000"
 1288      6E745F44 
 1288      69736162 
 1288      6C6500
 1289 00e8 14020000 		.4byte	0x214
 1290 00ec 72785F69 		.ascii	"rx_int_SetPending\000"
 1290      6E745F53 
 1290      65745065 
 1290      6E64696E 
 1290      6700
 1291 00fe 2A020000 		.4byte	0x22a
 1292 0102 72785F69 		.ascii	"rx_int_ClearPending\000"
 1292      6E745F43 
 1292      6C656172 
 1292      50656E64 
 1292      696E6700 
 1293 0116 00000000 		.4byte	0x0
 1294              		.section	.debug_aranges,"",%progbits
 1295 0000 7C000000 		.4byte	0x7c
 1296 0004 0200     		.2byte	0x2
 1297 0006 00000000 		.4byte	.Ldebug_info0
 1298 000a 04       		.byte	0x4
 1299 000b 00       		.byte	0x0
 1300 000c 0000     		.2byte	0x0
 1301 000e 0000     		.2byte	0x0
 1302 0010 00000000 		.4byte	.LFB0
 1303 0014 22000000 		.4byte	.LFE0-.LFB0
ARM GAS  C:\DOCUME~1\student\LOCALS~1\Temp\ccVyh7v4.s 			page 31


 1304 0018 00000000 		.4byte	.LFB1
 1305 001c 26000000 		.4byte	.LFE1-.LFB1
 1306 0020 00000000 		.4byte	.LFB2
 1307 0024 16000000 		.4byte	.LFE2-.LFB2
 1308 0028 00000000 		.4byte	.LFB3
 1309 002c 1E000000 		.4byte	.LFE3-.LFB3
 1310 0030 00000000 		.4byte	.LFB4
 1311 0034 28000000 		.4byte	.LFE4-.LFB4
 1312 0038 00000000 		.4byte	.LFB5
 1313 003c 26000000 		.4byte	.LFE5-.LFB5
 1314 0040 00000000 		.4byte	.LFB6
 1315 0044 26000000 		.4byte	.LFE6-.LFB6
 1316 0048 00000000 		.4byte	.LFB7
 1317 004c 26000000 		.4byte	.LFE7-.LFB7
 1318 0050 00000000 		.4byte	.LFB8
 1319 0054 18000000 		.4byte	.LFE8-.LFB8
 1320 0058 00000000 		.4byte	.LFB9
 1321 005c 22000000 		.4byte	.LFE9-.LFB9
 1322 0060 00000000 		.4byte	.LFB10
 1323 0064 18000000 		.4byte	.LFE10-.LFB10
 1324 0068 00000000 		.4byte	.LFB11
 1325 006c 18000000 		.4byte	.LFE11-.LFB11
 1326 0070 00000000 		.4byte	.LFB12
 1327 0074 18000000 		.4byte	.LFE12-.LFB12
 1328 0078 00000000 		.4byte	0x0
 1329 007c 00000000 		.4byte	0x0
 1330              		.section	.debug_ranges,"",%progbits
 1331              	.Ldebug_ranges0:
 1332 0000 00000000 		.4byte	.Ltext0
 1333 0004 00000000 		.4byte	.Letext0
 1334 0008 00000000 		.4byte	.LFB0
 1335 000c 22000000 		.4byte	.LFE0
 1336 0010 00000000 		.4byte	.LFB1
 1337 0014 26000000 		.4byte	.LFE1
 1338 0018 00000000 		.4byte	.LFB2
 1339 001c 16000000 		.4byte	.LFE2
 1340 0020 00000000 		.4byte	.LFB3
 1341 0024 1E000000 		.4byte	.LFE3
 1342 0028 00000000 		.4byte	.LFB4
 1343 002c 28000000 		.4byte	.LFE4
 1344 0030 00000000 		.4byte	.LFB5
 1345 0034 26000000 		.4byte	.LFE5
 1346 0038 00000000 		.4byte	.LFB6
 1347 003c 26000000 		.4byte	.LFE6
 1348 0040 00000000 		.4byte	.LFB7
 1349 0044 26000000 		.4byte	.LFE7
 1350 0048 00000000 		.4byte	.LFB8
 1351 004c 18000000 		.4byte	.LFE8
 1352 0050 00000000 		.4byte	.LFB9
 1353 0054 22000000 		.4byte	.LFE9
 1354 0058 00000000 		.4byte	.LFB10
 1355 005c 18000000 		.4byte	.LFE10
 1356 0060 00000000 		.4byte	.LFB11
 1357 0064 18000000 		.4byte	.LFE11
 1358 0068 00000000 		.4byte	.LFB12
 1359 006c 18000000 		.4byte	.LFE12
 1360 0070 00000000 		.4byte	0x0
ARM GAS  C:\DOCUME~1\student\LOCALS~1\Temp\ccVyh7v4.s 			page 32


 1361 0074 00000000 		.4byte	0x0
 1362              		.section	.debug_str,"MS",%progbits,1
 1363              	.LASF6:
 1364 0000 6C6F6E67 		.ascii	"long long int\000"
 1364      206C6F6E 
 1364      6720696E 
 1364      7400
 1365              	.LASF3:
 1366 000e 73686F72 		.ascii	"short unsigned int\000"
 1366      7420756E 
 1366      7369676E 
 1366      65642069 
 1366      6E7400
 1367              	.LASF27:
 1368 0021 72785F69 		.ascii	"rx_int_ClearPending\000"
 1368      6E745F43 
 1368      6C656172 
 1368      50656E64 
 1368      696E6700 
 1369              	.LASF13:
 1370 0035 72785F69 		.ascii	"rx_int_Stop\000"
 1370      6E745F53 
 1370      746F7000 
 1371              	.LASF26:
 1372 0041 72785F69 		.ascii	"rx_int_SetPending\000"
 1372      6E745F53 
 1372      65745065 
 1372      6E64696E 
 1372      6700
 1373              	.LASF24:
 1374 0053 72785F69 		.ascii	"rx_int_Enable\000"
 1374      6E745F45 
 1374      6E61626C 
 1374      6500
 1375              	.LASF1:
 1376 0061 756E7369 		.ascii	"unsigned char\000"
 1376      676E6564 
 1376      20636861 
 1376      7200
 1377              	.LASF18:
 1378 006f 696E7075 		.ascii	"input\000"
 1378      7400
 1379              	.LASF23:
 1380 0075 72785F69 		.ascii	"rx_int_GetPriority\000"
 1380      6E745F47 
 1380      65745072 
 1380      696F7269 
 1380      747900
 1381              	.LASF5:
 1382 0088 6C6F6E67 		.ascii	"long unsigned int\000"
 1382      20756E73 
 1382      69676E65 
 1382      6420696E 
 1382      7400
 1383              	.LASF22:
 1384 009a 72785F69 		.ascii	"rx_int_GetVector\000"
 1384      6E745F47 
ARM GAS  C:\DOCUME~1\student\LOCALS~1\Temp\ccVyh7v4.s 			page 33


 1384      65745665 
 1384      63746F72 
 1384      00
 1385              	.LASF10:
 1386 00ab 75696E74 		.ascii	"uint8\000"
 1386      3800
 1387              	.LASF15:
 1388 00b1 72785F69 		.ascii	"rx_int_Interrupt\000"
 1388      6E745F49 
 1388      6E746572 
 1388      72757074 
 1388      00
 1389              	.LASF21:
 1390 00c2 7072696F 		.ascii	"priority\000"
 1390      72697479 
 1390      00
 1391              	.LASF25:
 1392 00cb 72785F69 		.ascii	"rx_int_Disable\000"
 1392      6E745F44 
 1392      69736162 
 1392      6C6500
 1393              	.LASF8:
 1394 00da 756E7369 		.ascii	"unsigned int\000"
 1394      676E6564 
 1394      20696E74 
 1394      00
 1395              	.LASF17:
 1396 00e7 61646472 		.ascii	"address\000"
 1396      65737300 
 1397              	.LASF7:
 1398 00ef 6C6F6E67 		.ascii	"long long unsigned int\000"
 1398      206C6F6E 
 1398      6720756E 
 1398      7369676E 
 1398      65642069 
 1399              	.LASF11:
 1400 0106 63796973 		.ascii	"cyisraddress\000"
 1400      72616464 
 1400      72657373 
 1400      00
 1401              	.LASF31:
 1402 0113 72785F69 		.ascii	"rx_int_GetState\000"
 1402      6E745F47 
 1402      65745374 
 1402      61746500 
 1403              	.LASF29:
 1404 0123 2E5C4765 		.ascii	".\\Generated_Source\\PSoC5\\rx_int.c\000"
 1404      6E657261 
 1404      7465645F 
 1404      536F7572 
 1404      63655C50 
 1405              	.LASF28:
 1406 0145 474E5520 		.ascii	"GNU C 4.4.1\000"
 1406      4320342E 
 1406      342E3100 
 1407              	.LASF14:
 1408 0151 72785F69 		.ascii	"rx_int_StartEx\000"
ARM GAS  C:\DOCUME~1\student\LOCALS~1\Temp\ccVyh7v4.s 			page 34


 1408      6E745F53 
 1408      74617274 
 1408      457800
 1409              	.LASF9:
 1410 0160 63686172 		.ascii	"char\000"
 1410      00
 1411              	.LASF19:
 1412 0165 72616D56 		.ascii	"ramVectorTable\000"
 1412      6563746F 
 1412      72546162 
 1412      6C6500
 1413              	.LASF20:
 1414 0174 72785F69 		.ascii	"rx_int_SetPriority\000"
 1414      6E745F53 
 1414      65745072 
 1414      696F7269 
 1414      747900
 1415              	.LASF2:
 1416 0187 73686F72 		.ascii	"short int\000"
 1416      7420696E 
 1416      7400
 1417              	.LASF12:
 1418 0191 72785F69 		.ascii	"rx_int_Start\000"
 1418      6E745F53 
 1418      74617274 
 1418      00
 1419              	.LASF30:
 1420 019e 453A5C36 		.ascii	"E:\\6.115\\FFT\\RS232.cydsn\000"
 1420      2E313135 
 1420      5C464654 
 1420      5C525332 
 1420      33322E63 
 1421              	.LASF4:
 1422 01b7 6C6F6E67 		.ascii	"long int\000"
 1422      20696E74 
 1422      00
 1423              	.LASF0:
 1424 01c0 7369676E 		.ascii	"signed char\000"
 1424      65642063 
 1424      68617200 
 1425              	.LASF16:
 1426 01cc 72785F69 		.ascii	"rx_int_SetVector\000"
 1426      6E745F53 
 1426      65745665 
 1426      63746F72 
 1426      00
 1427              		.ident	"GCC: (Sourcery G++ Lite 2010q1-188) 4.4.1"
