Archive member included because of file (symbol)

.\CortexM3\ARM_GCC_441\Debug\RS232.a(CyLib.o)
                              .\CortexM3\ARM_GCC_441\Debug\Cm3Start.o (CyResetStatus)
.\CortexM3\ARM_GCC_441\Debug\RS232.a(cyPm.o)
                              .\CortexM3\ARM_GCC_441\Debug\RS232.a(CyLib.o) (CyPmReadStatus)
.\CortexM3\ARM_GCC_441\Debug\RS232.a(LCD.o)
                              .\CortexM3\ARM_GCC_441\Debug\main.o (LCD_WriteControl)
.\CortexM3\ARM_GCC_441\Debug\RS232.a(UART.o)
                              .\CortexM3\ARM_GCC_441\Debug\main.o (UART_Start)
.\CortexM3\ARM_GCC_441\Debug\RS232.a(rx_int.o)
                              .\CortexM3\ARM_GCC_441\Debug\main.o (rx_int_Start)
.\CortexM3\ARM_GCC_441\Debug\RS232.a(PGA_1.o)
                              .\CortexM3\ARM_GCC_441\Debug\main.o (PGA_1_Start)
.\CortexM3\ARM_GCC_441\Debug\RS232.a(VDAC8_1.o)
                              .\CortexM3\ARM_GCC_441\Debug\main.o (VDAC8_1_Start)
.\CortexM3\ARM_GCC_441\Debug\RS232.a(ADC_SAR_1.o)
                              .\CortexM3\ARM_GCC_441\Debug\main.o (ADC_SAR_1_Start)
.\CortexM3\ARM_GCC_441\Debug\RS232.a(ADC_SAR_1_INT.o)
                              .\CortexM3\ARM_GCC_441\Debug\RS232.a(ADC_SAR_1.o) (ADC_SAR_1_ISR)
.\CortexM3\ARM_GCC_441\Debug\RS232.a(ADC_SAR_1_theACLK.o)
                              .\CortexM3\ARM_GCC_441\Debug\RS232.a(ADC_SAR_1.o) (ADC_SAR_1_theACLK_SetModeRegister)
.\CortexM3\ARM_GCC_441\Debug\RS232.a(FFT_ISR.o)
                              .\CortexM3\ARM_GCC_441\Debug\main.o (FFT_ISR_Start)
.\CortexM3\ARM_GCC_441\Debug\RS232.a(Clock_ISR.o)
                              .\CortexM3\ARM_GCC_441\Debug\main.o (Clock_ISR_Start)
.\CortexM3\ARM_GCC_441\Debug\RS232.a(cyfitter_cfg.o)
                              .\CortexM3\ARM_GCC_441\Debug\Cm3Start.o (cyfitter_cfg)
.\CortexM3\ARM_GCC_441\Debug\RS232.a(CyBootAsmGnu.o)
                              .\CortexM3\ARM_GCC_441\Debug\RS232.a(CyLib.o) (CyDelayCycles)
.\CortexM3\ARM_GCC_441\Debug\RS232.a(CyFlash.o)
                              .\CortexM3\ARM_GCC_441\Debug\RS232.a(cyPm.o) (CyFlash_SetWaitCycles)
.\CortexM3\ARM_GCC_441\Debug\RS232.a(CySpc.o)
                              .\CortexM3\ARM_GCC_441\Debug\RS232.a(CyFlash.o) (CySpcStart)
.\CortexM3\ARM_GCC_441\Debug\RS232.a(cyutils.o)
                              .\CortexM3\ARM_GCC_441\Debug\RS232.a(cyfitter_cfg.o) (CySetReg24)
c:/program files/cypress/psoc creator/2.1/psoc creator/import/gnu_cs/arm/4.4.1/bin/../lib/gcc/arm-none-eabi/4.4.1/../../../../arm-none-eabi/lib/thumb2\libm.a(lib_a-w_sqrt.o)
                              .\CortexM3\ARM_GCC_441\Debug\main.o (sqrt)
c:/program files/cypress/psoc creator/2.1/psoc creator/import/gnu_cs/arm/4.4.1/bin/../lib/gcc/arm-none-eabi/4.4.1/../../../../arm-none-eabi/lib/thumb2\libm.a(lib_a-e_sqrt.o)
                              c:/program files/cypress/psoc creator/2.1/psoc creator/import/gnu_cs/arm/4.4.1/bin/../lib/gcc/arm-none-eabi/4.4.1/../../../../arm-none-eabi/lib/thumb2\libm.a(lib_a-w_sqrt.o) (__ieee754_sqrt)
c:/program files/cypress/psoc creator/2.1/psoc creator/import/gnu_cs/arm/4.4.1/bin/../lib/gcc/arm-none-eabi/4.4.1/../../../../arm-none-eabi/lib/thumb2\libm.a(lib_a-s_isnand.o)
                              c:/program files/cypress/psoc creator/2.1/psoc creator/import/gnu_cs/arm/4.4.1/bin/../lib/gcc/arm-none-eabi/4.4.1/../../../../arm-none-eabi/lib/thumb2\libm.a(lib_a-w_sqrt.o) (__isnand)
c:/program files/cypress/psoc creator/2.1/psoc creator/import/gnu_cs/arm/4.4.1/bin/../lib/gcc/arm-none-eabi/4.4.1/../../../../arm-none-eabi/lib/thumb2\libm.a(lib_a-s_lib_ver.o)
                              c:/program files/cypress/psoc creator/2.1/psoc creator/import/gnu_cs/arm/4.4.1/bin/../lib/gcc/arm-none-eabi/4.4.1/../../../../arm-none-eabi/lib/thumb2\libm.a(lib_a-w_sqrt.o) (__fdlib_version)
c:/program files/cypress/psoc creator/2.1/psoc creator/import/gnu_cs/arm/4.4.1/bin/../lib/gcc/arm-none-eabi/4.4.1/../../../../arm-none-eabi/lib/thumb2\libm.a(lib_a-s_matherr.o)
                              c:/program files/cypress/psoc creator/2.1/psoc creator/import/gnu_cs/arm/4.4.1/bin/../lib/gcc/arm-none-eabi/4.4.1/../../../../arm-none-eabi/lib/thumb2\libm.a(lib_a-w_sqrt.o) (matherr)
c:/program files/cypress/psoc creator/2.1/psoc creator/import/gnu_cs/arm/4.4.1/bin/../lib/gcc/arm-none-eabi/4.4.1/thumb2\libgcc.a(_arm_addsubdf3.o)
                              .\CortexM3\ARM_GCC_441\Debug\main.o (__aeabi_dsub)
c:/program files/cypress/psoc creator/2.1/psoc creator/import/gnu_cs/arm/4.4.1/bin/../lib/gcc/arm-none-eabi/4.4.1/thumb2\libgcc.a(_arm_muldivdf3.o)
                              .\CortexM3\ARM_GCC_441\Debug\main.o (__aeabi_dmul)
c:/program files/cypress/psoc creator/2.1/psoc creator/import/gnu_cs/arm/4.4.1/bin/../lib/gcc/arm-none-eabi/4.4.1/thumb2\libgcc.a(_arm_cmpdf2.o)
[...]
Memory Configuration

Name             Origin             Length             Attributes
rom              0x00000000         0x00040000         xr
ram              0x1fff8000         0x0000b000         xrw
*default*        0x00000000         0xffffffff

Linker script and memory map

LOAD c:/program files/cypress/psoc creator/2.1/psoc creator/import/gnu_cs/arm/4.4.1/bin/../lib/gcc/arm-none-eabi/4.4.1/thumb2/crti.o
LOAD c:/program files/cypress/psoc creator/2.1/psoc creator/import/gnu_cs/arm/4.4.1/bin/../lib/gcc/arm-none-eabi/4.4.1/thumb2/crtbegin.o
START GROUP
LOAD .\CortexM3\ARM_GCC_441\Debug\main.o
LOAD .\CortexM3\ARM_GCC_441\Debug\Cm3Start.o
LOAD .\CortexM3\ARM_GCC_441\Debug\RS232.a
LOAD C:\Program Files\Cypress\PSoC Creator\2.1\PSoC Creator\psoc\content\cycomponentlibrary\CyComponentLibrary.cylib\CortexM3\ARM_GCC_441\Debug\CyComponentLibrary.a
LOAD c:/program files/cypress/psoc creator/2.1/psoc creator/import/gnu_cs/arm/4.4.1/bin/../lib/gcc/arm-none-eabi/4.4.1/../../../../arm-none-eabi/lib/thumb2\libm.a
END GROUP
START GROUP
LOAD c:/program files/cypress/psoc creator/2.1/psoc creator/import/gnu_cs/arm/4.4.1/bin/../lib/gcc/arm-none-eabi/4.4.1/thumb2\libgcc.a
LOAD c:/program files/cypress/psoc creator/2.1/psoc creator/import/gnu_cs/arm/4.4.1/bin/../lib/gcc/arm-none-eabi/4.4.1/../../../../arm-none-eabi/lib/thumb2\libc.a
END GROUP
LOAD c:/program files/cypress/psoc creator/2.1/psoc creator/import/gnu_cs/arm/4.4.1/bin/../lib/gcc/arm-none-eabi/4.4.1/thumb2/crtend.o
LOAD c:/program files/cypress/psoc creator/2.1/psoc creator/import/gnu_cs/arm/4.4.1/bin/../lib/gcc/arm-none-eabi/4.4.1/thumb2/crtn.o
START GROUP
LOAD c:/program files/cypress/psoc creator/2.1/psoc creator/import/gnu_cs/arm/4.4.1/bin/../lib/gcc/arm-none-eabi/4.4.1/thumb2\libgcc.a
LOAD c:/program files/cypress/psoc creator/2.1/psoc creator/import/gnu_cs/arm/4.4.1/bin/../lib/gcc/arm-none-eabi/4.4.1/../../../../arm-none-eabi/lib/thumb2\libc.a
LOAD c:/program files/cypress/psoc creator/2.1/psoc creator/import/gnu_cs/arm/4.4.1/bin/../lib/gcc/arm-none-eabi/4.4.1/../../../../arm-none-eabi/lib/thumb2\libcs3.a
LOAD c:/program files/cypress/psoc creator/2.1/psoc creator/import/gnu_cs/arm/4.4.1/bin/../lib/gcc/arm-none-eabi/4.4.1/../../../../arm-none-eabi/lib/thumb2\libcs3unhosted.a
LOAD c:/program files/cypress/psoc creator/2.1/psoc creator/import/gnu_cs/arm/4.4.1/bin/../lib/gcc/arm-none-eabi/4.4.1/../../../../arm-none-eabi/lib/thumb2\libcs3micro.a
END GROUP
                0x1fff8eb0                PROVIDE (__cs3_heap_start, _end)
                0x00000001                PROVIDE (__cs3_region_num, ((__cs3_regions_end - __cs3_regions) / 0x14))
                0x20008000                PROVIDE (__cs3_stack, 0x20008000)
                0x20004000                PROVIDE (__cs3_heap_end, (__cs3_stack - 0x4000))

.text           0x00000000     0x31e4
 CREATE_OBJECT_SYMBOLS
                0x00000000                __cs3_interrupt_vector = __cs3_interrupt_vector_micro
 *(.cs3.interrupt_vector)
 .cs3.interrupt_vector
                0x00000000       0xc0 c:/program files/cypress/psoc creator/2.1/psoc creator/import/gnu_cs/arm/4.4.1/bin/../lib/gcc/arm-none-eabi/4.4.1/../../../../arm-none-eabi/lib/thumb2\libcs3micro.a(micro-vector.o)
                0x00000000                __cs3_interrupt_vector_micro
                0x00000001                ASSERT ((. != __cs3_interrupt_vector_micro), No interrupt vector)
                0x00000c08                PROVIDE (__cs3_reset, Reset)
 *(.cs3.reset)
                0x00000001                ASSERT ((. != __cs3_reset), No reset code)
 *(.dma_init)
                0x00000001                ASSERT ((((0x0 + .) <= 0x10000) || 0x1), DMA Init must be within the first 64k of flash)
 *(.text.cs3.init)
 .text.cs3.init
                0x000000c0       0x5c c:/program files/cypress/psoc creator/2.1/psoc creator/import/gnu_cs/arm/4.4.1/bin/../lib/gcc/arm-none-eabi/4.4.1/../../../../arm-none-eabi/lib/thumb2\libcs3.a(start_c.o)
                0x000000c0                __cs3_start_c
 *(.text .text.* .gnu.linkonce.t.*)
 .text          0x0000011c       0x30 c:/program files/cypress/psoc creator/2.1/psoc creator/import/gnu_cs/arm/4.4.1/bin/../lib/gcc/arm-none-eabi/4.4.1/thumb2/crtbegin.o
 .text.FFT      0x0000014c      0x558 .\CortexM3\ARM_GCC_441\Debug\main.o
                0x0000014c                FFT
 .text.ResetFFT
                0x000006a4       0x80 .\CortexM3\ARM_GCC_441\Debug\main.o
                0x000006a4                ResetFFT
 .text.FFTAVG   0x00000724      0x118 .\CortexM3\ARM_GCC_441\Debug\main.o
                0x00000724                FFTAVG
 .text.updateCurrentTimeMills
                0x0000083c       0x24 .\CortexM3\ARM_GCC_441\Debug\main.o
                0x0000083c                updateCurrentTimeMills
 .text.getCurrentTimeMills
                0x00000860       0x18 .\CortexM3\ARM_GCC_441\Debug\main.o
                0x00000860                getCurrentTimeMills
 .text.UARTPrintFFTBeatInfo8051
                0x00000878       0xd8 .\CortexM3\ARM_GCC_441\Debug\main.o
                0x00000878                UARTPrintFFTBeatInfo8051
 .text.main     0x00000950        0xc .\CortexM3\ARM_GCC_441\Debug\main.o
                0x00000950                main
 .text.ProcessBeats
                0x0000095c      0x124 .\CortexM3\ARM_GCC_441\Debug\main.o
                0x0000095c                ProcessBeats
 .text.ProcessFFT
                0x00000a80       0x10 .\CortexM3\ARM_GCC_441\Debug\main.o
                0x00000a80                ProcessFFT
 .text.CalculateFFT
                0x00000a90       0xa4 .\CortexM3\ARM_GCC_441\Debug\main.o
                0x00000a90                CalculateFFT
 .text.ProcessUARTRX
                0x00000b34       0x14 .\CortexM3\ARM_GCC_441\Debug\main.o
                0x00000b34                ProcessUARTRX
 .text.InitBeatStates
                0x00000b48       0x7c .\CortexM3\ARM_GCC_441\Debug\main.o
                0x00000b48                InitBeatStates
 .text.Init     0x00000bc4       0x44 .\CortexM3\ARM_GCC_441\Debug\main.o
                0x00000bc4                Init
 .text.Reset    0x00000c08       0x24 .\CortexM3\ARM_GCC_441\Debug\Cm3Start.o
                0x00000c08                Reset
 .text.initialize_psoc
                0x00000c2c       0x9c .\CortexM3\ARM_GCC_441\Debug\Cm3Start.o
                0x00000c2c                initialize_psoc
 .text.CyHalt   0x00000cc8       0x18 .\CortexM3\ARM_GCC_441\Debug\RS232.a(CyLib.o)
                0x00000cc8                CyHalt
 .text.CyDelay  0x00000ce0       0x48 .\CortexM3\ARM_GCC_441\Debug\RS232.a(CyLib.o)
                0x00000ce0                CyDelay
 .text.CyDelayUs
                0x00000d28       0x28 .\CortexM3\ARM_GCC_441\Debug\RS232.a(CyLib.o)
                0x00000d28                CyDelayUs
 .text.CyIntSetVector
                0x00000d50       0x68 .\CortexM3\ARM_GCC_441\Debug\RS232.a(CyLib.o)
                0x00000d50                CyIntSetVector
 .text.CyIntSetPriority
                0x00000db8       0x5c .\CortexM3\ARM_GCC_441\Debug\RS232.a(CyLib.o)
                0x00000db8                CyIntSetPriority
 .text.CyIntClearPending
                0x00000e14       0x48 .\CortexM3\ARM_GCC_441\Debug\RS232.a(CyLib.o)
                0x00000e14                CyIntClearPending
 .text.LCD_Init
                0x00000e5c       0x90 .\CortexM3\ARM_GCC_441\Debug\RS232.a(LCD.o)
                0x00000e5c                LCD_Init
 .text.LCD_Enable
                0x00000eec       0x1c .\CortexM3\ARM_GCC_441\Debug\RS232.a(LCD.o)
                0x00000eec                LCD_Enable
 .text.LCD_Start
                0x00000f08       0x2c .\CortexM3\ARM_GCC_441\Debug\RS232.a(LCD.o)
                0x00000f08                LCD_Start
 .text.LCD_PutChar
                0x00000f34       0x1c .\CortexM3\ARM_GCC_441\Debug\RS232.a(LCD.o)
                0x00000f34                LCD_PutChar
 .text.LCD_WriteData
                0x00000f50       0x38 .\CortexM3\ARM_GCC_441\Debug\RS232.a(LCD.o)
                0x00000f50                LCD_WriteData
 .text.LCD_WriteControl
                0x00000f88       0x40 .\CortexM3\ARM_GCC_441\Debug\RS232.a(LCD.o)
                0x00000f88                LCD_WriteControl
 .text.LCD_IsReady
                0x00000fc8      0x204 .\CortexM3\ARM_GCC_441\Debug\RS232.a(LCD.o)
                0x00000fc8                LCD_IsReady
 .text.LCD_WrDatNib
                0x000011cc       0xac .\CortexM3\ARM_GCC_441\Debug\RS232.a(LCD.o)
                0x000011cc                LCD_WrDatNib
 .text.LCD_WrCntrlNib
                0x00001278       0x8c .\CortexM3\ARM_GCC_441\Debug\RS232.a(LCD.o)
                0x00001278                LCD_WrCntrlNib
 .text.UART_Start
                0x00001304       0x2c .\CortexM3\ARM_GCC_441\Debug\RS232.a(UART.o)
                0x00001304                UART_Start
 .text.UART_Init
                0x00001330       0x44 .\CortexM3\ARM_GCC_441\Debug\RS232.a(UART.o)
                0x00001330                UART_Init
 .text.UART_Enable
                0x00001374       0x90 .\CortexM3\ARM_GCC_441\Debug\RS232.a(UART.o)
                0x00001374                UART_Enable
 .text.UART_ReadRxData
                0x00001404       0x20 .\CortexM3\ARM_GCC_441\Debug\RS232.a(UART.o)
                0x00001404                UART_ReadRxData
 .text.UART_ClearRxBuffer
                0x00001424       0x54 .\CortexM3\ARM_GCC_441\Debug\RS232.a(UART.o)
                0x00001424                UART_ClearRxBuffer
 .text.UART_PutChar
                0x00001478       0x34 .\CortexM3\ARM_GCC_441\Debug\RS232.a(UART.o)
                0x00001478                UART_PutChar
 .text.rx_int_Start
                0x000014ac       0x24 .\CortexM3\ARM_GCC_441\Debug\RS232.a(rx_int.o)
                0x000014ac                rx_int_Start
 .text.rx_int_Interrupt
                0x000014d0       0x28 .\CortexM3\ARM_GCC_441\Debug\RS232.a(rx_int.o)
                0x000014d0                rx_int_Interrupt
 .text.rx_int_SetVector
                0x000014f8       0x28 .\CortexM3\ARM_GCC_441\Debug\RS232.a(rx_int.o)
                0x000014f8                rx_int_SetVector
 .text.rx_int_SetPriority
                0x00001520       0x28 .\CortexM3\ARM_GCC_441\Debug\RS232.a(rx_int.o)
                0x00001520                rx_int_SetPriority
 .text.rx_int_Enable
                0x00001548       0x18 .\CortexM3\ARM_GCC_441\Debug\RS232.a(rx_int.o)
                0x00001548                rx_int_Enable
 .text.rx_int_Disable
                0x00001560       0x18 .\CortexM3\ARM_GCC_441\Debug\RS232.a(rx_int.o)
                0x00001560                rx_int_Disable
 .text.PGA_1_Init
                0x00001578       0x50 .\CortexM3\ARM_GCC_441\Debug\RS232.a(PGA_1.o)
                0x00001578                PGA_1_Init
 .text.PGA_1_Enable
                0x000015c8       0x64 .\CortexM3\ARM_GCC_441\Debug\RS232.a(PGA_1.o)
                0x000015c8                PGA_1_Enable
 .text.PGA_1_Start
                0x0000162c       0x2c .\CortexM3\ARM_GCC_441\Debug\RS232.a(PGA_1.o)
                0x0000162c                PGA_1_Start
 .text.PGA_1_SetPower
                0x00001658       0x40 .\CortexM3\ARM_GCC_441\Debug\RS232.a(PGA_1.o)
                0x00001658                PGA_1_SetPower
 .text.PGA_1_SetGain
                0x00001698       0xc4 .\CortexM3\ARM_GCC_441\Debug\RS232.a(PGA_1.o)
                0x00001698                PGA_1_SetGain
 .text.VDAC8_1_Init
                0x0000175c       0x34 .\CortexM3\ARM_GCC_441\Debug\RS232.a(VDAC8_1.o)
                0x0000175c                VDAC8_1_Init
 .text.VDAC8_1_Enable
                0x00001790       0x44 .\CortexM3\ARM_GCC_441\Debug\RS232.a(VDAC8_1.o)
                0x00001790                VDAC8_1_Enable
 .text.VDAC8_1_Start
                0x000017d4       0x34 .\CortexM3\ARM_GCC_441\Debug\RS232.a(VDAC8_1.o)
                0x000017d4                VDAC8_1_Start
 .text.VDAC8_1_SetSpeed
                0x00001808       0x50 .\CortexM3\ARM_GCC_441\Debug\RS232.a(VDAC8_1.o)
                0x00001808                VDAC8_1_SetSpeed
 .text.VDAC8_1_SetRange
                0x00001858       0x54 .\CortexM3\ARM_GCC_441\Debug\RS232.a(VDAC8_1.o)
                0x00001858                VDAC8_1_SetRange
 .text.VDAC8_1_SetValue
                0x000018ac       0x20 .\CortexM3\ARM_GCC_441\Debug\RS232.a(VDAC8_1.o)
                0x000018ac                VDAC8_1_SetValue
 .text.VDAC8_1_DacTrim
                0x000018cc       0x44 .\CortexM3\ARM_GCC_441\Debug\RS232.a(VDAC8_1.o)
                0x000018cc                VDAC8_1_DacTrim
 .text.ADC_SAR_1_Start
                0x00001910       0x2c .\CortexM3\ARM_GCC_441\Debug\RS232.a(ADC_SAR_1.o)
                0x00001910                ADC_SAR_1_Start
 .text.ADC_SAR_1_Init
                0x0000193c       0x5c .\CortexM3\ARM_GCC_441\Debug\RS232.a(ADC_SAR_1.o)
                0x0000193c                ADC_SAR_1_Init
 .text.ADC_SAR_1_Enable
                0x00001998      0x148 .\CortexM3\ARM_GCC_441\Debug\RS232.a(ADC_SAR_1.o)
                0x00001998                ADC_SAR_1_Enable
 .text.ADC_SAR_1_SetResolution
                0x00001ae0       0x5c .\CortexM3\ARM_GCC_441\Debug\RS232.a(ADC_SAR_1.o)
                0x00001ae0                ADC_SAR_1_SetResolution
 .text.ADC_SAR_1_StartConvert
                0x00001b3c       0x28 .\CortexM3\ARM_GCC_441\Debug\RS232.a(ADC_SAR_1.o)
                0x00001b3c                ADC_SAR_1_StartConvert
 .text.ADC_SAR_1_IsEndConversion
                0x00001b64       0x4c .\CortexM3\ARM_GCC_441\Debug\RS232.a(ADC_SAR_1.o)
                0x00001b64                ADC_SAR_1_IsEndConversion
 .text.ADC_SAR_1_GetResult16
                0x00001bb0       0x38 .\CortexM3\ARM_GCC_441\Debug\RS232.a(ADC_SAR_1.o)
                0x00001bb0                ADC_SAR_1_GetResult16
 .text.ADC_SAR_1_CalcGain
                0x00001be8       0x84 .\CortexM3\ARM_GCC_441\Debug\RS232.a(ADC_SAR_1.o)
                0x00001be8                ADC_SAR_1_CalcGain
 .text.ADC_SAR_1_ISR
                0x00001c6c        0xc .\CortexM3\ARM_GCC_441\Debug\RS232.a(ADC_SAR_1_INT.o)
                0x00001c6c                ADC_SAR_1_ISR
 .text.ADC_SAR_1_theACLK_SetModeRegister
                0x00001c78       0x38 .\CortexM3\ARM_GCC_441\Debug\RS232.a(ADC_SAR_1_theACLK.o)
                0x00001c78                ADC_SAR_1_theACLK_SetModeRegister
 .text.FFT_ISR_Start
                0x00001cb0       0x24 .\CortexM3\ARM_GCC_441\Debug\RS232.a(FFT_ISR.o)
                0x00001cb0                FFT_ISR_Start
 .text.FFT_ISR_Interrupt
                0x00001cd4        0xc .\CortexM3\ARM_GCC_441\Debug\RS232.a(FFT_ISR.o)
                0x00001cd4                FFT_ISR_Interrupt
 .text.FFT_ISR_SetVector
                0x00001ce0       0x28 .\CortexM3\ARM_GCC_441\Debug\RS232.a(FFT_ISR.o)
                0x00001ce0                FFT_ISR_SetVector
 .text.FFT_ISR_SetPriority
                0x00001d08       0x28 .\CortexM3\ARM_GCC_441\Debug\RS232.a(FFT_ISR.o)
                0x00001d08                FFT_ISR_SetPriority
 .text.FFT_ISR_Enable
                0x00001d30       0x18 .\CortexM3\ARM_GCC_441\Debug\RS232.a(FFT_ISR.o)
                0x00001d30                FFT_ISR_Enable
 .text.FFT_ISR_Disable
                0x00001d48       0x18 .\CortexM3\ARM_GCC_441\Debug\RS232.a(FFT_ISR.o)
                0x00001d48                FFT_ISR_Disable
 .text.Clock_ISR_Start
                0x00001d60       0x24 .\CortexM3\ARM_GCC_441\Debug\RS232.a(Clock_ISR.o)
                0x00001d60                Clock_ISR_Start
 .text.Clock_ISR_Interrupt
                0x00001d84        0xc .\CortexM3\ARM_GCC_441\Debug\RS232.a(Clock_ISR.o)
                0x00001d84                Clock_ISR_Interrupt
 .text.Clock_ISR_SetVector
                0x00001d90       0x28 .\CortexM3\ARM_GCC_441\Debug\RS232.a(Clock_ISR.o)
                0x00001d90                Clock_ISR_SetVector
 .text.Clock_ISR_SetPriority
                0x00001db8       0x28 .\CortexM3\ARM_GCC_441\Debug\RS232.a(Clock_ISR.o)
                0x00001db8                Clock_ISR_SetPriority
 .text.Clock_ISR_Enable
                0x00001de0       0x18 .\CortexM3\ARM_GCC_441\Debug\RS232.a(Clock_ISR.o)
                0x00001de0                Clock_ISR_Enable
 .text.Clock_ISR_Disable
                0x00001df8       0x18 .\CortexM3\ARM_GCC_441\Debug\RS232.a(Clock_ISR.o)
                0x00001df8                Clock_ISR_Disable
 .text.cfg_write_bytes32
                0x00001e10       0x94 .\CortexM3\ARM_GCC_441\Debug\RS232.a(cyfitter_cfg.o)
 .text.ClockSetup
                0x00001ea4      0x1d4 .\CortexM3\ARM_GCC_441\Debug\RS232.a(cyfitter_cfg.o)
 .text.AnalogSetDefault
                0x00002078       0xb0 .\CortexM3\ARM_GCC_441\Debug\RS232.a(cyfitter_cfg.o)
                0x00002078                AnalogSetDefault
 .text.cyfitter_cfg
                0x00002128      0x1c0 .\CortexM3\ARM_GCC_441\Debug\RS232.a(cyfitter_cfg.o)
                0x00002128                cyfitter_cfg
 .text          0x000022e8       0x20 .\CortexM3\ARM_GCC_441\Debug\RS232.a(CyBootAsmGnu.o)
                0x000022e8                CyDelayCycles
                0x000022f8                CyEnterCriticalSection
                0x00002300                CyExitCriticalSection
 .text.CySetReg24
                0x00002308       0x4c .\CortexM3\ARM_GCC_441\Debug\RS232.a(cyutils.o)
                0x00002308                CySetReg24
 .text          0x00002354       0xac c:/program files/cypress/psoc creator/2.1/psoc creator/import/gnu_cs/arm/4.4.1/bin/../lib/gcc/arm-none-eabi/4.4.1/../../../../arm-none-eabi/lib/thumb2\libm.a(lib_a-w_sqrt.o)
                0x00002354                sqrt
 .text          0x00002400      0x1dc c:/program files/cypress/psoc creator/2.1/psoc creator/import/gnu_cs/arm/4.4.1/bin/../lib/gcc/arm-none-eabi/4.4.1/../../../../arm-none-eabi/lib/thumb2\libm.a(lib_a-e_sqrt.o)
                0x00002400                __ieee754_sqrt
 .text          0x000025dc       0x1c c:/program files/cypress/psoc creator/2.1/psoc creator/import/gnu_cs/arm/4.4.1/bin/../lib/gcc/arm-none-eabi/4.4.1/../../../../arm-none-eabi/lib/thumb2\libm.a(lib_a-s_isnand.o)
                0x000025dc                __isnand
 .text          0x000025f8        0x4 c:/program files/cypress/psoc creator/2.1/psoc creator/import/gnu_cs/arm/4.4.1/bin/../lib/gcc/arm-none-eabi/4.4.1/../../../../arm-none-eabi/lib/thumb2\libm.a(lib_a-s_matherr.o)
                0x000025f8                matherr
 .text          0x000025fc      0x370 c:/program files/cypress/psoc creator/2.1/psoc creator/import/gnu_cs/arm/4.4.1/bin/../lib/gcc/arm-none-eabi/4.4.1/thumb2\libgcc.a(_arm_addsubdf3.o)
                0x000025fc                __aeabi_drsub
                0x00002604                __aeabi_dsub
                0x00002604                __subdf3
                0x00002608                __aeabi_dadd
                0x00002608                __adddf3
                0x00002880                __floatunsidf
                0x00002880                __aeabi_ui2d
                0x000028a0                __floatsidf
                0x000028a0                __aeabi_i2d
                0x000028c4                __aeabi_f2d
                0x000028c4                __extendsfdf2
                0x00002900                __floatundidf
                0x00002900                __aeabi_ul2d
                0x00002910                __floatdidf
                0x00002910                __aeabi_l2d
 .text          0x0000296c      0x424 c:/program files/cypress/psoc creator/2.1/psoc creator/import/gnu_cs/arm/4.4.1/bin/../lib/gcc/arm-none-eabi/4.4.1/thumb2\libgcc.a(_arm_muldivdf3.o)
                0x0000296c                __aeabi_dmul
                0x0000296c                __muldf3
                0x00002bc0                __divdf3
                0x00002bc0                __aeabi_ddiv
 .text          0x00002d90      0x110 c:/program files/cypress/psoc creator/2.1/psoc creator/import/gnu_cs/arm/4.4.1/bin/../lib/gcc/arm-none-eabi/4.4.1/thumb2\libgcc.a(_arm_cmpdf2.o)
                0x00002d90                __gtdf2
                0x00002d90                __gedf2
                0x00002d98                __ltdf2
                0x00002d98                __ledf2
                0x00002da0                __nedf2
                0x00002da0                __eqdf2
                0x00002da0                __cmpdf2
                0x00002e1c                __aeabi_cdrcmple
                0x00002e2c                __aeabi_cdcmpeq
                0x00002e2c                __aeabi_cdcmple
                0x00002e3c                __aeabi_dcmpeq
                0x00002e50                __aeabi_dcmplt
                0x00002e64                __aeabi_dcmple
                0x00002e78                __aeabi_dcmpge
                0x00002e8c                __aeabi_dcmpgt
 .text          0x00002ea0       0x50 c:/program files/cypress/psoc creator/2.1/psoc creator/import/gnu_cs/arm/4.4.1/bin/../lib/gcc/arm-none-eabi/4.4.1/thumb2\libgcc.a(_arm_fixdfsi.o)
                0x00002ea0                __aeabi_d2iz
                0x00002ea0                __fixdfsi
 .text          0x00002ef0        0xc c:/program files/cypress/psoc creator/2.1/psoc creator/import/gnu_cs/arm/4.4.1/bin/../lib/gcc/arm-none-eabi/4.4.1/../../../../arm-none-eabi/lib/thumb2\libc.a(lib_a-errno.o)
                0x00002ef0                __errno
 .text          0x00002efc      0x190 c:/program files/cypress/psoc creator/2.1/psoc creator/import/gnu_cs/arm/4.4.1/bin/../lib/gcc/arm-none-eabi/4.4.1/../../../../arm-none-eabi/lib/thumb2\libc.a(lib_a-memcpy.o)
                0x00002efc                memcpy
 .text          0x0000308c       0xd4 c:/program files/cypress/psoc creator/2.1/psoc creator/import/gnu_cs/arm/4.4.1/bin/../lib/gcc/arm-none-eabi/4.4.1/../../../../arm-none-eabi/lib/thumb2\libc.a(lib_a-memset.o)
                0x0000308c                memset
 .text          0x00003160       0x30 c:/program files/cypress/psoc creator/2.1/psoc creator/import/gnu_cs/arm/4.4.1/bin/../lib/gcc/arm-none-eabi/4.4.1/../../../../arm-none-eabi/lib/thumb2\libcs3.a(start_c.o)
                0x00003160                __cs3_premain
 .text          0x00003190        0x2 c:/program files/cypress/psoc creator/2.1/psoc creator/import/gnu_cs/arm/4.4.1/bin/../lib/gcc/arm-none-eabi/4.4.1/../../../../arm-none-eabi/lib/thumb2\libcs3micro.a(micro_isr_interrupt.o)
                0x00003190                __cs3_isr_external_24
                0x00003190                __cs3_isr_external_9
                0x00003190                __cs3_isr_external_14
                0x00003190                __cs3_isr_reserved_9
                0x00003190                __cs3_isr_external_4
                0x00003190                __cs3_isr_external_21
                0x00003190                __cs3_isr_external_0
                0x00003190                __cs3_isr_external_27
                0x00003190                __cs3_isr_external_11
                0x00003190                __cs3_isr_usage_fault
                0x00003190                __cs3_isr_svcall
                0x00003190                __cs3_isr_external_3
                0x00003190                __cs3_isr_mpu_fault
                0x00003190                __cs3_isr_external_16
                0x00003190                __cs3_isr_pendsv
                0x00003190                __cs3_isr_external_31
                0x00003190                __cs3_isr_nmi
                0x00003190                __cs3_isr_external_5
                0x00003190                __cs3_isr_external_6
                0x00003190                __cs3_isr_external_12
                0x00003190                __cs3_isr_hard_fault
                0x00003190                __cs3_isr_bus_fault
                0x00003190                __cs3_isr_external_1
                0x00003190                __cs3_isr_external_13
                0x00003190                __cs3_isr_external_30
                0x00003190                __cs3_isr_external_23
                0x00003190                __cs3_isr_external_20
                0x00003190                __cs3_isr_debug
                0x00003190                __cs3_isr_reserved_13
                0x00003190                __cs3_isr_external_8
                0x00003190                __cs3_isr_external_26
                0x00003190                __cs3_isr_reserved_8
                0x00003190                __cs3_isr_reserved_7
                0x00003190                __cs3_isr_external_7
                0x00003190                __cs3_isr_external_28
                0x00003190                __cs3_isr_systick
                0x00003190                __cs3_isr_external_22
                0x00003190                __cs3_isr_external_10
                0x00003190                __cs3_isr_external_15
                0x00003190                __cs3_isr_interrupt
                0x00003190                __cs3_isr_external_18
                0x00003190                __cs3_isr_external_29
                0x00003190                __cs3_isr_external_25
                0x00003190                __cs3_isr_reserved_10
                0x00003190                __cs3_isr_external_2
                0x00003190                __cs3_isr_external_17
                0x00003190                __cs3_isr_external_19
 *fill*         0x00003192        0x2 00
 .text          0x00003194       0x50 c:/program files/cypress/psoc creator/2.1/psoc creator/import/gnu_cs/arm/4.4.1/bin/../lib/gcc/arm-none-eabi/4.4.1/../../../../arm-none-eabi/lib/thumb2\libc.a(lib_a-init.o)
                0x00003194                __libc_init_array
 *(.plt)
 *(.gnu.warning)
 *(.glue_7t)
 .glue_7t       0x00000000        0x0 linker stubs
 *(.glue_7)
 .glue_7        0x00000000        0x0 linker stubs
 *(.vfp11_veneer)
 .vfp11_veneer  0x00000000        0x0 linker stubs
 *(.bootloader)
 *(.ARM.extab* .gnu.linkonce.armextab.*)
 *(.gcc_except_table)

.v4_bx          0x000031e4        0x0
 .v4_bx         0x00000000        0x0 linker stubs

.eh_frame_hdr
 *(.eh_frame_hdr)

.eh_frame
 *(.eh_frame)
                0x000031e4                PROVIDE (__exidx_start, .)

.ARM.exidx
 *(.ARM.exidx* .gnu.linkonce.armexidx.*)
                0x000031e4                __exidx_end = .

.rodata         0x000031e4       0xa4
 *(.rodata .rodata.* .gnu.linkonce.r.*)
 .rodata        0x000031e4        0xc .\CortexM3\ARM_GCC_441\Debug\main.o
                0x000031e4                BEAT_TIMEOUT_MILLS
 .rodata        0x000031f0       0x18 .\CortexM3\ARM_GCC_441\Debug\RS232.a(PGA_1.o)
                0x000031f0                PGA_1_GainArray
                0x000031fc                PGA_1_GainComp
 .rodata        0x00003208       0x38 .\CortexM3\ARM_GCC_441\Debug\RS232.a(cyfitter_cfg.o)
 .rodata.str1.4
                0x00003240        0x5 c:/program files/cypress/psoc creator/2.1/psoc creator/import/gnu_cs/arm/4.4.1/bin/../lib/gcc/arm-none-eabi/4.4.1/../../../../arm-none-eabi/lib/thumb2\libm.a(lib_a-w_sqrt.o)
                                  0x8 (size before relaxing)
 *fill*         0x00003245        0x3 00
 .rodata.str1.4
                0x00003248        0x4 c:/program files/cypress/psoc creator/2.1/psoc creator/import/gnu_cs/arm/4.4.1/bin/../lib/gcc/arm-none-eabi/4.4.1/../../../../arm-none-eabi/lib/thumb2\libc.a(lib_a-impure.o)
                0x0000324c                . = ALIGN (0x4)
 *(.init)
 .init          0x0000324c        0x4 c:/program files/cypress/psoc creator/2.1/psoc creator/import/gnu_cs/arm/4.4.1/bin/../lib/gcc/arm-none-eabi/4.4.1/thumb2/crti.o
                0x0000324c                _init
 .init          0x00003250        0x8 c:/program files/cypress/psoc creator/2.1/psoc creator/import/gnu_cs/arm/4.4.1/bin/../lib/gcc/arm-none-eabi/4.4.1/thumb2/crtn.o
                0x00003258                . = ALIGN (0x4)
                0x00003258                __preinit_array_start = .
 *(.preinit_array)
                0x00003258                __preinit_array_end = .
                0x00003258                . = ALIGN (0x4)
                0x00003258                __init_array_start = .
 *(SORT(.init_array.*))
 *(.init_array)
 .init_array    0x00003258        0x4 c:/program files/cypress/psoc creator/2.1/psoc creator/import/gnu_cs/arm/4.4.1/bin/../lib/gcc/arm-none-eabi/4.4.1/thumb2/crtbegin.o
 .init_array    0x0000325c        0x4 .\CortexM3\ARM_GCC_441\Debug\Cm3Start.o
                0x00003260                __init_array_end = .
                0x00003260                . = ALIGN (0x4)
 *(.fini)
 .fini          0x00003260        0x4 c:/program files/cypress/psoc creator/2.1/psoc creator/import/gnu_cs/arm/4.4.1/bin/../lib/gcc/arm-none-eabi/4.4.1/thumb2/crti.o
                0x00003260                _fini
 .fini          0x00003264        0x8 c:/program files/cypress/psoc creator/2.1/psoc creator/import/gnu_cs/arm/4.4.1/bin/../lib/gcc/arm-none-eabi/4.4.1/thumb2/crtn.o
                0x0000326c                . = ALIGN (0x4)
                0x0000326c                __fini_array_start = .
 *(.fini_array)
 .fini_array    0x0000326c        0x4 c:/program files/cypress/psoc creator/2.1/psoc creator/import/gnu_cs/arm/4.4.1/bin/../lib/gcc/arm-none-eabi/4.4.1/thumb2/crtbegin.o
 *(SORT(.fini_array.*))
                0x00003270                __fini_array_end = .
                0x00003270                . = ALIGN (0x4)
 *crtbegin.o(.ctors)
 *(EXCLUDE_FILE(*crtend.o) .ctors)
 *(SORT(.ctors.*))
 *crtend.o(.ctors)
                0x00003270                . = ALIGN (0x4)
 *crtbegin.o(.dtors)
 *(EXCLUDE_FILE(*crtend.o) .dtors)
 *(SORT(.dtors.*))
 *crtend.o(.dtors)
                0x00003270                . = ALIGN (0x4)
                0x00003270                __cs3_regions = .
                0x00003270        0x4 LONG 0x0
                0x00003274        0x4 LONG 0x3288 __cs3_region_init_ram
                0x00003278        0x4 LONG 0x1fff8000 __cs3_region_start_ram
                0x0000327c        0x4 LONG 0x210 __cs3_region_init_size_ram
                0x00003280        0x4 LONG 0xca0 __cs3_region_zero_size_ram
                0x00003284                __cs3_regions_end = .
                0x00003288                . = ALIGN (0x8)
 *fill*         0x00003284        0x4 00
                0x00003288                _etext = .

.data           0x1fff8000      0x210 load address 0x00003288
                0x1fff8000                __cs3_region_start_ram = .
 *(.cs3.region-head.ram)
                0x1fff8001                ASSERT ((. == __cs3_region_start_ram), .cs3.region-head.ram not permitted)
 *(.ramvectors)
 .ramvectors    0x1fff8000      0x100 .\CortexM3\ARM_GCC_441\Debug\Cm3Start.o
                0x1fff8000                CyRamVectors
 *(.jcr)
 .jcr           0x1fff8100        0x0 c:/program files/cypress/psoc creator/2.1/psoc creator/import/gnu_cs/arm/4.4.1/bin/../lib/gcc/arm-none-eabi/4.4.1/thumb2/crtbegin.o
 .jcr           0x1fff8100        0x4 c:/program files/cypress/psoc creator/2.1/psoc creator/import/gnu_cs/arm/4.4.1/bin/../lib/gcc/arm-none-eabi/4.4.1/thumb2/crtend.o
 *(.got.plt)
 *(.got)
 *(.shdata)
 *(.data .data.* .gnu.linkonce.d.*)
 .data          0x1fff8104       0x10 .\CortexM3\ARM_GCC_441\Debug\RS232.a(CyLib.o)
                0x1fff8104                cydelay_freq_hz
                0x1fff8108                cydelay_freq_khz
                0x1fff810c                cydelay_freq_mhz
                0x1fff8110                cydelay_32k_ms
 .data          0x1fff8114        0x1 c:/program files/cypress/psoc creator/2.1/psoc creator/import/gnu_cs/arm/4.4.1/bin/../lib/gcc/arm-none-eabi/4.4.1/../../../../arm-none-eabi/lib/thumb2\libm.a(lib_a-s_lib_ver.o)
                0x1fff8114                __fdlib_version
 *fill*         0x1fff8115        0x3 00
 .data          0x1fff8118       0xf4 c:/program files/cypress/psoc creator/2.1/psoc creator/import/gnu_cs/arm/4.4.1/bin/../lib/gcc/arm-none-eabi/4.4.1/../../../../arm-none-eabi/lib/thumb2\libc.a(lib_a-impure.o)
                0x1fff8118                _impure_ptr
                0x1fff8210                . = ALIGN (0x8)
 *fill*         0x1fff820c        0x4 00
 *(.ram)
                0x1fff8210                _edata = .

.bss            0x1fff8210      0xca0 load address 0x00003498
 *(.shbss)
 *(.bss .bss.* .gnu.linkonce.b.*)
 .bss           0x1fff8210        0x1 c:/program files/cypress/psoc creator/2.1/psoc creator/import/gnu_cs/arm/4.4.1/bin/../lib/gcc/arm-none-eabi/4.4.1/thumb2/crtbegin.o
 *fill*         0x1fff8211        0x7 00
 .bss           0x1fff8218      0xc58 .\CortexM3\ARM_GCC_441\Debug\main.o
                0x1fff8218                mod
                0x1fff8618                data_re
                0x1fff8a18                data_imm
                0x1fff8e18                mod_avg
                0x1fff8e58                currentTimeMills
                0x1fff8e5c                adcResult
                0x1fff8e60                zero
                0x1fff8e68                global_i
 .bss           0x1fff8e70        0x2 .\CortexM3\ARM_GCC_441\Debug\RS232.a(LCD.o)
                0x1fff8e70                LCD_enableState
                0x1fff8e71                LCD_initVar
 .bss           0x1fff8e72        0x2 .\CortexM3\ARM_GCC_441\Debug\RS232.a(UART.o)
                0x1fff8e72                UART_initVar
 .bss           0x1fff8e74        0x1 .\CortexM3\ARM_GCC_441\Debug\RS232.a(PGA_1.o)
                0x1fff8e74                PGA_1_initVar
 .bss           0x1fff8e75        0x1 .\CortexM3\ARM_GCC_441\Debug\RS232.a(VDAC8_1.o)
                0x1fff8e75                VDAC8_1_initVar
 .bss           0x1fff8e76        0x1 .\CortexM3\ARM_GCC_441\Debug\RS232.a(ADC_SAR_1.o)
                0x1fff8e76                ADC_SAR_1_initVar
 *(COMMON)
 *fill*         0x1fff8e77        0x1 00
 COMMON         0x1fff8e78       0x30 .\CortexM3\ARM_GCC_441\Debug\main.o
                0x1fff8e78                beat1
                0x1fff8e88                ind
                0x1fff8e90                max
                0x1fff8e98                beat2
 COMMON         0x1fff8ea8        0x1 .\CortexM3\ARM_GCC_441\Debug\RS232.a(CyLib.o)
                0x1fff8ea8                CyResetStatus
 *fill*         0x1fff8ea9        0x1 00
 COMMON         0x1fff8eaa        0x6 .\CortexM3\ARM_GCC_441\Debug\RS232.a(ADC_SAR_1.o)
                0x1fff8eaa                ADC_SAR_1_countsPerVolt
                0x1fff8eac                ADC_SAR_1_shift
                0x1fff8eae                ADC_SAR_1_offset
                0x1fff8eb0                . = ALIGN (0x8)
 *(.ram.b)
                0x1fff8eb0                _end = .
                0x1fff8eb0                __end = .
                0x20003000                __cs3_region_end_ram = (__cs3_region_start_ram + 0xb000)
                0x0000b000                __cs3_region_size_ram = 0xb000
                0x00003288                __cs3_region_init_ram = LOADADDR (.data)
                0x00000210                __cs3_region_init_size_ram = (_edata - ADDR (.data))
                0x00000ca0                __cs3_region_zero_size_ram = (_end - _edata)

.stab
 *(.stab)

.stabstr
 *(.stabstr)

.debug
 *(.debug)

.line
 *(.line)

.debug_srcinfo
 *(.debug_srcinfo)

.debug_sfnames
 *(.debug_sfnames)

.comment        0x00000000      0x306
 .comment       0x00000000       0x2b .\CortexM3\ARM_GCC_441\Debug\main.o
 .comment       0x0000002b       0x2b .\CortexM3\ARM_GCC_441\Debug\Cm3Start.o
 .comment       0x00000056       0x2b .\CortexM3\ARM_GCC_441\Debug\RS232.a(CyLib.o)
 .comment       0x00000081       0x2b .\CortexM3\ARM_GCC_441\Debug\RS232.a(cyPm.o)
 .comment       0x000000ac       0x2b .\CortexM3\ARM_GCC_441\Debug\RS232.a(LCD.o)
 .comment       0x000000d7       0x2b .\CortexM3\ARM_GCC_441\Debug\RS232.a(UART.o)
 .comment       0x00000102       0x2b .\CortexM3\ARM_GCC_441\Debug\RS232.a(rx_int.o)
 .comment       0x0000012d       0x2b .\CortexM3\ARM_GCC_441\Debug\RS232.a(PGA_1.o)
 .comment       0x00000158       0x2b .\CortexM3\ARM_GCC_441\Debug\RS232.a(VDAC8_1.o)
 .comment       0x00000183       0x2b .\CortexM3\ARM_GCC_441\Debug\RS232.a(ADC_SAR_1.o)
 .comment       0x000001ae       0x2b .\CortexM3\ARM_GCC_441\Debug\RS232.a(ADC_SAR_1_INT.o)
 .comment       0x000001d9       0x2b .\CortexM3\ARM_GCC_441\Debug\RS232.a(ADC_SAR_1_theACLK.o)
 .comment       0x00000204       0x2b .\CortexM3\ARM_GCC_441\Debug\RS232.a(FFT_ISR.o)
 .comment       0x0000022f       0x2b .\CortexM3\ARM_GCC_441\Debug\RS232.a(Clock_ISR.o)
 .comment       0x0000025a       0x2b .\CortexM3\ARM_GCC_441\Debug\RS232.a(cyfitter_cfg.o)
 .comment       0x00000285       0x2b .\CortexM3\ARM_GCC_441\Debug\RS232.a(CyFlash.o)
 .comment       0x000002b0       0x2b .\CortexM3\ARM_GCC_441\Debug\RS232.a(CySpc.o)
 .comment       0x000002db       0x2b .\CortexM3\ARM_GCC_441\Debug\RS232.a(cyutils.o)

.debug_aranges  0x00000000      0xa28
 *(.debug_aranges)
 .debug_aranges
                0x00000000       0xa0 .\CortexM3\ARM_GCC_441\Debug\main.o
 .debug_aranges
                0x000000a0       0x30 .\CortexM3\ARM_GCC_441\Debug\Cm3Start.o
 .debug_aranges
                0x000000d0      0x238 .\CortexM3\ARM_GCC_441\Debug\RS232.a(CyLib.o)
 .debug_aranges
                0x00000308       0xa0 .\CortexM3\ARM_GCC_441\Debug\RS232.a(cyPm.o)
 .debug_aranges
                0x000003a8       0x90 .\CortexM3\ARM_GCC_441\Debug\RS232.a(LCD.o)
 .debug_aranges
                0x00000438       0xf0 .\CortexM3\ARM_GCC_441\Debug\RS232.a(UART.o)
 .debug_aranges
                0x00000528       0x80 .\CortexM3\ARM_GCC_441\Debug\RS232.a(rx_int.o)
 .debug_aranges
                0x000005a8       0x48 .\CortexM3\ARM_GCC_441\Debug\RS232.a(PGA_1.o)
 .debug_aranges
                0x000005f0       0x58 .\CortexM3\ARM_GCC_441\Debug\RS232.a(VDAC8_1.o)
 .debug_aranges
                0x00000648       0xb0 .\CortexM3\ARM_GCC_441\Debug\RS232.a(ADC_SAR_1.o)
 .debug_aranges
                0x000006f8       0x20 .\CortexM3\ARM_GCC_441\Debug\RS232.a(ADC_SAR_1_INT.o)
 .debug_aranges
                0x00000718       0x80 .\CortexM3\ARM_GCC_441\Debug\RS232.a(ADC_SAR_1_theACLK.o)
 .debug_aranges
                0x00000798       0x80 .\CortexM3\ARM_GCC_441\Debug\RS232.a(FFT_ISR.o)
 .debug_aranges
                0x00000818       0x80 .\CortexM3\ARM_GCC_441\Debug\RS232.a(Clock_ISR.o)
 .debug_aranges
                0x00000898       0x48 .\CortexM3\ARM_GCC_441\Debug\RS232.a(cyfitter_cfg.o)
 .debug_aranges
                0x000008e0       0x20 .\CortexM3\ARM_GCC_441\Debug\RS232.a(CyBootAsmGnu.o)
 .debug_aranges
                0x00000900       0x78 .\CortexM3\ARM_GCC_441\Debug\RS232.a(CyFlash.o)
 .debug_aranges
                0x00000978       0x90 .\CortexM3\ARM_GCC_441\Debug\RS232.a(CySpc.o)
 .debug_aranges
                0x00000a08       0x20 .\CortexM3\ARM_GCC_441\Debug\RS232.a(cyutils.o)

.debug_pubnames
                0x00000000     0x18cc
 *(.debug_pubnames)
 .debug_pubnames
                0x00000000      0x1db .\CortexM3\ARM_GCC_441\Debug\main.o
 .debug_pubnames
                0x000001db       0x57 .\CortexM3\ARM_GCC_441\Debug\Cm3Start.o
 .debug_pubnames
                0x00000232      0x614 .\CortexM3\ARM_GCC_441\Debug\RS232.a(CyLib.o)
 .debug_pubnames
                0x00000846       0xbb .\CortexM3\ARM_GCC_441\Debug\RS232.a(cyPm.o)
 .debug_pubnames
                0x00000901      0x14d .\CortexM3\ARM_GCC_441\Debug\RS232.a(LCD.o)
 .debug_pubnames
                0x00000a4e      0x264 .\CortexM3\ARM_GCC_441\Debug\RS232.a(UART.o)
 .debug_pubnames
                0x00000cb2      0x11a .\CortexM3\ARM_GCC_441\Debug\RS232.a(rx_int.o)
 .debug_pubnames
                0x00000dcc       0xaf .\CortexM3\ARM_GCC_441\Debug\RS232.a(PGA_1.o)
 .debug_pubnames
                0x00000e7b       0xc0 .\CortexM3\ARM_GCC_441\Debug\RS232.a(VDAC8_1.o)
 .debug_pubnames
                0x00000f3b      0x246 .\CortexM3\ARM_GCC_441\Debug\RS232.a(ADC_SAR_1.o)
 .debug_pubnames
                0x00001181       0x24 .\CortexM3\ARM_GCC_441\Debug\RS232.a(ADC_SAR_1_INT.o)
 .debug_pubnames
                0x000011a5      0x1f0 .\CortexM3\ARM_GCC_441\Debug\RS232.a(ADC_SAR_1_theACLK.o)
 .debug_pubnames
                0x00001395      0x127 .\CortexM3\ARM_GCC_441\Debug\RS232.a(FFT_ISR.o)
 .debug_pubnames
                0x000014bc      0x141 .\CortexM3\ARM_GCC_441\Debug\RS232.a(Clock_ISR.o)
 .debug_pubnames
                0x000015fd       0x52 .\CortexM3\ARM_GCC_441\Debug\RS232.a(cyfitter_cfg.o)
 .debug_pubnames
                0x0000164f      0x115 .\CortexM3\ARM_GCC_441\Debug\RS232.a(CyFlash.o)
 .debug_pubnames
                0x00001764      0x147 .\CortexM3\ARM_GCC_441\Debug\RS232.a(CySpc.o)
 .debug_pubnames
                0x000018ab       0x21 .\CortexM3\ARM_GCC_441\Debug\RS232.a(cyutils.o)

.debug_info     0x00000000     0x3f8e
 *(.debug_info .gnu.linkonce.wi.*)
 .debug_info    0x00000000      0x59d .\CortexM3\ARM_GCC_441\Debug\main.o
 .debug_info    0x0000059d      0x127 .\CortexM3\ARM_GCC_441\Debug\Cm3Start.o
 .debug_info    0x000006c4      0xd2a .\CortexM3\ARM_GCC_441\Debug\RS232.a(CyLib.o)
 .debug_info    0x000013ee      0x580 .\CortexM3\ARM_GCC_441\Debug\RS232.a(cyPm.o)
 .debug_info    0x0000196e      0x39e .\CortexM3\ARM_GCC_441\Debug\RS232.a(LCD.o)
 .debug_info    0x00001d0c      0x51b .\CortexM3\ARM_GCC_441\Debug\RS232.a(UART.o)
 .debug_info    0x00002227      0x241 .\CortexM3\ARM_GCC_441\Debug\RS232.a(rx_int.o)
 .debug_info    0x00002468      0x189 .\CortexM3\ARM_GCC_441\Debug\RS232.a(PGA_1.o)
 .debug_info    0x000025f1      0x18c .\CortexM3\ARM_GCC_441\Debug\RS232.a(VDAC8_1.o)
 .debug_info    0x0000277d      0x43a .\CortexM3\ARM_GCC_441\Debug\RS232.a(ADC_SAR_1.o)
 .debug_info    0x00002bb7       0x8c .\CortexM3\ARM_GCC_441\Debug\RS232.a(ADC_SAR_1_INT.o)
 .debug_info    0x00002c43      0x29f .\CortexM3\ARM_GCC_441\Debug\RS232.a(ADC_SAR_1_theACLK.o)
 .debug_info    0x00002ee2      0x22e .\CortexM3\ARM_GCC_441\Debug\RS232.a(FFT_ISR.o)
 .debug_info    0x00003110      0x22e .\CortexM3\ARM_GCC_441\Debug\RS232.a(Clock_ISR.o)
 .debug_info    0x0000333e      0x2a1 .\CortexM3\ARM_GCC_441\Debug\RS232.a(cyfitter_cfg.o)
 .debug_info    0x000035df       0x66 .\CortexM3\ARM_GCC_441\Debug\RS232.a(CyBootAsmGnu.o)
 .debug_info    0x00003645      0x310 .\CortexM3\ARM_GCC_441\Debug\RS232.a(CyFlash.o)
 .debug_info    0x00003955      0x56b .\CortexM3\ARM_GCC_441\Debug\RS232.a(CySpc.o)
 .debug_info    0x00003ec0       0xce .\CortexM3\ARM_GCC_441\Debug\RS232.a(cyutils.o)

.debug_abbrev   0x00000000     0x11b3
 *(.debug_abbrev)
 .debug_abbrev  0x00000000      0x176 .\CortexM3\ARM_GCC_441\Debug\main.o
 .debug_abbrev  0x00000176       0xe3 .\CortexM3\ARM_GCC_441\Debug\Cm3Start.o
 .debug_abbrev  0x00000259      0x172 .\CortexM3\ARM_GCC_441\Debug\RS232.a(CyLib.o)
 .debug_abbrev  0x000003cb      0x146 .\CortexM3\ARM_GCC_441\Debug\RS232.a(cyPm.o)
 .debug_abbrev  0x00000511      0x103 .\CortexM3\ARM_GCC_441\Debug\RS232.a(LCD.o)
 .debug_abbrev  0x00000614      0x105 .\CortexM3\ARM_GCC_441\Debug\RS232.a(UART.o)
 .debug_abbrev  0x00000719       0xee .\CortexM3\ARM_GCC_441\Debug\RS232.a(rx_int.o)
 .debug_abbrev  0x00000807       0xdc .\CortexM3\ARM_GCC_441\Debug\RS232.a(PGA_1.o)
 .debug_abbrev  0x000008e3       0xba .\CortexM3\ARM_GCC_441\Debug\RS232.a(VDAC8_1.o)
 .debug_abbrev  0x0000099d      0x11e .\CortexM3\ARM_GCC_441\Debug\RS232.a(ADC_SAR_1.o)
 .debug_abbrev  0x00000abb       0x41 .\CortexM3\ARM_GCC_441\Debug\RS232.a(ADC_SAR_1_INT.o)
 .debug_abbrev  0x00000afc       0xd8 .\CortexM3\ARM_GCC_441\Debug\RS232.a(ADC_SAR_1_theACLK.o)
 .debug_abbrev  0x00000bd4       0xee .\CortexM3\ARM_GCC_441\Debug\RS232.a(FFT_ISR.o)
 .debug_abbrev  0x00000cc2       0xee .\CortexM3\ARM_GCC_441\Debug\RS232.a(Clock_ISR.o)
 .debug_abbrev  0x00000db0      0x11d .\CortexM3\ARM_GCC_441\Debug\RS232.a(cyfitter_cfg.o)
 .debug_abbrev  0x00000ecd       0x14 .\CortexM3\ARM_GCC_441\Debug\RS232.a(CyBootAsmGnu.o)
 .debug_abbrev  0x00000ee1      0x12a .\CortexM3\ARM_GCC_441\Debug\RS232.a(CyFlash.o)
 .debug_abbrev  0x0000100b      0x139 .\CortexM3\ARM_GCC_441\Debug\RS232.a(CySpc.o)
 .debug_abbrev  0x00001144       0x6f .\CortexM3\ARM_GCC_441\Debug\RS232.a(cyutils.o)

.debug_line     0x00000000     0x2155
 *(.debug_line)
 .debug_line    0x00000000      0x29b .\CortexM3\ARM_GCC_441\Debug\main.o
 .debug_line    0x0000029b       0xcd .\CortexM3\ARM_GCC_441\Debug\Cm3Start.o
 .debug_line    0x00000368      0x691 .\CortexM3\ARM_GCC_441\Debug\RS232.a(CyLib.o)
 .debug_line    0x000009f9      0x2e8 .\CortexM3\ARM_GCC_441\Debug\RS232.a(cyPm.o)
 .debug_line    0x00000ce1      0x1d8 .\CortexM3\ARM_GCC_441\Debug\RS232.a(LCD.o)
 .debug_line    0x00000eb9      0x2b2 .\CortexM3\ARM_GCC_441\Debug\RS232.a(UART.o)
 .debug_line    0x0000116b      0x15d .\CortexM3\ARM_GCC_441\Debug\RS232.a(rx_int.o)
 .debug_line    0x000012c8       0xf0 .\CortexM3\ARM_GCC_441\Debug\RS232.a(PGA_1.o)
 .debug_line    0x000013b8      0x110 .\CortexM3\ARM_GCC_441\Debug\RS232.a(VDAC8_1.o)
 .debug_line    0x000014c8      0x216 .\CortexM3\ARM_GCC_441\Debug\RS232.a(ADC_SAR_1.o)
 .debug_line    0x000016de       0x5b .\CortexM3\ARM_GCC_441\Debug\RS232.a(ADC_SAR_1_INT.o)
 .debug_line    0x00001739      0x1a3 .\CortexM3\ARM_GCC_441\Debug\RS232.a(ADC_SAR_1_theACLK.o)
 .debug_line    0x000018dc      0x15c .\CortexM3\ARM_GCC_441\Debug\RS232.a(FFT_ISR.o)
 .debug_line    0x00001a38      0x15e .\CortexM3\ARM_GCC_441\Debug\RS232.a(Clock_ISR.o)
 .debug_line    0x00001b96      0x123 .\CortexM3\ARM_GCC_441\Debug\RS232.a(cyfitter_cfg.o)
 .debug_line    0x00001cb9       0x67 .\CortexM3\ARM_GCC_441\Debug\RS232.a(CyBootAsmGnu.o)
 .debug_line    0x00001d20      0x18f .\CortexM3\ARM_GCC_441\Debug\RS232.a(CyFlash.o)
 .debug_line    0x00001eaf      0x225 .\CortexM3\ARM_GCC_441\Debug\RS232.a(CySpc.o)
 .debug_line    0x000020d4       0x81 .\CortexM3\ARM_GCC_441\Debug\RS232.a(cyutils.o)

.debug_frame    0x00000000     0x28e8
 *(.debug_frame)
 .debug_frame   0x00000000      0x220 .\CortexM3\ARM_GCC_441\Debug\main.o
 .debug_frame   0x00000220       0x5c .\CortexM3\ARM_GCC_441\Debug\Cm3Start.o
 .debug_frame   0x0000027c      0x7f0 .\CortexM3\ARM_GCC_441\Debug\RS232.a(CyLib.o)
 .debug_frame   0x00000a6c      0x208 .\CortexM3\ARM_GCC_441\Debug\RS232.a(cyPm.o)
 .debug_frame   0x00000c74      0x1e0 .\CortexM3\ARM_GCC_441\Debug\RS232.a(LCD.o)
 .debug_frame   0x00000e54      0x32c .\CortexM3\ARM_GCC_441\Debug\RS232.a(UART.o)
 .debug_frame   0x00001180      0x184 .\CortexM3\ARM_GCC_441\Debug\RS232.a(rx_int.o)
 .debug_frame   0x00001304       0xb8 .\CortexM3\ARM_GCC_441\Debug\RS232.a(PGA_1.o)
 .debug_frame   0x000013bc       0xf4 .\CortexM3\ARM_GCC_441\Debug\RS232.a(VDAC8_1.o)
 .debug_frame   0x000014b0      0x23c .\CortexM3\ARM_GCC_441\Debug\RS232.a(ADC_SAR_1.o)
 .debug_frame   0x000016ec       0x2c .\CortexM3\ARM_GCC_441\Debug\RS232.a(ADC_SAR_1_INT.o)
 .debug_frame   0x00001718      0x184 .\CortexM3\ARM_GCC_441\Debug\RS232.a(ADC_SAR_1_theACLK.o)
 .debug_frame   0x0000189c      0x180 .\CortexM3\ARM_GCC_441\Debug\RS232.a(FFT_ISR.o)
 .debug_frame   0x00001a1c      0x180 .\CortexM3\ARM_GCC_441\Debug\RS232.a(Clock_ISR.o)
 .debug_frame   0x00001b9c       0xc0 .\CortexM3\ARM_GCC_441\Debug\RS232.a(cyfitter_cfg.o)
 .debug_frame   0x00001c5c      0x174 .\CortexM3\ARM_GCC_441\Debug\RS232.a(CyFlash.o)
 .debug_frame   0x00001dd0      0x1c8 .\CortexM3\ARM_GCC_441\Debug\RS232.a(CySpc.o)
 .debug_frame   0x00001f98       0x2c .\CortexM3\ARM_GCC_441\Debug\RS232.a(cyutils.o)
 .debug_frame   0x00001fc4       0x3c c:/program files/cypress/psoc creator/2.1/psoc creator/import/gnu_cs/arm/4.4.1/bin/../lib/gcc/arm-none-eabi/4.4.1/../../../../arm-none-eabi/lib/thumb2\libm.a(lib_a-w_sqrt.o)
 .debug_frame   0x00002000       0x34 c:/program files/cypress/psoc creator/2.1/psoc creator/import/gnu_cs/arm/4.4.1/bin/../lib/gcc/arm-none-eabi/4.4.1/../../../../arm-none-eabi/lib/thumb2\libm.a(lib_a-e_sqrt.o)
 .debug_frame   0x00002034       0x20 c:/program files/cypress/psoc creator/2.1/psoc creator/import/gnu_cs/arm/4.4.1/bin/../lib/gcc/arm-none-eabi/4.4.1/../../../../arm-none-eabi/lib/thumb2\libm.a(lib_a-s_isnand.o)
 .debug_frame   0x00002054       0x20 c:/program files/cypress/psoc creator/2.1/psoc creator/import/gnu_cs/arm/4.4.1/bin/../lib/gcc/arm-none-eabi/4.4.1/../../../../arm-none-eabi/lib/thumb2\libm.a(lib_a-s_matherr.o)
 .debug_frame   0x00002074       0x20 c:/program files/cypress/psoc creator/2.1/psoc creator/import/gnu_cs/arm/4.4.1/bin/../lib/gcc/arm-none-eabi/4.4.1/../../../../arm-none-eabi/lib/thumb2\libc.a(lib_a-errno.o)
 .debug_frame   0x00002094       0x34 c:/program files/cypress/psoc creator/2.1/psoc creator/import/gnu_cs/arm/4.4.1/bin/../lib/gcc/arm-none-eabi/4.4.1/../../../../arm-none-eabi/lib/thumb2\libc.a(lib_a-memcpy.o)
 .debug_frame   0x000020c8       0x28 c:/program files/cypress/psoc creator/2.1/psoc creator/import/gnu_cs/arm/4.4.1/bin/../lib/gcc/arm-none-eabi/4.4.1/../../../../arm-none-eabi/lib/thumb2\libc.a(lib_a-memset.o)
 .debug_frame   0x000020f0       0x5c c:/program files/cypress/psoc creator/2.1/psoc creator/import/gnu_cs/arm/4.4.1/bin/../lib/gcc/arm-none-eabi/4.4.1/../../../../arm-none-eabi/lib/thumb2\libc.a(lib_a-sprintf.o)
 .debug_frame   0x0000214c       0x68 c:/program files/cypress/psoc creator/2.1/psoc creator/import/gnu_cs/arm/4.4.1/bin/../lib/gcc/arm-none-eabi/4.4.1/../../../../arm-none-eabi/lib/thumb2\libc.a(lib_a-svfprintf.o)
 .debug_frame   0x000021b4       0x64 c:/program files/cypress/psoc creator/2.1/psoc creator/import/gnu_cs/arm/4.4.1/bin/../lib/gcc/arm-none-eabi/4.4.1/../../../../arm-none-eabi/lib/thumb2\libc.a(lib_a-dtoa.o)
 .debug_frame   0x00002218       0x50 c:/program files/cypress/psoc creator/2.1/psoc creator/import/gnu_cs/arm/4.4.1/bin/../lib/gcc/arm-none-eabi/4.4.1/../../../../arm-none-eabi/lib/thumb2\libc.a(lib_a-freer.o)
 .debug_frame   0x00002268       0x6c c:/program files/cypress/psoc creator/2.1/psoc creator/import/gnu_cs/arm/4.4.1/bin/../lib/gcc/arm-none-eabi/4.4.1/../../../../arm-none-eabi/lib/thumb2\libc.a(lib_a-locale.o)
 .debug_frame   0x000022d4       0x30 c:/program files/cypress/psoc creator/2.1/psoc creator/import/gnu_cs/arm/4.4.1/bin/../lib/gcc/arm-none-eabi/4.4.1/../../../../arm-none-eabi/lib/thumb2\libc.a(lib_a-malloc.o)
 .debug_frame   0x00002304       0x3c c:/program files/cypress/psoc creator/2.1/psoc creator/import/gnu_cs/arm/4.4.1/bin/../lib/gcc/arm-none-eabi/4.4.1/../../../../arm-none-eabi/lib/thumb2\libc.a(lib_a-mallocr.o)
 .debug_frame   0x00002340       0x28 c:/program files/cypress/psoc creator/2.1/psoc creator/import/gnu_cs/arm/4.4.1/bin/../lib/gcc/arm-none-eabi/4.4.1/../../../../arm-none-eabi/lib/thumb2\libc.a(lib_a-memchr.o)
 .debug_frame   0x00002368       0x2c c:/program files/cypress/psoc creator/2.1/psoc creator/import/gnu_cs/arm/4.4.1/bin/../lib/gcc/arm-none-eabi/4.4.1/../../../../arm-none-eabi/lib/thumb2\libc.a(lib_a-memmove.o)
 .debug_frame   0x00002394       0x30 c:/program files/cypress/psoc creator/2.1/psoc creator/import/gnu_cs/arm/4.4.1/bin/../lib/gcc/arm-none-eabi/4.4.1/../../../../arm-none-eabi/lib/thumb2\libc.a(lib_a-mlock.o)
 .debug_frame   0x000023c4      0x240 c:/program files/cypress/psoc creator/2.1/psoc creator/import/gnu_cs/arm/4.4.1/bin/../lib/gcc/arm-none-eabi/4.4.1/../../../../arm-none-eabi/lib/thumb2\libc.a(lib_a-mprec.o)
 .debug_frame   0x00002604       0x3c c:/program files/cypress/psoc creator/2.1/psoc creator/import/gnu_cs/arm/4.4.1/bin/../lib/gcc/arm-none-eabi/4.4.1/../../../../arm-none-eabi/lib/thumb2\libc.a(lib_a-reallocr.o)
 .debug_frame   0x00002640       0x20 c:/program files/cypress/psoc creator/2.1/psoc creator/import/gnu_cs/arm/4.4.1/bin/../lib/gcc/arm-none-eabi/4.4.1/../../../../arm-none-eabi/lib/thumb2\libc.a(lib_a-s_isinfd.o)
 .debug_frame   0x00002660       0x2c c:/program files/cypress/psoc creator/2.1/psoc creator/import/gnu_cs/arm/4.4.1/bin/../lib/gcc/arm-none-eabi/4.4.1/../../../../arm-none-eabi/lib/thumb2\libc.a(lib_a-sbrkr.o)
 .debug_frame   0x0000268c       0x30 c:/program files/cypress/psoc creator/2.1/psoc creator/import/gnu_cs/arm/4.4.1/bin/../lib/gcc/arm-none-eabi/4.4.1/../../../../arm-none-eabi/lib/thumb2\libc.a(lib_a-strcmp.o)
 .debug_frame   0x000026bc       0x20 c:/program files/cypress/psoc creator/2.1/psoc creator/import/gnu_cs/arm/4.4.1/bin/../lib/gcc/arm-none-eabi/4.4.1/../../../../arm-none-eabi/lib/thumb2\libc.a(lib_a-strlen.o)
 .debug_frame   0x000026dc       0x2c c:/program files/cypress/psoc creator/2.1/psoc creator/import/gnu_cs/arm/4.4.1/bin/../lib/gcc/arm-none-eabi/4.4.1/../../../../arm-none-eabi/lib/thumb2\libc.a(lib_a-callocr.o)
 .debug_frame   0x00002708       0x64 c:/program files/cypress/psoc creator/2.1/psoc creator/import/gnu_cs/arm/4.4.1/bin/../lib/gcc/arm-none-eabi/4.4.1/../../../../arm-none-eabi/lib/thumb2\libc.a(lib_a-reent.o)
 .debug_frame   0x0000276c       0x20 c:/program files/cypress/psoc creator/2.1/psoc creator/import/gnu_cs/arm/4.4.1/bin/../lib/gcc/arm-none-eabi/4.4.1/thumb2\libgcc.a(_udivsi3.o)
 .debug_frame   0x0000278c       0x50 c:/program files/cypress/psoc creator/2.1/psoc creator/import/gnu_cs/arm/4.4.1/bin/../lib/gcc/arm-none-eabi/4.4.1/thumb2\libgcc.a(bpabi.o)
 .debug_frame   0x000027dc       0x3c c:/program files/cypress/psoc creator/2.1/psoc creator/import/gnu_cs/arm/4.4.1/bin/../lib/gcc/arm-none-eabi/4.4.1/thumb2\libgcc.a(_divdi3.o)
 .debug_frame   0x00002818       0x3c c:/program files/cypress/psoc creator/2.1/psoc creator/import/gnu_cs/arm/4.4.1/bin/../lib/gcc/arm-none-eabi/4.4.1/thumb2\libgcc.a(_udivdi3.o)
 .debug_frame   0x00002854       0x40 c:/program files/cypress/psoc creator/2.1/psoc creator/import/gnu_cs/arm/4.4.1/bin/../lib/gcc/arm-none-eabi/4.4.1/../../../../arm-none-eabi/lib/thumb2\libcs3.a(start_c.o)
 .debug_frame   0x00002894       0x28 c:/program files/cypress/psoc creator/2.1/psoc creator/import/gnu_cs/arm/4.4.1/bin/../lib/gcc/arm-none-eabi/4.4.1/../../../../arm-none-eabi/lib/thumb2\libcs3unhosted.a(unhosted-sbrk.o)
 .debug_frame   0x000028bc       0x2c c:/program files/cypress/psoc creator/2.1/psoc creator/import/gnu_cs/arm/4.4.1/bin/../lib/gcc/arm-none-eabi/4.4.1/../../../../arm-none-eabi/lib/thumb2\libc.a(lib_a-init.o)

.debug_str      0x00000000     0x1d5a
 *(.debug_str)
 .debug_str     0x00000000      0x228 .\CortexM3\ARM_GCC_441\Debug\main.o
                                0x272 (size before relaxing)
 .debug_str     0x00000228       0x8b .\CortexM3\ARM_GCC_441\Debug\Cm3Start.o
                                0x145 (size before relaxing)
 .debug_str     0x000002b3      0x698 .\CortexM3\ARM_GCC_441\Debug\RS232.a(CyLib.o)
                                0x79a (size before relaxing)
 .debug_str     0x0000094b      0x369 .\CortexM3\ARM_GCC_441\Debug\RS232.a(cyPm.o)
                                0x448 (size before relaxing)
 .debug_str     0x00000cb4      0x160 .\CortexM3\ARM_GCC_441\Debug\RS232.a(LCD.o)
                                0x230 (size before relaxing)
 .debug_str     0x00000e14      0x272 .\CortexM3\ARM_GCC_441\Debug\RS232.a(UART.o)
                                0x343 (size before relaxing)
 .debug_str     0x00001086       0xf6 .\CortexM3\ARM_GCC_441\Debug\RS232.a(rx_int.o)
                                0x1dd (size before relaxing)
 .debug_str     0x0000117c       0xab .\CortexM3\ARM_GCC_441\Debug\RS232.a(PGA_1.o)
                                0x15f (size before relaxing)
 .debug_str     0x00001227       0xb9 .\CortexM3\ARM_GCC_441\Debug\RS232.a(VDAC8_1.o)
                                0x178 (size before relaxing)
 .debug_str     0x000012e0      0x238 .\CortexM3\ARM_GCC_441\Debug\RS232.a(ADC_SAR_1.o)
                                0x34c (size before relaxing)
 .debug_str     0x00001518       0x37 .\CortexM3\ARM_GCC_441\Debug\RS232.a(ADC_SAR_1_INT.o)
                                 0xe5 (size before relaxing)
 .debug_str     0x0000154f      0x22f .\CortexM3\ARM_GCC_441\Debug\RS232.a(ADC_SAR_1_theACLK.o)
                                0x2f0 (size before relaxing)
 .debug_str     0x0000177e      0x104 .\CortexM3\ARM_GCC_441\Debug\RS232.a(FFT_ISR.o)
                                0x1e5 (size before relaxing)
 .debug_str     0x00001882      0x120 .\CortexM3\ARM_GCC_441\Debug\RS232.a(Clock_ISR.o)
                                0x201 (size before relaxing)
 .debug_str     0x000019a2       0xea .\CortexM3\ARM_GCC_441\Debug\RS232.a(cyfitter_cfg.o)
                                0x1dc (size before relaxing)
 .debug_str     0x00001a8c      0x130 .\CortexM3\ARM_GCC_441\Debug\RS232.a(CyFlash.o)
                                0x214 (size before relaxing)
 .debug_str     0x00001bbc      0x16b .\CortexM3\ARM_GCC_441\Debug\RS232.a(CySpc.o)
                                0x259 (size before relaxing)
 .debug_str     0x00001d27       0x33 .\CortexM3\ARM_GCC_441\Debug\RS232.a(cyutils.o)
                                 0xf4 (size before relaxing)

.debug_loc      0x00000000     0x3454
 *(.debug_loc)
 .debug_loc     0x00000000      0x349 .\CortexM3\ARM_GCC_441\Debug\main.o
 .debug_loc     0x00000349       0x62 .\CortexM3\ARM_GCC_441\Debug\Cm3Start.o
 .debug_loc     0x000003ab      0xd7c .\CortexM3\ARM_GCC_441\Debug\RS232.a(CyLib.o)
 .debug_loc     0x00001127      0x32f .\CortexM3\ARM_GCC_441\Debug\RS232.a(cyPm.o)
 .debug_loc     0x00001456      0x309 .\CortexM3\ARM_GCC_441\Debug\RS232.a(LCD.o)
 .debug_loc     0x0000175f      0x591 .\CortexM3\ARM_GCC_441\Debug\RS232.a(UART.o)
 .debug_loc     0x00001cf0      0x277 .\CortexM3\ARM_GCC_441\Debug\RS232.a(rx_int.o)
 .debug_loc     0x00001f67      0x11a .\CortexM3\ARM_GCC_441\Debug\RS232.a(PGA_1.o)
 .debug_loc     0x00002081      0x188 .\CortexM3\ARM_GCC_441\Debug\RS232.a(VDAC8_1.o)
 .debug_loc     0x00002209      0x3c1 .\CortexM3\ARM_GCC_441\Debug\RS232.a(ADC_SAR_1.o)
 .debug_loc     0x000025ca       0x2b .\CortexM3\ARM_GCC_441\Debug\RS232.a(ADC_SAR_1_INT.o)
 .debug_loc     0x000025f5      0x283 .\CortexM3\ARM_GCC_441\Debug\RS232.a(ADC_SAR_1_theACLK.o)
 .debug_loc     0x00002878      0x26b .\CortexM3\ARM_GCC_441\Debug\RS232.a(FFT_ISR.o)
 .debug_loc     0x00002ae3      0x26b .\CortexM3\ARM_GCC_441\Debug\RS232.a(Clock_ISR.o)
 .debug_loc     0x00002d4e      0x14a .\CortexM3\ARM_GCC_441\Debug\RS232.a(cyfitter_cfg.o)
 .debug_loc     0x00002e98      0x24c .\CortexM3\ARM_GCC_441\Debug\RS232.a(CyFlash.o)
 .debug_loc     0x000030e4      0x339 .\CortexM3\ARM_GCC_441\Debug\RS232.a(CySpc.o)
 .debug_loc     0x0000341d       0x37 .\CortexM3\ARM_GCC_441\Debug\RS232.a(cyutils.o)

.debug_macinfo
 *(.debug_macinfo)

.debug_ranges   0x00000000      0x978
 *(.debug_ranges)
 .debug_ranges  0x00000000       0x98 .\CortexM3\ARM_GCC_441\Debug\main.o
 .debug_ranges  0x00000098       0x28 .\CortexM3\ARM_GCC_441\Debug\Cm3Start.o
 .debug_ranges  0x000000c0      0x230 .\CortexM3\ARM_GCC_441\Debug\RS232.a(CyLib.o)
 .debug_ranges  0x000002f0       0x98 .\CortexM3\ARM_GCC_441\Debug\RS232.a(cyPm.o)
 .debug_ranges  0x00000388       0x88 .\CortexM3\ARM_GCC_441\Debug\RS232.a(LCD.o)
 .debug_ranges  0x00000410       0xe8 .\CortexM3\ARM_GCC_441\Debug\RS232.a(UART.o)
 .debug_ranges  0x000004f8       0x78 .\CortexM3\ARM_GCC_441\Debug\RS232.a(rx_int.o)
 .debug_ranges  0x00000570       0x40 .\CortexM3\ARM_GCC_441\Debug\RS232.a(PGA_1.o)
 .debug_ranges  0x000005b0       0x50 .\CortexM3\ARM_GCC_441\Debug\RS232.a(VDAC8_1.o)
 .debug_ranges  0x00000600       0xa8 .\CortexM3\ARM_GCC_441\Debug\RS232.a(ADC_SAR_1.o)
 .debug_ranges  0x000006a8       0x18 .\CortexM3\ARM_GCC_441\Debug\RS232.a(ADC_SAR_1_INT.o)
 .debug_ranges  0x000006c0       0x78 .\CortexM3\ARM_GCC_441\Debug\RS232.a(ADC_SAR_1_theACLK.o)
 .debug_ranges  0x00000738       0x78 .\CortexM3\ARM_GCC_441\Debug\RS232.a(FFT_ISR.o)
 .debug_ranges  0x000007b0       0x78 .\CortexM3\ARM_GCC_441\Debug\RS232.a(Clock_ISR.o)
 .debug_ranges  0x00000828       0x40 .\CortexM3\ARM_GCC_441\Debug\RS232.a(cyfitter_cfg.o)
 .debug_ranges  0x00000868       0x70 .\CortexM3\ARM_GCC_441\Debug\RS232.a(CyFlash.o)
 .debug_ranges  0x000008d8       0x88 .\CortexM3\ARM_GCC_441\Debug\RS232.a(CySpc.o)
 .debug_ranges  0x00000960       0x18 .\CortexM3\ARM_GCC_441\Debug\RS232.a(cyutils.o)

.debug_weaknames
 *(.debug_weaknames)

.debug_funcnames
 *(.debug_funcnames)

.debug_typenames
 *(.debug_typenames)

.debug_varnames
 *(.debug_varnames)

.note.gnu.arm.ident
 *(.note.gnu.arm.ident)

.ARM.attributes
                0x00000000       0x25
 *(.ARM.attributes)
 .ARM.attributes
                0x00000000       0x19 c:/program files/cypress/psoc creator/2.1/psoc creator/import/gnu_cs/arm/4.4.1/bin/../lib/gcc/arm-none-eabi/4.4.1/thumb2/crti.o
 .ARM.attributes
                0x00000019       0x29 c:/program files/cypress/psoc creator/2.1/psoc creator/import/gnu_cs/arm/4.4.1/bin/../lib/gcc/arm-none-eabi/4.4.1/thumb2/crtbegin.o
 .ARM.attributes
                0x00000042       0x31 .\CortexM3\ARM_GCC_441\Debug\main.o
 .ARM.attributes
                0x00000073       0x31 .\CortexM3\ARM_GCC_441\Debug\Cm3Start.o
 .ARM.attributes
                0x000000a4       0x31 .\CortexM3\ARM_GCC_441\Debug\RS232.a(CyLib.o)
 .ARM.attributes
                0x000000d5       0x31 .\CortexM3\ARM_GCC_441\Debug\RS232.a(cyPm.o)
 .ARM.attributes
                0x00000106       0x31 .\CortexM3\ARM_GCC_441\Debug\RS232.a(LCD.o)
 .ARM.attributes
                0x00000137       0x31 .\CortexM3\ARM_GCC_441\Debug\RS232.a(UART.o)
 .ARM.attributes
                0x00000168       0x31 .\CortexM3\ARM_GCC_441\Debug\RS232.a(rx_int.o)
 .ARM.attributes
                0x00000199       0x31 .\CortexM3\ARM_GCC_441\Debug\RS232.a(PGA_1.o)
 .ARM.attributes
                0x000001ca       0x31 .\CortexM3\ARM_GCC_441\Debug\RS232.a(VDAC8_1.o)
 .ARM.attributes
                0x000001fb       0x31 .\CortexM3\ARM_GCC_441\Debug\RS232.a(ADC_SAR_1.o)
 .ARM.attributes
                0x0000022c       0x31 .\CortexM3\ARM_GCC_441\Debug\RS232.a(ADC_SAR_1_INT.o)
 .ARM.attributes
                0x0000025d       0x31 .\CortexM3\ARM_GCC_441\Debug\RS232.a(ADC_SAR_1_theACLK.o)
 .ARM.attributes
                0x0000028e       0x31 .\CortexM3\ARM_GCC_441\Debug\RS232.a(FFT_ISR.o)
 .ARM.attributes
                0x000002bf       0x31 .\CortexM3\ARM_GCC_441\Debug\RS232.a(Clock_ISR.o)
 .ARM.attributes
                0x000002f0       0x31 .\CortexM3\ARM_GCC_441\Debug\RS232.a(cyfitter_cfg.o)
 .ARM.attributes
                0x00000321       0x21 .\CortexM3\ARM_GCC_441\Debug\RS232.a(CyBootAsmGnu.o)
 .ARM.attributes
                0x00000342       0x31 .\CortexM3\ARM_GCC_441\Debug\RS232.a(CyFlash.o)
 .ARM.attributes
                0x00000373       0x31 .\CortexM3\ARM_GCC_441\Debug\RS232.a(CySpc.o)
 .ARM.attributes
                0x000003a4       0x31 .\CortexM3\ARM_GCC_441\Debug\RS232.a(cyutils.o)
 .ARM.attributes
                0x000003d5       0x29 c:/program files/cypress/psoc creator/2.1/psoc creator/import/gnu_cs/arm/4.4.1/bin/../lib/gcc/arm-none-eabi/4.4.1/../../../../arm-none-eabi/lib/thumb2\libm.a(lib_a-w_sqrt.o)
 .ARM.attributes
                0x000003fe       0x29 c:/program files/cypress/psoc creator/2.1/psoc creator/import/gnu_cs/arm/4.4.1/bin/../lib/gcc/arm-none-eabi/4.4.1/../../../../arm-none-eabi/lib/thumb2\libm.a(lib_a-e_sqrt.o)
 .ARM.attributes
                0x00000427       0x29 c:/program files/cypress/psoc creator/2.1/psoc creator/import/gnu_cs/arm/4.4.1/bin/../lib/gcc/arm-none-eabi/4.4.1/../../../../arm-none-eabi/lib/thumb2\libm.a(lib_a-s_isnand.o)
 .ARM.attributes
                0x00000450       0x29 c:/program files/cypress/psoc creator/2.1/psoc creator/import/gnu_cs/arm/4.4.1/bin/../lib/gcc/arm-none-eabi/4.4.1/../../../../arm-none-eabi/lib/thumb2\libm.a(lib_a-s_lib_ver.o)
 .ARM.attributes
                0x00000479       0x29 c:/program files/cypress/psoc creator/2.1/psoc creator/import/gnu_cs/arm/4.4.1/bin/../lib/gcc/arm-none-eabi/4.4.1/../../../../arm-none-eabi/lib/thumb2\libm.a(lib_a-s_matherr.o)
 .ARM.attributes
                0x000004a2       0x1b c:/program files/cypress/psoc creator/2.1/psoc creator/import/gnu_cs/arm/4.4.1/bin/../lib/gcc/arm-none-eabi/4.4.1/thumb2\libgcc.a(_arm_addsubdf3.o)
 .ARM.attributes
                0x000004bd       0x1b c:/program files/cypress/psoc creator/2.1/psoc creator/import/gnu_cs/arm/4.4.1/bin/../lib/gcc/arm-none-eabi/4.4.1/thumb2\libgcc.a(_arm_muldivdf3.o)
 .ARM.attributes
                0x000004d8       0x1b c:/program files/cypress/psoc creator/2.1/psoc creator/import/gnu_cs/arm/4.4.1/bin/../lib/gcc/arm-none-eabi/4.4.1/thumb2\libgcc.a(_arm_cmpdf2.o)
 .ARM.attributes
                0x000004f3       0x1b c:/program files/cypress/psoc creator/2.1/psoc creator/import/gnu_cs/arm/4.4.1/bin/../lib/gcc/arm-none-eabi/4.4.1/thumb2\libgcc.a(_arm_fixdfsi.o)
 .ARM.attributes
                0x0000050e       0x1b c:/program files/cypress/psoc creator/2.1/psoc creator/import/gnu_cs/arm/4.4.1/bin/../lib/gcc/arm-none-eabi/4.4.1/thumb2\libgcc.a(_arm_addsubsf3.o)
 .ARM.attributes
                0x00000529       0x1b c:/program files/cypress/psoc creator/2.1/psoc creator/import/gnu_cs/arm/4.4.1/bin/../lib/gcc/arm-none-eabi/4.4.1/thumb2\libgcc.a(_arm_muldivsf3.o)
 .ARM.attributes
                0x00000544       0x29 c:/program files/cypress/psoc creator/2.1/psoc creator/import/gnu_cs/arm/4.4.1/bin/../lib/gcc/arm-none-eabi/4.4.1/../../../../arm-none-eabi/lib/thumb2\libc.a(lib_a-errno.o)
 .ARM.attributes
                0x0000056d       0x29 c:/program files/cypress/psoc creator/2.1/psoc creator/import/gnu_cs/arm/4.4.1/bin/../lib/gcc/arm-none-eabi/4.4.1/../../../../arm-none-eabi/lib/thumb2\libc.a(lib_a-impure.o)
 .ARM.attributes
                0x00000596       0x29 c:/program files/cypress/psoc creator/2.1/psoc creator/import/gnu_cs/arm/4.4.1/bin/../lib/gcc/arm-none-eabi/4.4.1/../../../../arm-none-eabi/lib/thumb2\libc.a(lib_a-memcpy.o)
 .ARM.attributes
                0x000005bf       0x29 c:/program files/cypress/psoc creator/2.1/psoc creator/import/gnu_cs/arm/4.4.1/bin/../lib/gcc/arm-none-eabi/4.4.1/../../../../arm-none-eabi/lib/thumb2\libc.a(lib_a-memset.o)
 .ARM.attributes
                0x000005e8       0x29 c:/program files/cypress/psoc creator/2.1/psoc creator/import/gnu_cs/arm/4.4.1/bin/../lib/gcc/arm-none-eabi/4.4.1/../../../../arm-none-eabi/lib/thumb2\libc.a(lib_a-sprintf.o)
 .ARM.attributes
                0x00000611       0x29 c:/program files/cypress/psoc creator/2.1/psoc creator/import/gnu_cs/arm/4.4.1/bin/../lib/gcc/arm-none-eabi/4.4.1/../../../../arm-none-eabi/lib/thumb2\libc.a(lib_a-svfprintf.o)
 .ARM.attributes
                0x0000063a       0x29 c:/program files/cypress/psoc creator/2.1/psoc creator/import/gnu_cs/arm/4.4.1/bin/../lib/gcc/arm-none-eabi/4.4.1/../../../../arm-none-eabi/lib/thumb2\libc.a(lib_a-dtoa.o)
 .ARM.attributes
                0x00000663       0x29 c:/program files/cypress/psoc creator/2.1/psoc creator/import/gnu_cs/arm/4.4.1/bin/../lib/gcc/arm-none-eabi/4.4.1/../../../../arm-none-eabi/lib/thumb2\libc.a(lib_a-freer.o)
 .ARM.attributes
                0x0000068c       0x29 c:/program files/cypress/psoc creator/2.1/psoc creator/import/gnu_cs/arm/4.4.1/bin/../lib/gcc/arm-none-eabi/4.4.1/../../../../arm-none-eabi/lib/thumb2\libc.a(lib_a-locale.o)
 .ARM.attributes
                0x000006b5       0x29 c:/program files/cypress/psoc creator/2.1/psoc creator/import/gnu_cs/arm/4.4.1/bin/../lib/gcc/arm-none-eabi/4.4.1/../../../../arm-none-eabi/lib/thumb2\libc.a(lib_a-malloc.o)
 .ARM.attributes
                0x000006de       0x29 c:/program files/cypress/psoc creator/2.1/psoc creator/import/gnu_cs/arm/4.4.1/bin/../lib/gcc/arm-none-eabi/4.4.1/../../../../arm-none-eabi/lib/thumb2\libc.a(lib_a-mallocr.o)
 .ARM.attributes
                0x00000707       0x29 c:/program files/cypress/psoc creator/2.1/psoc creator/import/gnu_cs/arm/4.4.1/bin/../lib/gcc/arm-none-eabi/4.4.1/../../../../arm-none-eabi/lib/thumb2\libc.a(lib_a-memchr.o)
 .ARM.attributes
                0x00000730       0x29 c:/program files/cypress/psoc creator/2.1/psoc creator/import/gnu_cs/arm/4.4.1/bin/../lib/gcc/arm-none-eabi/4.4.1/../../../../arm-none-eabi/lib/thumb2\libc.a(lib_a-memmove.o)
 .ARM.attributes
                0x00000759       0x29 c:/program files/cypress/psoc creator/2.1/psoc creator/import/gnu_cs/arm/4.4.1/bin/../lib/gcc/arm-none-eabi/4.4.1/../../../../arm-none-eabi/lib/thumb2\libc.a(lib_a-mlock.o)
 .ARM.attributes
                0x00000782       0x29 c:/program files/cypress/psoc creator/2.1/psoc creator/import/gnu_cs/arm/4.4.1/bin/../lib/gcc/arm-none-eabi/4.4.1/../../../../arm-none-eabi/lib/thumb2\libc.a(lib_a-mprec.o)
 .ARM.attributes
                0x000007ab       0x29 c:/program files/cypress/psoc creator/2.1/psoc creator/import/gnu_cs/arm/4.4.1/bin/../lib/gcc/arm-none-eabi/4.4.1/../../../../arm-none-eabi/lib/thumb2\libc.a(lib_a-reallocr.o)
 .ARM.attributes
                0x000007d4       0x29 c:/program files/cypress/psoc creator/2.1/psoc creator/import/gnu_cs/arm/4.4.1/bin/../lib/gcc/arm-none-eabi/4.4.1/../../../../arm-none-eabi/lib/thumb2\libc.a(lib_a-s_isinfd.o)
 .ARM.attributes
                0x000007fd       0x29 c:/program files/cypress/psoc creator/2.1/psoc creator/import/gnu_cs/arm/4.4.1/bin/../lib/gcc/arm-none-eabi/4.4.1/../../../../arm-none-eabi/lib/thumb2\libc.a(lib_a-sbrkr.o)
 .ARM.attributes
                0x00000826       0x29 c:/program files/cypress/psoc creator/2.1/psoc creator/import/gnu_cs/arm/4.4.1/bin/../lib/gcc/arm-none-eabi/4.4.1/../../../../arm-none-eabi/lib/thumb2\libc.a(lib_a-strcmp.o)
 .ARM.attributes
                0x0000084f       0x29 c:/program files/cypress/psoc creator/2.1/psoc creator/import/gnu_cs/arm/4.4.1/bin/../lib/gcc/arm-none-eabi/4.4.1/../../../../arm-none-eabi/lib/thumb2\libc.a(lib_a-strlen.o)
 .ARM.attributes
                0x00000878       0x29 c:/program files/cypress/psoc creator/2.1/psoc creator/import/gnu_cs/arm/4.4.1/bin/../lib/gcc/arm-none-eabi/4.4.1/../../../../arm-none-eabi/lib/thumb2\libc.a(lib_a-callocr.o)
 .ARM.attributes
                0x000008a1       0x29 c:/program files/cypress/psoc creator/2.1/psoc creator/import/gnu_cs/arm/4.4.1/bin/../lib/gcc/arm-none-eabi/4.4.1/../../../../arm-none-eabi/lib/thumb2\libc.a(lib_a-reent.o)
 .ARM.attributes
                0x000008ca       0x1b c:/program files/cypress/psoc creator/2.1/psoc creator/import/gnu_cs/arm/4.4.1/bin/../lib/gcc/arm-none-eabi/4.4.1/thumb2\libgcc.a(_udivsi3.o)
 .ARM.attributes
                0x000008e5       0x1b c:/program files/cypress/psoc creator/2.1/psoc creator/import/gnu_cs/arm/4.4.1/bin/../lib/gcc/arm-none-eabi/4.4.1/thumb2\libgcc.a(_dvmd_tls.o)
 .ARM.attributes
                0x00000900       0x1b c:/program files/cypress/psoc creator/2.1/psoc creator/import/gnu_cs/arm/4.4.1/bin/../lib/gcc/arm-none-eabi/4.4.1/thumb2\libgcc.a(_aeabi_uldivmod.o)
 .ARM.attributes
                0x0000091b       0x29 c:/program files/cypress/psoc creator/2.1/psoc creator/import/gnu_cs/arm/4.4.1/bin/../lib/gcc/arm-none-eabi/4.4.1/thumb2\libgcc.a(bpabi.o)
 .ARM.attributes
                0x00000944       0x29 c:/program files/cypress/psoc creator/2.1/psoc creator/import/gnu_cs/arm/4.4.1/bin/../lib/gcc/arm-none-eabi/4.4.1/thumb2\libgcc.a(_divdi3.o)
 .ARM.attributes
                0x0000096d       0x29 c:/program files/cypress/psoc creator/2.1/psoc creator/import/gnu_cs/arm/4.4.1/bin/../lib/gcc/arm-none-eabi/4.4.1/thumb2\libgcc.a(_udivdi3.o)
 .ARM.attributes
                0x00000996       0x29 c:/program files/cypress/psoc creator/2.1/psoc creator/import/gnu_cs/arm/4.4.1/bin/../lib/gcc/arm-none-eabi/4.4.1/thumb2/crtend.o
 .ARM.attributes
                0x000009bf       0x19 c:/program files/cypress/psoc creator/2.1/psoc creator/import/gnu_cs/arm/4.4.1/bin/../lib/gcc/arm-none-eabi/4.4.1/thumb2/crtn.o
 .ARM.attributes
                0x000009d8       0x29 c:/program files/cypress/psoc creator/2.1/psoc creator/import/gnu_cs/arm/4.4.1/bin/../lib/gcc/arm-none-eabi/4.4.1/../../../../arm-none-eabi/lib/thumb2\libcs3.a(start_c.o)
 .ARM.attributes
                0x00000a01       0x29 c:/program files/cypress/psoc creator/2.1/psoc creator/import/gnu_cs/arm/4.4.1/bin/../lib/gcc/arm-none-eabi/4.4.1/../../../../arm-none-eabi/lib/thumb2\libcs3unhosted.a(unhosted-sbrk.o)
 .ARM.attributes
                0x00000a2a       0x19 c:/program files/cypress/psoc creator/2.1/psoc creator/import/gnu_cs/arm/4.4.1/bin/../lib/gcc/arm-none-eabi/4.4.1/../../../../arm-none-eabi/lib/thumb2\libcs3micro.a(micro-vector.o)
 .ARM.attributes
                0x00000a43       0x19 c:/program files/cypress/psoc creator/2.1/psoc creator/import/gnu_cs/arm/4.4.1/bin/../lib/gcc/arm-none-eabi/4.4.1/../../../../arm-none-eabi/lib/thumb2\libcs3micro.a(micro_isr_interrupt.o)
 .ARM.attributes
                0x00000a5c       0x29 c:/program files/cypress/psoc creator/2.1/psoc creator/import/gnu_cs/arm/4.4.1/bin/../lib/gcc/arm-none-eabi/4.4.1/../../../../arm-none-eabi/lib/thumb2\libc.a(lib_a-init.o)
 .ARM.attributes
                0x00000a85       0x29 c:/program files/cypress/psoc creator/2.1/psoc creator/import/gnu_cs/arm/4.4.1/bin/../lib/gcc/arm-none-eabi/4.4.1/../../../../arm-none-eabi/lib/thumb2\libcs3.a(heap.o)

/DISCARD/
 *(.note.GNU-stack)
OUTPUT(.\CortexM3\ARM_GCC_441\Debug\RS232.elf elf32-littlearm)
